[2026-07-31 08:18:04.055] [info] [sirius_context.cpp:225] QueryBegin: instance=0xc36148a50620 connection=1 query=132 SQL: select c.c_custkey, c.c_name, sum(l.l_extendedprice * (1 - l.l_discount)) as revenue, c.c_acctbal, n.n_name, c.c_address, c.c_phone, c.c_comment from customer c, orders o, lineitem l, nation n where c.c_custkey = o.o_custkey and l.l_orderkey = o.o_orderkey and o.o_orderdate >= date '1994-03-01' and o.o_orderdate < date '1994-06-01' and l.l_returnflag = 'R' and c.c_nationkey = n.n_nationkey group by c.c_custkey, c.c_name, c.c_acctbal, c.c_phone, n.n_name, c.c_address, c.c_comment order by revenue desc limit 20
[2026-07-31 08:18:04.068] [info] [sirius_plan_get.cpp:498] [sirius_plan_get] LogicalGet has dynamic_filters attached (channel key=0xc361557f3950).
[2026-07-31 08:18:04.068] [info] [sirius_plan_comparison_join.cpp:547] [sirius_plan_comparison_join] Not wiring dynamic filter(s): build side is unfiltered (build est 25 rows).
[2026-07-31 08:18:04.068] [info] [sirius_plan_get.cpp:498] [sirius_plan_get] LogicalGet has dynamic_filters attached (channel key=0xc3615545daa0).
[2026-07-31 08:18:04.068] [info] [sirius_plan_comparison_join.cpp:608] [sirius_plan_comparison_join] Wired hash join with 1 dynamic-filter probe target(s) (build est 1499999460 rows).
[2026-07-31 08:18:04.068] [info] [sirius_plan_comparison_join.cpp:608] [sirius_plan_comparison_join] Wired hash join with 1 dynamic-filter probe target(s) (build est 5999330220 rows).
[2026-07-31 08:18:04.068] [info] [sirius_context.cpp:1244] Transparent execution: Sirius physical plan generated successfully
[2026-07-31 08:18:04.068] [info] [sirius_context.cpp:1272] Transparent execution: physical plan replaced with GPU operator
[2026-07-31 08:18:04.068] [info] [physical_sirius_execution.cpp:155] Transparent GPU execution: executing query
[2026-07-31 08:18:04.069] [info] [sirius_context.cpp:416] [window] begin instance=0xc36148a50620 connection=1 window=68 query=132 outcome=-
[2026-07-31 08:18:04.069] [info] [sirius_context.cpp:152] [host_pool] HOST:0 QueryBegin instance=0xc36148a50620 connection=1 window=68 query=132 allocated=246155313152 bytes peak=305479548928 bytes free_blocks=884
[2026-07-31 08:18:04.069] [info] [sirius_context.cpp:167] [gpu_pool] GPU:0 QueryBegin instance=0xc36148a50620 connection=1 window=68 query=132 allocated=0 bytes peak=203848467648 bytes reserved=0 bytes
[2026-07-31 08:18:04.069] [info] [sirius_context.cpp:285] QueryBegin: transparent_execution
[2026-07-31 08:18:04.072] [info] [sirius_plan_get.cpp:498] [sirius_plan_get] LogicalGet has dynamic_filters attached (channel key=0xc361557f3950).
[2026-07-31 08:18:04.072] [info] [sirius_plan_comparison_join.cpp:547] [sirius_plan_comparison_join] Not wiring dynamic filter(s): build side is unfiltered (build est 25 rows).
[2026-07-31 08:18:04.072] [info] [sirius_plan_get.cpp:498] [sirius_plan_get] LogicalGet has dynamic_filters attached (channel key=0xc3615545daa0).
[2026-07-31 08:18:04.072] [info] [sirius_plan_comparison_join.cpp:608] [sirius_plan_comparison_join] Wired hash join with 1 dynamic-filter probe target(s) (build est 1499999460 rows).
[2026-07-31 08:18:04.072] [info] [sirius_plan_comparison_join.cpp:608] [sirius_plan_comparison_join] Wired hash join with 1 dynamic-filter probe target(s) (build est 5999330220 rows).
[2026-07-31 08:18:04.073] [info] [sirius_engine.cpp:265] Query Plan:
=== Pipeline Overview ===
Pipeline #0: GPU_SCAN (id=0)
  Output: -> PARTITION [port: default, barrier: FULL]
Pipeline #1: PARTITION (id=1)
  Input: <- Pipeline #0 [on: PARTITION (id=1), port: default, barrier: FULL]
  Dependencies: Pipeline #0
  Output: -> CONCAT [port: default, barrier: PARTIAL]
Pipeline #2: CONCAT (id=2)
  Input: <- Pipeline #1 [on: CONCAT (id=2), port: default, barrier: PARTIAL]
  Dependencies: Pipeline #1
  Output: -> HASH_JOIN [port: build, barrier: PARTIAL]
Pipeline #3: GPU_SCAN (id=3) -> DYNAMIC_FILTER (id=4)
  Output: -> PARTITION [port: default, barrier: PARTIAL]
Pipeline #4: PARTITION (id=5)
  Input: <- Pipeline #3 [on: PARTITION (id=5), port: default, barrier: PARTIAL]
  Dependencies: Pipeline #3
  Output: -> CONCAT [port: default, barrier: PARTIAL]
Pipeline #5: CONCAT (id=6)
  Input: <- Pipeline #4 [on: CONCAT (id=6), port: default, barrier: PARTIAL]
  Dependencies: Pipeline #4
  Output: -> HASH_JOIN [port: default, barrier: PARTIAL]
Pipeline #6: HASH_JOIN (id=7)
  Input: <- Pipeline #2 [on: HASH_JOIN (id=7), port: build, barrier: PARTIAL]
  Input: <- Pipeline #5 [on: HASH_JOIN (id=7), port: default, barrier: PARTIAL]
  Dependencies: Pipeline #2, Pipeline #5
  Output: -> PARTITION [port: default, barrier: FULL]
Pipeline #7: PARTITION (id=8)
  Input: <- Pipeline #6 [on: PARTITION (id=8), port: default, barrier: FULL]
  Dependencies: Pipeline #6
  Output: -> CONCAT [port: default, barrier: PARTIAL]
Pipeline #8: CONCAT (id=9)
  Input: <- Pipeline #7 [on: CONCAT (id=9), port: default, barrier: PARTIAL]
  Dependencies: Pipeline #7
  Output: -> HASH_JOIN [port: build, barrier: PARTIAL]
Pipeline #9: GPU_SCAN (id=10)
  Output: -> PARTITION [port: default, barrier: FULL]
Pipeline #10: PARTITION (id=11)
  Input: <- Pipeline #9 [on: PARTITION (id=11), port: default, barrier: FULL]
  Dependencies: Pipeline #9
  Output: -> CONCAT [port: default, barrier: PARTIAL]
Pipeline #11: CONCAT (id=12)
  Input: <- Pipeline #10 [on: CONCAT (id=12), port: default, barrier: PARTIAL]
  Dependencies: Pipeline #10
  Output: -> HASH_JOIN [port: build, barrier: PARTIAL]
Pipeline #12: GPU_SCAN (id=13) -> DYNAMIC_FILTER (id=14)
  Output: -> PARTITION [port: default, barrier: PARTIAL]
Pipeline #13: PARTITION (id=15)
  Input: <- Pipeline #12 [on: PARTITION (id=15), port: default, barrier: PARTIAL]
  Dependencies: Pipeline #12
  Output: -> CONCAT [port: default, barrier: PARTIAL]
Pipeline #14: CONCAT (id=16)
  Input: <- Pipeline #13 [on: CONCAT (id=16), port: default, barrier: PARTIAL]
  Dependencies: Pipeline #13
  Output: -> HASH_JOIN [port: default, barrier: PARTIAL]
Pipeline #15: HASH_JOIN (id=17)
  Input: <- Pipeline #11 [on: HASH_JOIN (id=17), port: build, barrier: PARTIAL]
  Input: <- Pipeline #14 [on: HASH_JOIN (id=17), port: default, barrier: PARTIAL]
  Dependencies: Pipeline #11, Pipeline #14
  Output: -> PARTITION [port: default, barrier: PARTIAL]
Pipeline #16: PARTITION (id=18)
  Input: <- Pipeline #15 [on: PARTITION (id=18), port: default, barrier: PARTIAL]
  Dependencies: Pipeline #15
  Output: -> CONCAT [port: default, barrier: PARTIAL]
Pipeline #17: CONCAT (id=19)
  Input: <- Pipeline #16 [on: CONCAT (id=19), port: default, barrier: PARTIAL]
  Dependencies: Pipeline #16
  Output: -> HASH_JOIN [port: default, barrier: PARTIAL]
Pipeline #18: HASH_JOIN (id=20) -> PROJECTION (id=21) -> HASH_GROUP_BY (id=22)
  Input: <- Pipeline #8 [on: HASH_JOIN (id=20), port: build, barrier: PARTIAL]
  Input: <- Pipeline #17 [on: HASH_JOIN (id=20), port: default, barrier: PARTIAL]
  Dependencies: Pipeline #8, Pipeline #17
  Output: -> PARTITION [port: default, barrier: FULL]
Pipeline #19: PARTITION (id=23)
  Input: <- Pipeline #18 [on: PARTITION (id=23), port: default, barrier: FULL]
  Dependencies: Pipeline #18
  Output: -> MERGE_GROUP_BY [port: default, barrier: FULL]
Pipeline #20: MERGE_GROUP_BY (id=24) -> PROJECTION (id=25) -> TOP_N (id=26)
  Input: <- Pipeline #19 [on: MERGE_GROUP_BY (id=24), port: default, barrier: FULL]
  Dependencies: Pipeline #19
  Output: -> MERGE_TOP_N [port: default, barrier: FULL]
Pipeline #21: MERGE_TOP_N (id=27) -> RESULT_COLLECTOR (id=28)
  Input: <- Pipeline #20 [on: MERGE_TOP_N (id=27), port: default, barrier: FULL]
  Dependencies: Pipeline #20

=== Query Plan DAG ===
┌──────────────────────────┐                                                                                    
│ Pipeline #21             │                                                                                    
│ RESULT_COLLECTOR (id=28) │                                                                                    
│ MERGE_TOP_N (id=27)      │                                                                                    
│ Input(#20): FULL         │                                                                                    
└────────────┬─────────────┘                                                                                    
             │                                                                                                  
┌──────────────────────────┐                                                                                    
│ Pipeline #20             │                                                                                    
│ TOP_N (id=26)            │                                                                                    
│ PROJECTION (id=25)       │                                                                                    
│ MERGE_GROUP_BY (id=24)   │                                                                                    
│ Input(#19): FULL         │                                                                                    
└────────────┬─────────────┘                                                                                    
             │                                                                                                  
┌──────────────────────────┐                                                                                    
│ Pipeline #19             │                                                                                    
│ PARTITION (id=23)        │                                                                                    
│ Input(#18): FULL         │                                                                                    
└────────────┬─────────────┘                                                                                    
             │                                                                                                  
┌──────────────────────────┐                                                                                    
│ Pipeline #18             │                                                                                    
│ HASH_GROUP_BY (id=22)    │                                                                                    
│ PROJECTION (id=21)       │                                                                                    
│ HASH_JOIN (id=20)        │                                                                                    
│   type: INNER            │                                                                                    
│ Input(#8): PARTIAL       │                                                                                    
│ Input(#17): PARTIAL      │                                                                                    
└────────────┬─────────────┘                                                                                    
             ┌───────────────────────────────────────────────────────┐                                          
             │                                                       │                                          
┌──────────────────────────┐                            ┌──────────────────────────┐                            
│ Pipeline #8              │                            │ Pipeline #17             │                            
│ CONCAT (id=9)            │                            │ CONCAT (id=19)           │                            
│ Input(#7): PARTIAL       │                            │ Input(#16): PARTIAL      │                            
└────────────┬─────────────┘                            └────────────┬─────────────┘                            
             │                                                       │                                          
┌──────────────────────────┐                            ┌──────────────────────────┐                            
│ Pipeline #7              │                            │ Pipeline #16             │                            
│ PARTITION (id=8)         │                            │ PARTITION (id=18)        │                            
│ Input(#6): FULL          │                            │ Input(#15): PARTIAL      │                            
└────────────┬─────────────┘                            └────────────┬─────────────┘                            
             │                                                       │                                          
┌──────────────────────────┐                            ┌──────────────────────────┐                            
│ Pipeline #6              │                            │ Pipeline #15             │                            
│ HASH_JOIN (id=7)         │                            │ HASH_JOIN (id=17)        │                            
│   type: INNER            │                            │   type: INNER            │                            
│ Input(#2): PARTIAL       │                            │ Input(#11): PARTIAL      │                            
│ Input(#5): PARTIAL       │                            │ Input(#14): PARTIAL      │                            
└────────────┬─────────────┘                            └────────────┬─────────────┘                            
             ┌───────────────────────────┐                           ┌───────────────────────────┐              
             │                           │                           │                           │              
┌──────────────────────────┐┌──────────────────────────┐┌──────────────────────────┐┌──────────────────────────┐
│ Pipeline #2              ││ Pipeline #5              ││ Pipeline #11             ││ Pipeline #14             │
│ CONCAT (id=2)            ││ CONCAT (id=6)            ││ CONCAT (id=12)           ││ CONCAT (id=16)           │
│ Input(#1): PARTIAL       ││ Input(#4): PARTIAL       ││ Input(#10): PARTIAL      ││ Input(#13): PARTIAL      │
└────────────┬─────────────┘└────────────┬─────────────┘└────────────┬─────────────┘└────────────┬─────────────┘
             │                           │                           │                           │              
┌──────────────────────────┐┌──────────────────────────┐┌──────────────────────────┐┌──────────────────────────┐
│ Pipeline #1              ││ Pipeline #4              ││ Pipeline #10             ││ Pipeline #13             │
│ PARTITION (id=1)         ││ PARTITION (id=5)         ││ PARTITION (id=11)        ││ PARTITION (id=15)        │
│ Input(#0): FULL          ││ Input(#3): PARTIAL       ││ Input(#9): FULL          ││ Input(#12): PARTIAL      │
└────────────┬─────────────┘└────────────┬─────────────┘└────────────┬─────────────┘└────────────┬─────────────┘
             │                           │                           │                           │              
┌──────────────────────────┐┌──────────────────────────┐┌──────────────────────────┐┌──────────────────────────┐
│ Pipeline #0              ││ Pipeline #3              ││ Pipeline #9              ││ Pipeline #12             │
│ GPU_SCAN (id=0)          ││ DYNAMIC_FILTER (id=4)    ││ GPU_SCAN (id=10)         ││ DYNAMIC_FILTER (id=14)   │
│                          ││ GPU_SCAN (id=3)          ││                          ││ GPU_SCAN (id=13)         │
└──────────────────────────┘└──────────────────────────┘└──────────────────────────┘└──────────────────────────┘

[2026-07-31 08:18:04.073] [info] [sirius_engine.cpp:148] query 68 telemetry_query=019fb7407aa97c51ab0be2c0c0563378
[2026-07-31 08:18:04.073] [info] [sirius_scan_manager.cpp:1494] [sirius_scan_manager] assigned pinned entry 'orders' to operator '0'
[2026-07-31 08:18:04.073] [info] [sirius_scan_manager.cpp:1494] [sirius_scan_manager] assigned pinned entry 'lineitem' to operator '3'
[2026-07-31 08:18:04.074] [info] [sirius_scan_manager.cpp:1494] [sirius_scan_manager] assigned pinned entry 'nation' to operator '10'
[2026-07-31 08:18:04.074] [info] [sirius_scan_manager.cpp:1494] [sirius_scan_manager] assigned pinned entry 'customer' to operator '13'
[2026-07-31 08:18:04.076] [info] [memory_prefetcher.cpp:52] [memory_prefetcher] started: 3 threads, 4 connectors, min_free_fraction=0.40
[2026-07-31 08:18:04.171] [info] [dynamic_filter_publisher.cpp:338] [sirius_physical_hash_join] Pushed 1 dynamic filter(s) across 1 active target(s) of 1 wired target(s) (57360614 build rows, 1 keys).
[2026-07-31 08:18:04.709] [info] [dynamic_filter_publisher.cpp:338] [sirius_physical_hash_join] Pushed 1 dynamic filter(s) across 1 active target(s) of 1 wired target(s) (114709814 build rows, 1 keys).
[2026-07-31 08:18:04.736] [warning] [sirius_physical_partition.cpp:304] slot_for_device: device_id 0 not found in active GPU list, falling back to slot 0
[2026-07-31 08:18:04.738] [warning] [sirius_physical_partition.cpp:304] slot_for_device: device_id 0 not found in active GPU list, falling back to slot 0
[2026-07-31 08:18:04.740] [warning] [sirius_physical_partition.cpp:304] slot_for_device: device_id 0 not found in active GPU list, falling back to slot 0
[2026-07-31 08:18:04.742] [warning] [sirius_physical_partition.cpp:304] slot_for_device: device_id 0 not found in active GPU list, falling back to slot 0
[2026-07-31 08:18:04.744] [warning] [sirius_physical_partition.cpp:304] slot_for_device: device_id 0 not found in active GPU list, falling back to slot 0
[2026-07-31 08:18:05.126] [info] [gpu_pipeline_executor.cpp:129] GPU Pipeline Executor: task queue interrupted, stopping manager loop
[2026-07-31 08:18:05.127] [info] [sirius_context.cpp:300] QueryEnd
[2026-07-31 08:18:05.130] [info] [memory_prefetcher.cpp:65] [memory_prefetcher] stopping: prefetched 12 batches / 54945595324 bytes (stops: headroom=0 reservation=0, skips: lock=0 draining=10)
[2026-07-31 08:18:05.131] [info] [sirius_context.cpp:152] [host_pool] HOST:0 QueryEnd instance=0xc36148a50620 connection=1 window=68 query=132 allocated=246155313152 bytes peak=305479548928 bytes free_blocks=884
[2026-07-31 08:18:05.131] [info] [sirius_context.cpp:167] [gpu_pool] GPU:0 QueryEnd instance=0xc36148a50620 connection=1 window=68 query=132 allocated=0 bytes peak=203848467648 bytes reserved=0 bytes
[2026-07-31 08:18:05.131] [info] [sirius_context.cpp:416] [window] end instance=0xc36148a50620 connection=1 window=68 query=132 outcome=ok
[2026-07-31 08:18:05.131] [info] [physical_sirius_execution.cpp:329] Transparent GPU execution: query completed
[2026-07-31 08:18:05.133] [info] [sirius_context.cpp:225] QueryBegin: instance=0xc36148a50620 connection=1 query=133 SQL: SET gpu_execution = true;
[2026-07-31 08:18:05.133] [info] [sirius_context.cpp:225] QueryBegin: instance=0xc36148a50620 connection=1 query=134 SQL: select c.c_custkey, c.c_name, sum(l.l_extendedprice * (1 - l.l_discount)) as revenue, c.c_acctbal, n.n_name, c.c_address, c.c_phone, c.c_comment from customer c, orders o, lineitem l, nation n where c.c_custkey = o.o_custkey and l.l_orderkey = o.o_orderkey and o.o_orderdate >= date '1994-03-01' and o.o_orderdate < date '1994-06-01' and l.l_returnflag = 'R' and c.c_nationkey = n.n_nationkey group by c.c_custkey, c.c_name, c.c_acctbal, c.c_phone, n.n_name, c.c_address, c.c_comment order by revenue desc limit 20
[2026-07-31 08:18:05.146] [info] [sirius_plan_get.cpp:498] [sirius_plan_get] LogicalGet has dynamic_filters attached (channel key=0xc361557b5110).
[2026-07-31 08:18:05.146] [info] [sirius_plan_comparison_join.cpp:547] [sirius_plan_comparison_join] Not wiring dynamic filter(s): build side is unfiltered (build est 25 rows).
[2026-07-31 08:18:05.146] [info] [sirius_plan_get.cpp:498] [sirius_plan_get] LogicalGet has dynamic_filters attached (channel key=0xc361552d6dd0).
[2026-07-31 08:18:05.146] [info] [sirius_plan_comparison_join.cpp:608] [sirius_plan_comparison_join] Wired hash join with 1 dynamic-filter probe target(s) (build est 1499999460 rows).
[2026-07-31 08:18:05.146] [info] [sirius_plan_comparison_join.cpp:608] [sirius_plan_comparison_join] Wired hash join with 1 dynamic-filter probe target(s) (build est 5999330220 rows).
[2026-07-31 08:18:05.147] [info] [sirius_context.cpp:1244] Transparent execution: Sirius physical plan generated successfully
[2026-07-31 08:18:05.147] [info] [sirius_context.cpp:1272] Transparent execution: physical plan replaced with GPU operator
[2026-07-31 08:18:05.147] [info] [physical_sirius_execution.cpp:155] Transparent GPU execution: executing query
[2026-07-31 08:18:05.147] [info] [sirius_context.cpp:416] [window] begin instance=0xc36148a50620 connection=1 window=69 query=134 outcome=-
[2026-07-31 08:18:05.147] [info] [sirius_context.cpp:152] [host_pool] HOST:0 QueryBegin instance=0xc36148a50620 connection=1 window=69 query=134 allocated=246155313152 bytes peak=305479548928 bytes free_blocks=884
[2026-07-31 08:18:05.147] [info] [sirius_context.cpp:167] [gpu_pool] GPU:0 QueryBegin instance=0xc36148a50620 connection=1 window=69 query=134 allocated=0 bytes peak=203848467648 bytes reserved=0 bytes
[2026-07-31 08:18:05.147] [info] [sirius_context.cpp:285] QueryBegin: transparent_execution
[2026-07-31 08:18:05.150] [info] [sirius_plan_get.cpp:498] [sirius_plan_get] LogicalGet has dynamic_filters attached (channel key=0xc361557b5110).
[2026-07-31 08:18:05.150] [info] [sirius_plan_comparison_join.cpp:547] [sirius_plan_comparison_join] Not wiring dynamic filter(s): build side is unfiltered (build est 25 rows).
[2026-07-31 08:18:05.151] [info] [sirius_plan_get.cpp:498] [sirius_plan_get] LogicalGet has dynamic_filters attached (channel key=0xc361552d6dd0).
[2026-07-31 08:18:05.151] [info] [sirius_plan_comparison_join.cpp:608] [sirius_plan_comparison_join] Wired hash join with 1 dynamic-filter probe target(s) (build est 1499999460 rows).
[2026-07-31 08:18:05.151] [info] [sirius_plan_comparison_join.cpp:608] [sirius_plan_comparison_join] Wired hash join with 1 dynamic-filter probe target(s) (build est 5999330220 rows).
[2026-07-31 08:18:05.151] [info] [sirius_engine.cpp:265] Query Plan:
=== Pipeline Overview ===
Pipeline #0: GPU_SCAN (id=0)
  Output: -> PARTITION [port: default, barrier: FULL]
Pipeline #1: PARTITION (id=1)
  Input: <- Pipeline #0 [on: PARTITION (id=1), port: default, barrier: FULL]
  Dependencies: Pipeline #0
  Output: -> CONCAT [port: default, barrier: PARTIAL]
Pipeline #2: CONCAT (id=2)
  Input: <- Pipeline #1 [on: CONCAT (id=2), port: default, barrier: PARTIAL]
  Dependencies: Pipeline #1
  Output: -> HASH_JOIN [port: build, barrier: PARTIAL]
Pipeline #3: GPU_SCAN (id=3) -> DYNAMIC_FILTER (id=4)
  Output: -> PARTITION [port: default, barrier: PARTIAL]
Pipeline #4: PARTITION (id=5)
  Input: <- Pipeline #3 [on: PARTITION (id=5), port: default, barrier: PARTIAL]
  Dependencies: Pipeline #3
  Output: -> CONCAT [port: default, barrier: PARTIAL]
Pipeline #5: CONCAT (id=6)
  Input: <- Pipeline #4 [on: CONCAT (id=6), port: default, barrier: PARTIAL]
  Dependencies: Pipeline #4
  Output: -> HASH_JOIN [port: default, barrier: PARTIAL]
Pipeline #6: HASH_JOIN (id=7)
  Input: <- Pipeline #2 [on: HASH_JOIN (id=7), port: build, barrier: PARTIAL]
  Input: <- Pipeline #5 [on: HASH_JOIN (id=7), port: default, barrier: PARTIAL]
  Dependencies: Pipeline #2, Pipeline #5
  Output: -> PARTITION [port: default, barrier: FULL]
Pipeline #7: PARTITION (id=8)
  Input: <- Pipeline #6 [on: PARTITION (id=8), port: default, barrier: FULL]
  Dependencies: Pipeline #6
  Output: -> CONCAT [port: default, barrier: PARTIAL]
Pipeline #8: CONCAT (id=9)
  Input: <- Pipeline #7 [on: CONCAT (id=9), port: default, barrier: PARTIAL]
  Dependencies: Pipeline #7
  Output: -> HASH_JOIN [port: build, barrier: PARTIAL]
Pipeline #9: GPU_SCAN (id=10)
  Output: -> PARTITION [port: default, barrier: FULL]
Pipeline #10: PARTITION (id=11)
  Input: <- Pipeline #9 [on: PARTITION (id=11), port: default, barrier: FULL]
  Dependencies: Pipeline #9
  Output: -> CONCAT [port: default, barrier: PARTIAL]
Pipeline #11: CONCAT (id=12)
  Input: <- Pipeline #10 [on: CONCAT (id=12), port: default, barrier: PARTIAL]
  Dependencies: Pipeline #10
  Output: -> HASH_JOIN [port: build, barrier: PARTIAL]
Pipeline #12: GPU_SCAN (id=13) -> DYNAMIC_FILTER (id=14)
  Output: -> PARTITION [port: default, barrier: PARTIAL]
Pipeline #13: PARTITION (id=15)
  Input: <- Pipeline #12 [on: PARTITION (id=15), port: default, barrier: PARTIAL]
  Dependencies: Pipeline #12
  Output: -> CONCAT [port: default, barrier: PARTIAL]
Pipeline #14: CONCAT (id=16)
  Input: <- Pipeline #13 [on: CONCAT (id=16), port: default, barrier: PARTIAL]
  Dependencies: Pipeline #13
  Output: -> HASH_JOIN [port: default, barrier: PARTIAL]
Pipeline #15: HASH_JOIN (id=17)
  Input: <- Pipeline #11 [on: HASH_JOIN (id=17), port: build, barrier: PARTIAL]
  Input: <- Pipeline #14 [on: HASH_JOIN (id=17), port: default, barrier: PARTIAL]
  Dependencies: Pipeline #11, Pipeline #14
  Output: -> PARTITION [port: default, barrier: PARTIAL]
Pipeline #16: PARTITION (id=18)
  Input: <- Pipeline #15 [on: PARTITION (id=18), port: default, barrier: PARTIAL]
  Dependencies: Pipeline #15
  Output: -> CONCAT [port: default, barrier: PARTIAL]
Pipeline #17: CONCAT (id=19)
  Input: <- Pipeline #16 [on: CONCAT (id=19), port: default, barrier: PARTIAL]
  Dependencies: Pipeline #16
  Output: -> HASH_JOIN [port: default, barrier: PARTIAL]
Pipeline #18: HASH_JOIN (id=20) -> PROJECTION (id=21) -> HASH_GROUP_BY (id=22)
  Input: <- Pipeline #8 [on: HASH_JOIN (id=20), port: build, barrier: PARTIAL]
  Input: <- Pipeline #17 [on: HASH_JOIN (id=20), port: default, barrier: PARTIAL]
  Dependencies: Pipeline #8, Pipeline #17
  Output: -> PARTITION [port: default, barrier: FULL]
Pipeline #19: PARTITION (id=23)
  Input: <- Pipeline #18 [on: PARTITION (id=23), port: default, barrier: FULL]
  Dependencies: Pipeline #18
  Output: -> MERGE_GROUP_BY [port: default, barrier: FULL]
Pipeline #20: MERGE_GROUP_BY (id=24) -> PROJECTION (id=25) -> TOP_N (id=26)
  Input: <- Pipeline #19 [on: MERGE_GROUP_BY (id=24), port: default, barrier: FULL]
  Dependencies: Pipeline #19
  Output: -> MERGE_TOP_N [port: default, barrier: FULL]
Pipeline #21: MERGE_TOP_N (id=27) -> RESULT_COLLECTOR (id=28)
  Input: <- Pipeline #20 [on: MERGE_TOP_N (id=27), port: default, barrier: FULL]
  Dependencies: Pipeline #20

=== Query Plan DAG ===
┌──────────────────────────┐                                                                                    
│ Pipeline #21             │                                                                                    
│ RESULT_COLLECTOR (id=28) │                                                                                    
│ MERGE_TOP_N (id=27)      │                                                                                    
│ Input(#20): FULL         │                                                                                    
└────────────┬─────────────┘                                                                                    
             │                                                                                                  
┌──────────────────────────┐                                                                                    
│ Pipeline #20             │                                                                                    
│ TOP_N (id=26)            │                                                                                    
│ PROJECTION (id=25)       │                                                                                    
│ MERGE_GROUP_BY (id=24)   │                                                                                    
│ Input(#19): FULL         │                                                                                    
└────────────┬─────────────┘                                                                                    
             │                                                                                                  
┌──────────────────────────┐                                                                                    
│ Pipeline #19             │                                                                                    
│ PARTITION (id=23)        │                                                                                    
│ Input(#18): FULL         │                                                                                    
└────────────┬─────────────┘                                                                                    
             │                                                                                                  
┌──────────────────────────┐                                                                                    
│ Pipeline #18             │                                                                                    
│ HASH_GROUP_BY (id=22)    │                                                                                    
│ PROJECTION (id=21)       │                                                                                    
│ HASH_JOIN (id=20)        │                                                                                    
│   type: INNER            │                                                                                    
│ Input(#8): PARTIAL       │                                                                                    
│ Input(#17): PARTIAL      │                                                                                    
└────────────┬─────────────┘                                                                                    
             ┌───────────────────────────────────────────────────────┐                                          
             │                                                       │                                          
┌──────────────────────────┐                            ┌──────────────────────────┐                            
│ Pipeline #8              │                            │ Pipeline #17             │                            
│ CONCAT (id=9)            │                            │ CONCAT (id=19)           │                            
│ Input(#7): PARTIAL       │                            │ Input(#16): PARTIAL      │                            
└────────────┬─────────────┘                            └────────────┬─────────────┘                            
             │                                                       │                                          
┌──────────────────────────┐                            ┌──────────────────────────┐                            
│ Pipeline #7              │                            │ Pipeline #16             │                            
│ PARTITION (id=8)         │                            │ PARTITION (id=18)        │                            
│ Input(#6): FULL          │                            │ Input(#15): PARTIAL      │                            
└────────────┬─────────────┘                            └────────────┬─────────────┘                            
             │                                                       │                                          
┌──────────────────────────┐                            ┌──────────────────────────┐                            
│ Pipeline #6              │                            │ Pipeline #15             │                            
│ HASH_JOIN (id=7)         │                            │ HASH_JOIN (id=17)        │                            
│   type: INNER            │                            │   type: INNER            │                            
│ Input(#2): PARTIAL       │                            │ Input(#11): PARTIAL      │                            
│ Input(#5): PARTIAL       │                            │ Input(#14): PARTIAL      │                            
└────────────┬─────────────┘                            └────────────┬─────────────┘                            
             ┌───────────────────────────┐                           ┌───────────────────────────┐              
             │                           │                           │                           │              
┌──────────────────────────┐┌──────────────────────────┐┌──────────────────────────┐┌──────────────────────────┐
│ Pipeline #2              ││ Pipeline #5              ││ Pipeline #11             ││ Pipeline #14             │
│ CONCAT (id=2)            ││ CONCAT (id=6)            ││ CONCAT (id=12)           ││ CONCAT (id=16)           │
│ Input(#1): PARTIAL       ││ Input(#4): PARTIAL       ││ Input(#10): PARTIAL      ││ Input(#13): PARTIAL      │
└────────────┬─────────────┘└────────────┬─────────────┘└────────────┬─────────────┘└────────────┬─────────────┘
             │                           │                           │                           │              
┌──────────────────────────┐┌──────────────────────────┐┌──────────────────────────┐┌──────────────────────────┐
│ Pipeline #1              ││ Pipeline #4              ││ Pipeline #10             ││ Pipeline #13             │
│ PARTITION (id=1)         ││ PARTITION (id=5)         ││ PARTITION (id=11)        ││ PARTITION (id=15)        │
│ Input(#0): FULL          ││ Input(#3): PARTIAL       ││ Input(#9): FULL          ││ Input(#12): PARTIAL      │
└────────────┬─────────────┘└────────────┬─────────────┘└────────────┬─────────────┘└────────────┬─────────────┘
             │                           │                           │                           │              
┌──────────────────────────┐┌──────────────────────────┐┌──────────────────────────┐┌──────────────────────────┐
│ Pipeline #0              ││ Pipeline #3              ││ Pipeline #9              ││ Pipeline #12             │
│ GPU_SCAN (id=0)          ││ DYNAMIC_FILTER (id=4)    ││ GPU_SCAN (id=10)         ││ DYNAMIC_FILTER (id=14)   │
│                          ││ GPU_SCAN (id=3)          ││                          ││ GPU_SCAN (id=13)         │
└──────────────────────────┘└──────────────────────────┘└──────────────────────────┘└──────────────────────────┘

[2026-07-31 08:18:05.151] [info] [sirius_engine.cpp:148] query 69 telemetry_query=019fb7407edf7140a9955170a49de2c5
[2026-07-31 08:18:05.151] [info] [sirius_scan_manager.cpp:1494] [sirius_scan_manager] assigned pinned entry 'orders' to operator '0'
[2026-07-31 08:18:05.152] [info] [sirius_scan_manager.cpp:1494] [sirius_scan_manager] assigned pinned entry 'lineitem' to operator '3'
[2026-07-31 08:18:05.152] [info] [sirius_scan_manager.cpp:1494] [sirius_scan_manager] assigned pinned entry 'nation' to operator '10'
[2026-07-31 08:18:05.152] [info] [sirius_scan_manager.cpp:1494] [sirius_scan_manager] assigned pinned entry 'customer' to operator '13'
[2026-07-31 08:18:05.152] [info] [memory_prefetcher.cpp:52] [memory_prefetcher] started: 3 threads, 4 connectors, min_free_fraction=0.40
[2026-07-31 08:18:05.248] [info] [dynamic_filter_publisher.cpp:338] [sirius_physical_hash_join] Pushed 1 dynamic filter(s) across 1 active target(s) of 1 wired target(s) (57360614 build rows, 1 keys).
[2026-07-31 08:18:05.770] [info] [dynamic_filter_publisher.cpp:338] [sirius_physical_hash_join] Pushed 1 dynamic filter(s) across 1 active target(s) of 1 wired target(s) (114709814 build rows, 1 keys).
[2026-07-31 08:18:05.797] [warning] [sirius_physical_partition.cpp:304] slot_for_device: device_id 0 not found in active GPU list, falling back to slot 0
[2026-07-31 08:18:05.799] [warning] [sirius_physical_partition.cpp:304] slot_for_device: device_id 0 not found in active GPU list, falling back to slot 0
[2026-07-31 08:18:05.801] [warning] [sirius_physical_partition.cpp:304] slot_for_device: device_id 0 not found in active GPU list, falling back to slot 0
[2026-07-31 08:18:05.802] [warning] [sirius_physical_partition.cpp:304] slot_for_device: device_id 0 not found in active GPU list, falling back to slot 0
[2026-07-31 08:18:05.805] [warning] [sirius_physical_partition.cpp:304] slot_for_device: device_id 0 not found in active GPU list, falling back to slot 0
[2026-07-31 08:18:06.173] [info] [gpu_pipeline_executor.cpp:129] GPU Pipeline Executor: task queue interrupted, stopping manager loop
[2026-07-31 08:18:06.174] [info] [sirius_context.cpp:300] QueryEnd
[2026-07-31 08:18:06.187] [info] [memory_prefetcher.cpp:65] [memory_prefetcher] stopping: prefetched 12 batches / 54954028521 bytes (stops: headroom=0 reservation=0, skips: lock=0 draining=6)
[2026-07-31 08:18:06.187] [info] [sirius_context.cpp:152] [host_pool] HOST:0 QueryEnd instance=0xc36148a50620 connection=1 window=69 query=134 allocated=246155313152 bytes peak=305479548928 bytes free_blocks=884
[2026-07-31 08:18:06.187] [info] [sirius_context.cpp:167] [gpu_pool] GPU:0 QueryEnd instance=0xc36148a50620 connection=1 window=69 query=134 allocated=0 bytes peak=203848467648 bytes reserved=0 bytes
[2026-07-31 08:18:06.187] [info] [sirius_context.cpp:416] [window] end instance=0xc36148a50620 connection=1 window=69 query=134 outcome=ok
[2026-07-31 08:18:06.187] [info] [physical_sirius_execution.cpp:329] Transparent GPU execution: query completed
[2026-07-31 08:18:06.206] [info] [sirius_context.cpp:225] QueryBegin: instance=0xc36148a50620 connection=1 query=135 SQL: SET gpu_execution = true;
[2026-07-31 08:18:06.206] [info] [sirius_context.cpp:225] QueryBegin: instance=0xc36148a50620 connection=1 query=136 SQL: select c.c_custkey, c.c_name, sum(l.l_extendedprice * (1 - l.l_discount)) as revenue, c.c_acctbal, n.n_name, c.c_address, c.c_phone, c.c_comment from customer c, orders o, lineitem l, nation n where c.c_custkey = o.o_custkey and l.l_orderkey = o.o_orderkey and o.o_orderdate >= date '1994-03-01' and o.o_orderdate < date '1994-06-01' and l.l_returnflag = 'R' and c.c_nationkey = n.n_nationkey group by c.c_custkey, c.c_name, c.c_acctbal, c.c_phone, n.n_name, c.c_address, c.c_comment order by revenue desc limit 20
[2026-07-31 08:18:06.219] [info] [sirius_plan_get.cpp:498] [sirius_plan_get] LogicalGet has dynamic_filters attached (channel key=0xc3615527d6d0).
[2026-07-31 08:18:06.219] [info] [sirius_plan_comparison_join.cpp:547] [sirius_plan_comparison_join] Not wiring dynamic filter(s): build side is unfiltered (build est 25 rows).
[2026-07-31 08:18:06.219] [info] [sirius_plan_get.cpp:498] [sirius_plan_get] LogicalGet has dynamic_filters attached (channel key=0xc3615527d750).
[2026-07-31 08:18:06.219] [info] [sirius_plan_comparison_join.cpp:608] [sirius_plan_comparison_join] Wired hash join with 1 dynamic-filter probe target(s) (build est 1499999460 rows).
[2026-07-31 08:18:06.219] [info] [sirius_plan_comparison_join.cpp:608] [sirius_plan_comparison_join] Wired hash join with 1 dynamic-filter probe target(s) (build est 5999330220 rows).
[2026-07-31 08:18:06.220] [info] [sirius_context.cpp:1244] Transparent execution: Sirius physical plan generated successfully
[2026-07-31 08:18:06.220] [info] [sirius_context.cpp:1272] Transparent execution: physical plan replaced with GPU operator
[2026-07-31 08:18:06.220] [info] [physical_sirius_execution.cpp:155] Transparent GPU execution: executing query
[2026-07-31 08:18:06.220] [info] [sirius_context.cpp:416] [window] begin instance=0xc36148a50620 connection=1 window=70 query=136 outcome=-
[2026-07-31 08:18:06.220] [info] [sirius_context.cpp:152] [host_pool] HOST:0 QueryBegin instance=0xc36148a50620 connection=1 window=70 query=136 allocated=246155313152 bytes peak=305479548928 bytes free_blocks=884
[2026-07-31 08:18:06.220] [info] [sirius_context.cpp:167] [gpu_pool] GPU:0 QueryBegin instance=0xc36148a50620 connection=1 window=70 query=136 allocated=0 bytes peak=203848467648 bytes reserved=0 bytes
[2026-07-31 08:18:06.220] [info] [sirius_context.cpp:285] QueryBegin: transparent_execution
[2026-07-31 08:18:06.223] [info] [sirius_plan_get.cpp:498] [sirius_plan_get] LogicalGet has dynamic_filters attached (channel key=0xc3615527d6d0).
[2026-07-31 08:18:06.223] [info] [sirius_plan_comparison_join.cpp:547] [sirius_plan_comparison_join] Not wiring dynamic filter(s): build side is unfiltered (build est 25 rows).
[2026-07-31 08:18:06.223] [info] [sirius_plan_get.cpp:498] [sirius_plan_get] LogicalGet has dynamic_filters attached (channel key=0xc3615527d750).
[2026-07-31 08:18:06.223] [info] [sirius_plan_comparison_join.cpp:608] [sirius_plan_comparison_join] Wired hash join with 1 dynamic-filter probe target(s) (build est 1499999460 rows).
[2026-07-31 08:18:06.223] [info] [sirius_plan_comparison_join.cpp:608] [sirius_plan_comparison_join] Wired hash join with 1 dynamic-filter probe target(s) (build est 5999330220 rows).
[2026-07-31 08:18:06.224] [info] [sirius_engine.cpp:265] Query Plan:
=== Pipeline Overview ===
Pipeline #0: GPU_SCAN (id=0)
  Output: -> PARTITION [port: default, barrier: FULL]
Pipeline #1: PARTITION (id=1)
  Input: <- Pipeline #0 [on: PARTITION (id=1), port: default, barrier: FULL]
  Dependencies: Pipeline #0
  Output: -> CONCAT [port: default, barrier: PARTIAL]
Pipeline #2: CONCAT (id=2)
  Input: <- Pipeline #1 [on: CONCAT (id=2), port: default, barrier: PARTIAL]
  Dependencies: Pipeline #1
  Output: -> HASH_JOIN [port: build, barrier: PARTIAL]
Pipeline #3: GPU_SCAN (id=3) -> DYNAMIC_FILTER (id=4)
  Output: -> PARTITION [port: default, barrier: PARTIAL]
Pipeline #4: PARTITION (id=5)
  Input: <- Pipeline #3 [on: PARTITION (id=5), port: default, barrier: PARTIAL]
  Dependencies: Pipeline #3
  Output: -> CONCAT [port: default, barrier: PARTIAL]
Pipeline #5: CONCAT (id=6)
  Input: <- Pipeline #4 [on: CONCAT (id=6), port: default, barrier: PARTIAL]
  Dependencies: Pipeline #4
  Output: -> HASH_JOIN [port: default, barrier: PARTIAL]
Pipeline #6: HASH_JOIN (id=7)
  Input: <- Pipeline #2 [on: HASH_JOIN (id=7), port: build, barrier: PARTIAL]
  Input: <- Pipeline #5 [on: HASH_JOIN (id=7), port: default, barrier: PARTIAL]
  Dependencies: Pipeline #2, Pipeline #5
  Output: -> PARTITION [port: default, barrier: FULL]
Pipeline #7: PARTITION (id=8)
  Input: <- Pipeline #6 [on: PARTITION (id=8), port: default, barrier: FULL]
  Dependencies: Pipeline #6
  Output: -> CONCAT [port: default, barrier: PARTIAL]
Pipeline #8: CONCAT (id=9)
  Input: <- Pipeline #7 [on: CONCAT (id=9), port: default, barrier: PARTIAL]
  Dependencies: Pipeline #7
  Output: -> HASH_JOIN [port: build, barrier: PARTIAL]
Pipeline #9: GPU_SCAN (id=10)
  Output: -> PARTITION [port: default, barrier: FULL]
Pipeline #10: PARTITION (id=11)
  Input: <- Pipeline #9 [on: PARTITION (id=11), port: default, barrier: FULL]
  Dependencies: Pipeline #9
  Output: -> CONCAT [port: default, barrier: PARTIAL]
Pipeline #11: CONCAT (id=12)
  Input: <- Pipeline #10 [on: CONCAT (id=12), port: default, barrier: PARTIAL]
  Dependencies: Pipeline #10
  Output: -> HASH_JOIN [port: build, barrier: PARTIAL]
Pipeline #12: GPU_SCAN (id=13) -> DYNAMIC_FILTER (id=14)
  Output: -> PARTITION [port: default, barrier: PARTIAL]
Pipeline #13: PARTITION (id=15)
  Input: <- Pipeline #12 [on: PARTITION (id=15), port: default, barrier: PARTIAL]
  Dependencies: Pipeline #12
  Output: -> CONCAT [port: default, barrier: PARTIAL]
Pipeline #14: CONCAT (id=16)
  Input: <- Pipeline #13 [on: CONCAT (id=16), port: default, barrier: PARTIAL]
  Dependencies: Pipeline #13
  Output: -> HASH_JOIN [port: default, barrier: PARTIAL]
Pipeline #15: HASH_JOIN (id=17)
  Input: <- Pipeline #11 [on: HASH_JOIN (id=17), port: build, barrier: PARTIAL]
  Input: <- Pipeline #14 [on: HASH_JOIN (id=17), port: default, barrier: PARTIAL]
  Dependencies: Pipeline #11, Pipeline #14
  Output: -> PARTITION [port: default, barrier: PARTIAL]
Pipeline #16: PARTITION (id=18)
  Input: <- Pipeline #15 [on: PARTITION (id=18), port: default, barrier: PARTIAL]
  Dependencies: Pipeline #15
  Output: -> CONCAT [port: default, barrier: PARTIAL]
Pipeline #17: CONCAT (id=19)
  Input: <- Pipeline #16 [on: CONCAT (id=19), port: default, barrier: PARTIAL]
  Dependencies: Pipeline #16
  Output: -> HASH_JOIN [port: default, barrier: PARTIAL]
Pipeline #18: HASH_JOIN (id=20) -> PROJECTION (id=21) -> HASH_GROUP_BY (id=22)
  Input: <- Pipeline #8 [on: HASH_JOIN (id=20), port: build, barrier: PARTIAL]
  Input: <- Pipeline #17 [on: HASH_JOIN (id=20), port: default, barrier: PARTIAL]
  Dependencies: Pipeline #8, Pipeline #17
  Output: -> PARTITION [port: default, barrier: FULL]
Pipeline #19: PARTITION (id=23)
  Input: <- Pipeline #18 [on: PARTITION (id=23), port: default, barrier: FULL]
  Dependencies: Pipeline #18
  Output: -> MERGE_GROUP_BY [port: default, barrier: FULL]
Pipeline #20: MERGE_GROUP_BY (id=24) -> PROJECTION (id=25) -> TOP_N (id=26)
  Input: <- Pipeline #19 [on: MERGE_GROUP_BY (id=24), port: default, barrier: FULL]
  Dependencies: Pipeline #19
  Output: -> MERGE_TOP_N [port: default, barrier: FULL]
Pipeline #21: MERGE_TOP_N (id=27) -> RESULT_COLLECTOR (id=28)
  Input: <- Pipeline #20 [on: MERGE_TOP_N (id=27), port: default, barrier: FULL]
  Dependencies: Pipeline #20

=== Query Plan DAG ===
┌──────────────────────────┐                                                                                    
│ Pipeline #21             │                                                                                    
│ RESULT_COLLECTOR (id=28) │                                                                                    
│ MERGE_TOP_N (id=27)      │                                                                                    
│ Input(#20): FULL         │                                                                                    
└────────────┬─────────────┘                                                                                    
             │                                                                                                  
┌──────────────────────────┐                                                                                    
│ Pipeline #20             │                                                                                    
│ TOP_N (id=26)            │                                                                                    
│ PROJECTION (id=25)       │                                                                                    
│ MERGE_GROUP_BY (id=24)   │                                                                                    
│ Input(#19): FULL         │                                                                                    
└────────────┬─────────────┘                                                                                    
             │                                                                                                  
┌──────────────────────────┐                                                                                    
│ Pipeline #19             │                                                                                    
│ PARTITION (id=23)        │                                                                                    
│ Input(#18): FULL         │                                                                                    
└────────────┬─────────────┘                                                                                    
             │                                                                                                  
┌──────────────────────────┐                                                                                    
│ Pipeline #18             │                                                                                    
│ HASH_GROUP_BY (id=22)    │                                                                                    
│ PROJECTION (id=21)       │                                                                                    
│ HASH_JOIN (id=20)        │                                                                                    
│   type: INNER            │                                                                                    
│ Input(#8): PARTIAL       │                                                                                    
│ Input(#17): PARTIAL      │                                                                                    
└────────────┬─────────────┘                                                                                    
             ┌───────────────────────────────────────────────────────┐                                          
             │                                                       │                                          
┌──────────────────────────┐                            ┌──────────────────────────┐                            
│ Pipeline #8              │                            │ Pipeline #17             │                            
│ CONCAT (id=9)            │                            │ CONCAT (id=19)           │                            
│ Input(#7): PARTIAL       │                            │ Input(#16): PARTIAL      │                            
└────────────┬─────────────┘                            └────────────┬─────────────┘                            
             │                                                       │                                          
┌──────────────────────────┐                            ┌──────────────────────────┐                            
│ Pipeline #7              │                            │ Pipeline #16             │                            
│ PARTITION (id=8)         │                            │ PARTITION (id=18)        │                            
│ Input(#6): FULL          │                            │ Input(#15): PARTIAL      │                            
└────────────┬─────────────┘                            └────────────┬─────────────┘                            
             │                                                       │                                          
┌──────────────────────────┐                            ┌──────────────────────────┐                            
│ Pipeline #6              │                            │ Pipeline #15             │                            
│ HASH_JOIN (id=7)         │                            │ HASH_JOIN (id=17)        │                            
│   type: INNER            │                            │   type: INNER            │                            
│ Input(#2): PARTIAL       │                            │ Input(#11): PARTIAL      │                            
│ Input(#5): PARTIAL       │                            │ Input(#14): PARTIAL      │                            
└────────────┬─────────────┘                            └────────────┬─────────────┘                            
             ┌───────────────────────────┐                           ┌───────────────────────────┐              
             │                           │                           │                           │              
┌──────────────────────────┐┌──────────────────────────┐┌──────────────────────────┐┌──────────────────────────┐
│ Pipeline #2              ││ Pipeline #5              ││ Pipeline #11             ││ Pipeline #14             │
│ CONCAT (id=2)            ││ CONCAT (id=6)            ││ CONCAT (id=12)           ││ CONCAT (id=16)           │
│ Input(#1): PARTIAL       ││ Input(#4): PARTIAL       ││ Input(#10): PARTIAL      ││ Input(#13): PARTIAL      │
└────────────┬─────────────┘└────────────┬─────────────┘└────────────┬─────────────┘└────────────┬─────────────┘
             │                           │                           │                           │              
┌──────────────────────────┐┌──────────────────────────┐┌──────────────────────────┐┌──────────────────────────┐
│ Pipeline #1              ││ Pipeline #4              ││ Pipeline #10             ││ Pipeline #13             │
│ PARTITION (id=1)         ││ PARTITION (id=5)         ││ PARTITION (id=11)        ││ PARTITION (id=15)        │
│ Input(#0): FULL          ││ Input(#3): PARTIAL       ││ Input(#9): FULL          ││ Input(#12): PARTIAL      │
└────────────┬─────────────┘└────────────┬─────────────┘└────────────┬─────────────┘└────────────┬─────────────┘
             │                           │                           │                           │              
┌──────────────────────────┐┌──────────────────────────┐┌──────────────────────────┐┌──────────────────────────┐
│ Pipeline #0              ││ Pipeline #3              ││ Pipeline #9              ││ Pipeline #12             │
│ GPU_SCAN (id=0)          ││ DYNAMIC_FILTER (id=4)    ││ GPU_SCAN (id=10)         ││ DYNAMIC_FILTER (id=14)   │
│                          ││ GPU_SCAN (id=3)          ││                          ││ GPU_SCAN (id=13)         │
└──────────────────────────┘└──────────────────────────┘└──────────────────────────┘└──────────────────────────┘

[2026-07-31 08:18:06.224] [info] [sirius_engine.cpp:148] query 70 telemetry_query=019fb74083107b528bb015dbe4759400
[2026-07-31 08:18:06.224] [info] [sirius_scan_manager.cpp:1494] [sirius_scan_manager] assigned pinned entry 'orders' to operator '0'
[2026-07-31 08:18:06.225] [info] [sirius_scan_manager.cpp:1494] [sirius_scan_manager] assigned pinned entry 'lineitem' to operator '3'
[2026-07-31 08:18:06.225] [info] [sirius_scan_manager.cpp:1494] [sirius_scan_manager] assigned pinned entry 'nation' to operator '10'
[2026-07-31 08:18:06.225] [info] [sirius_scan_manager.cpp:1494] [sirius_scan_manager] assigned pinned entry 'customer' to operator '13'
[2026-07-31 08:18:06.225] [info] [memory_prefetcher.cpp:52] [memory_prefetcher] started: 3 threads, 4 connectors, min_free_fraction=0.40
[2026-07-31 08:18:06.320] [info] [dynamic_filter_publisher.cpp:338] [sirius_physical_hash_join] Pushed 1 dynamic filter(s) across 1 active target(s) of 1 wired target(s) (57360614 build rows, 1 keys).
[2026-07-31 08:18:06.843] [info] [dynamic_filter_publisher.cpp:338] [sirius_physical_hash_join] Pushed 1 dynamic filter(s) across 1 active target(s) of 1 wired target(s) (114709814 build rows, 1 keys).
[2026-07-31 08:18:06.870] [warning] [sirius_physical_partition.cpp:304] slot_for_device: device_id 0 not found in active GPU list, falling back to slot 0
[2026-07-31 08:18:06.872] [warning] [sirius_physical_partition.cpp:304] slot_for_device: device_id 0 not found in active GPU list, falling back to slot 0
[2026-07-31 08:18:06.874] [warning] [sirius_physical_partition.cpp:304] slot_for_device: device_id 0 not found in active GPU list, falling back to slot 0
[2026-07-31 08:18:06.876] [warning] [sirius_physical_partition.cpp:304] slot_for_device: device_id 0 not found in active GPU list, falling back to slot 0
[2026-07-31 08:18:06.877] [warning] [sirius_physical_partition.cpp:304] slot_for_device: device_id 0 not found in active GPU list, falling back to slot 0
[2026-07-31 08:18:07.246] [info] [gpu_pipeline_executor.cpp:129] GPU Pipeline Executor: task queue interrupted, stopping manager loop
[2026-07-31 08:18:07.246] [info] [sirius_context.cpp:300] QueryEnd
[2026-07-31 08:18:07.254] [info] [memory_prefetcher.cpp:65] [memory_prefetcher] stopping: prefetched 12 batches / 54954028521 bytes (stops: headroom=0 reservation=0, skips: lock=0 draining=7)
[2026-07-31 08:18:07.254] [info] [sirius_context.cpp:152] [host_pool] HOST:0 QueryEnd instance=0xc36148a50620 connection=1 window=70 query=136 allocated=246155313152 bytes peak=305479548928 bytes free_blocks=884
[2026-07-31 08:18:07.254] [info] [sirius_context.cpp:167] [gpu_pool] GPU:0 QueryEnd instance=0xc36148a50620 connection=1 window=70 query=136 allocated=0 bytes peak=203848467648 bytes reserved=0 bytes
[2026-07-31 08:18:07.254] [info] [sirius_context.cpp:416] [window] end instance=0xc36148a50620 connection=1 window=70 query=136 outcome=ok
[2026-07-31 08:18:07.254] [info] [physical_sirius_execution.cpp:329] Transparent GPU execution: query completed
[2026-07-31 08:18:07.270] [info] [sirius_context.cpp:225] QueryBegin: instance=0xc36148a50620 connection=1 query=137 SQL: CALL unpin_table('customer')
[2026-07-31 08:18:07.270] [info] [sirius_context.cpp:225] QueryBegin: instance=0xc36148a50620 connection=1 query=138 SQL: CALL unpin_table('orders')
[2026-07-31 08:18:07.271] [info] [sirius_context.cpp:225] QueryBegin: instance=0xc36148a50620 connection=1 query=139 SQL: CALL unpin_table('lineitem')
[2026-07-31 08:18:07.271] [info] [sirius_context.cpp:225] QueryBegin: instance=0xc36148a50620 connection=1 query=140 SQL: CALL unpin_table('nation')
[2026-07-31 08:18:07.272] [info] [sirius_context.cpp:225] QueryBegin: instance=0xc36148a50620 connection=1 query=141 SQL: CALL pin_table('/home/nvidia/tpch_parquet_sf1000/partsupp/*.parquet', tier='host', name='partsupp', cols=['ps_partkey','ps_suppkey','ps_supplycost','ps_availqty'])
[2026-07-31 08:18:07.272] [info] [sirius_context.cpp:416] [window] begin instance=0xc36148a50620 connection=1 window=71 query=141 outcome=-
[2026-07-31 08:18:07.272] [info] [sirius_context.cpp:152] [host_pool] HOST:0 QueryBegin instance=0xc36148a50620 connection=1 window=71 query=141 allocated=17515413504 bytes peak=305479548928 bytes free_blocks=4291
[2026-07-31 08:18:07.272] [info] [sirius_context.cpp:167] [gpu_pool] GPU:0 QueryBegin instance=0xc36148a50620 connection=1 window=71 query=141 allocated=0 bytes peak=203848467648 bytes reserved=0 bytes
[2026-07-31 08:18:07.272] [info] [sirius_context.cpp:285] QueryBegin: pin_table
[2026-07-31 08:18:07.680] [info] [sirius_context.cpp:300] QueryEnd
[2026-07-31 08:18:07.686] [info] [sirius_context.cpp:152] [host_pool] HOST:0 QueryEnd instance=0xc36148a50620 connection=1 window=71 query=141 allocated=34091302912 bytes peak=305479548928 bytes free_blocks=4044
[2026-07-31 08:18:07.686] [info] [sirius_context.cpp:167] [gpu_pool] GPU:0 QueryEnd instance=0xc36148a50620 connection=1 window=71 query=141 allocated=0 bytes peak=203848467648 bytes reserved=0 bytes
[2026-07-31 08:18:07.686] [info] [sirius_context.cpp:416] [window] end instance=0xc36148a50620 connection=1 window=71 query=141 outcome=ok
[2026-07-31 08:18:07.687] [info] [sirius_context.cpp:225] QueryBegin: instance=0xc36148a50620 connection=1 query=142 SQL: CALL pin_table('/home/nvidia/tpch_parquet_sf1000/supplier/*.parquet', tier='host', name='supplier', cols=['s_suppkey','s_nationkey'])
[2026-07-31 08:18:07.687] [info] [sirius_context.cpp:416] [window] begin instance=0xc36148a50620 connection=1 window=72 query=142 outcome=-
[2026-07-31 08:18:07.687] [info] [sirius_context.cpp:152] [host_pool] HOST:0 QueryBegin instance=0xc36148a50620 connection=1 window=72 query=142 allocated=34091302912 bytes peak=305479548928 bytes free_blocks=4044
[2026-07-31 08:18:07.687] [info] [sirius_context.cpp:167] [gpu_pool] GPU:0 QueryBegin instance=0xc36148a50620 connection=1 window=72 query=142 allocated=0 bytes peak=203848467648 bytes reserved=0 bytes
[2026-07-31 08:18:07.687] [info] [sirius_context.cpp:285] QueryBegin: pin_table
[2026-07-31 08:18:07.692] [info] [sirius_context.cpp:300] QueryEnd
[2026-07-31 08:18:07.696] [info] [sirius_context.cpp:152] [host_pool] HOST:0 QueryEnd instance=0xc36148a50620 connection=1 window=72 query=142 allocated=34225520640 bytes peak=305479548928 bytes free_blocks=4042
[2026-07-31 08:18:07.696] [info] [sirius_context.cpp:167] [gpu_pool] GPU:0 QueryEnd instance=0xc36148a50620 connection=1 window=72 query=142 allocated=0 bytes peak=203848467648 bytes reserved=0 bytes
[2026-07-31 08:18:07.696] [info] [sirius_context.cpp:416] [window] end instance=0xc36148a50620 connection=1 window=72 query=142 outcome=ok
[2026-07-31 08:18:07.697] [info] [sirius_context.cpp:225] QueryBegin: instance=0xc36148a50620 connection=1 query=143 SQL: CALL pin_table('/home/nvidia/tpch_parquet_sf1000/nation/*.parquet', tier='host', name='nation', cols=['n_nationkey','n_name'])
[2026-07-31 08:18:07.697] [info] [sirius_context.cpp:416] [window] begin instance=0xc36148a50620 connection=1 window=73 query=143 outcome=-
[2026-07-31 08:18:07.697] [info] [sirius_context.cpp:152] [host_pool] HOST:0 QueryBegin instance=0xc36148a50620 connection=1 window=73 query=143 allocated=34225520640 bytes peak=305479548928 bytes free_blocks=4042
[2026-07-31 08:18:07.697] [info] [sirius_context.cpp:167] [gpu_pool] GPU:0 QueryBegin instance=0xc36148a50620 connection=1 window=73 query=143 allocated=0 bytes peak=203848467648 bytes reserved=0 bytes
[2026-07-31 08:18:07.697] [info] [sirius_context.cpp:285] QueryBegin: pin_table
[2026-07-31 08:18:07.699] [info] [sirius_context.cpp:300] QueryEnd
[2026-07-31 08:18:07.706] [info] [sirius_context.cpp:152] [host_pool] HOST:0 QueryEnd instance=0xc36148a50620 connection=1 window=73 query=143 allocated=34292629504 bytes peak=305479548928 bytes free_blocks=4041
[2026-07-31 08:18:07.706] [info] [sirius_context.cpp:167] [gpu_pool] GPU:0 QueryEnd instance=0xc36148a50620 connection=1 window=73 query=143 allocated=0 bytes peak=203848467648 bytes reserved=0 bytes
[2026-07-31 08:18:07.706] [info] [sirius_context.cpp:416] [window] end instance=0xc36148a50620 connection=1 window=73 query=143 outcome=ok
[2026-07-31 08:18:07.707] [info] [sirius_context.cpp:225] QueryBegin: instance=0xc36148a50620 connection=1 query=144 SQL: SET gpu_execution = true;
