[2026-07-31 08:17:31.401] [info] [sirius_context.cpp:225] QueryBegin: instance=0xc36148a50620 connection=1 query=67 SQL: select sum(l_extendedprice * l_discount) as revenue from lineitem where l_shipdate >= date '1997-01-01' and l_shipdate < date '1998-01-01' and l_discount between 0.03 - 0.01 and 0.03 + 0.01 and l_quantity < 24
[2026-07-31 08:17:31.409] [info] [sirius_context.cpp:1244] Transparent execution: Sirius physical plan generated successfully
[2026-07-31 08:17:31.409] [info] [sirius_context.cpp:1272] Transparent execution: physical plan replaced with GPU operator
[2026-07-31 08:17:31.409] [info] [physical_sirius_execution.cpp:155] Transparent GPU execution: executing query
[2026-07-31 08:17:31.409] [info] [sirius_context.cpp:416] [window] begin instance=0xc36148a50620 connection=1 window=34 query=67 outcome=-
[2026-07-31 08:17:31.409] [info] [sirius_context.cpp:152] [host_pool] HOST:0 QueryBegin instance=0xc36148a50620 connection=1 window=34 query=67 allocated=190589173760 bytes peak=301385908224 bytes free_blocks=1656
[2026-07-31 08:17:31.409] [info] [sirius_context.cpp:167] [gpu_pool] GPU:0 QueryBegin instance=0xc36148a50620 connection=1 window=34 query=67 allocated=0 bytes peak=203848467648 bytes reserved=0 bytes
[2026-07-31 08:17:31.409] [info] [sirius_context.cpp:285] QueryBegin: transparent_execution
[2026-07-31 08:17:31.412] [info] [sirius_engine.cpp:265] Query Plan:
=== Pipeline Overview ===
Pipeline #0: GPU_SCAN (id=0) -> PROJECTION (id=1) -> UNGROUPED_AGGREGATE (id=2)
  Output: -> MERGE_AGGREGATE [port: default, barrier: FULL]
Pipeline #1: MERGE_AGGREGATE (id=3)
  Input: <- Pipeline #0 [on: MERGE_AGGREGATE (id=3), port: default, barrier: FULL]
  Dependencies: Pipeline #0
  Output: -> RESULT_COLLECTOR [port: default, barrier: FULL]
Pipeline #2: RESULT_COLLECTOR (id=4)
  Input: <- Pipeline #1 [on: RESULT_COLLECTOR (id=4), port: default, barrier: FULL]
  Dependencies: Pipeline #1

=== Query Plan DAG ===
┌────────────────────────────┐
│ Pipeline #2                │
│ RESULT_COLLECTOR (id=4)    │
│ Input(#1): FULL            │
└─────────────┬──────────────┘
              │               
┌────────────────────────────┐
│ Pipeline #1                │
│ MERGE_AGGREGATE (id=3)     │
│ Input(#0): FULL            │
└─────────────┬──────────────┘
              │               
┌────────────────────────────┐
│ Pipeline #0                │
│ UNGROUPED_AGGREGATE (id=2) │
│ PROJECTION (id=1)          │
│ GPU_SCAN (id=0)            │
└────────────────────────────┘

[2026-07-31 08:17:31.412] [info] [sirius_engine.cpp:148] query 34 telemetry_query=019fb73ffb147582ad74b1e342a26f6d
[2026-07-31 08:17:31.412] [info] [sirius_scan_manager.cpp:1494] [sirius_scan_manager] assigned pinned entry 'lineitem' to operator '0'
[2026-07-31 08:17:31.414] [info] [memory_prefetcher.cpp:52] [memory_prefetcher] started: 3 threads, 1 connectors, min_free_fraction=0.40
[2026-07-31 08:17:31.970] [info] [gpu_pipeline_executor.cpp:129] GPU Pipeline Executor: task queue interrupted, stopping manager loop
[2026-07-31 08:17:31.970] [info] [sirius_context.cpp:300] QueryEnd
[2026-07-31 08:17:31.983] [info] [memory_prefetcher.cpp:65] [memory_prefetcher] stopping: prefetched 9 batches / 41718520452 bytes (stops: headroom=1 reservation=0, skips: lock=0 draining=30)
[2026-07-31 08:17:31.983] [info] [sirius_context.cpp:152] [host_pool] HOST:0 QueryEnd instance=0xc36148a50620 connection=1 window=34 query=67 allocated=190589173760 bytes peak=301385908224 bytes free_blocks=1656
[2026-07-31 08:17:31.983] [info] [sirius_context.cpp:167] [gpu_pool] GPU:0 QueryEnd instance=0xc36148a50620 connection=1 window=34 query=67 allocated=0 bytes peak=203848467648 bytes reserved=0 bytes
[2026-07-31 08:17:31.983] [info] [sirius_context.cpp:416] [window] end instance=0xc36148a50620 connection=1 window=34 query=67 outcome=ok
[2026-07-31 08:17:31.983] [info] [physical_sirius_execution.cpp:329] Transparent GPU execution: query completed
[2026-07-31 08:17:31.985] [info] [sirius_context.cpp:225] QueryBegin: instance=0xc36148a50620 connection=1 query=68 SQL: SET gpu_execution = true;
[2026-07-31 08:17:31.986] [info] [sirius_context.cpp:225] QueryBegin: instance=0xc36148a50620 connection=1 query=69 SQL: select sum(l_extendedprice * l_discount) as revenue from lineitem where l_shipdate >= date '1997-01-01' and l_shipdate < date '1998-01-01' and l_discount between 0.03 - 0.01 and 0.03 + 0.01 and l_quantity < 24
[2026-07-31 08:17:31.993] [info] [sirius_context.cpp:1244] Transparent execution: Sirius physical plan generated successfully
[2026-07-31 08:17:31.993] [info] [sirius_context.cpp:1272] Transparent execution: physical plan replaced with GPU operator
[2026-07-31 08:17:31.993] [info] [physical_sirius_execution.cpp:155] Transparent GPU execution: executing query
[2026-07-31 08:17:31.993] [info] [sirius_context.cpp:416] [window] begin instance=0xc36148a50620 connection=1 window=35 query=69 outcome=-
[2026-07-31 08:17:31.993] [info] [sirius_context.cpp:152] [host_pool] HOST:0 QueryBegin instance=0xc36148a50620 connection=1 window=35 query=69 allocated=190589173760 bytes peak=301385908224 bytes free_blocks=1656
[2026-07-31 08:17:31.993] [info] [sirius_context.cpp:167] [gpu_pool] GPU:0 QueryBegin instance=0xc36148a50620 connection=1 window=35 query=69 allocated=0 bytes peak=203848467648 bytes reserved=0 bytes
[2026-07-31 08:17:31.993] [info] [sirius_context.cpp:285] QueryBegin: transparent_execution
[2026-07-31 08:17:31.996] [info] [sirius_engine.cpp:265] Query Plan:
=== Pipeline Overview ===
Pipeline #0: GPU_SCAN (id=0) -> PROJECTION (id=1) -> UNGROUPED_AGGREGATE (id=2)
  Output: -> MERGE_AGGREGATE [port: default, barrier: FULL]
Pipeline #1: MERGE_AGGREGATE (id=3)
  Input: <- Pipeline #0 [on: MERGE_AGGREGATE (id=3), port: default, barrier: FULL]
  Dependencies: Pipeline #0
  Output: -> RESULT_COLLECTOR [port: default, barrier: FULL]
Pipeline #2: RESULT_COLLECTOR (id=4)
  Input: <- Pipeline #1 [on: RESULT_COLLECTOR (id=4), port: default, barrier: FULL]
  Dependencies: Pipeline #1

=== Query Plan DAG ===
┌────────────────────────────┐
│ Pipeline #2                │
│ RESULT_COLLECTOR (id=4)    │
│ Input(#1): FULL            │
└─────────────┬──────────────┘
              │               
┌────────────────────────────┐
│ Pipeline #1                │
│ MERGE_AGGREGATE (id=3)     │
│ Input(#0): FULL            │
└─────────────┬──────────────┘
              │               
┌────────────────────────────┐
│ Pipeline #0                │
│ UNGROUPED_AGGREGATE (id=2) │
│ PROJECTION (id=1)          │
│ GPU_SCAN (id=0)            │
└────────────────────────────┘

[2026-07-31 08:17:31.996] [info] [sirius_engine.cpp:148] query 35 telemetry_query=019fb73ffd5c7883b245a914074c1b9a
[2026-07-31 08:17:31.996] [info] [sirius_scan_manager.cpp:1494] [sirius_scan_manager] assigned pinned entry 'lineitem' to operator '0'
[2026-07-31 08:17:31.998] [info] [memory_prefetcher.cpp:52] [memory_prefetcher] started: 3 threads, 1 connectors, min_free_fraction=0.40
[2026-07-31 08:17:32.583] [info] [gpu_pipeline_executor.cpp:129] GPU Pipeline Executor: task queue interrupted, stopping manager loop
[2026-07-31 08:17:32.583] [info] [sirius_context.cpp:300] QueryEnd
[2026-07-31 08:17:32.597] [info] [memory_prefetcher.cpp:65] [memory_prefetcher] stopping: prefetched 15 batches / 71551842112 bytes (stops: headroom=0 reservation=0, skips: lock=0 draining=23)
[2026-07-31 08:17:32.597] [info] [sirius_context.cpp:152] [host_pool] HOST:0 QueryEnd instance=0xc36148a50620 connection=1 window=35 query=69 allocated=190589173760 bytes peak=301385908224 bytes free_blocks=1656
[2026-07-31 08:17:32.597] [info] [sirius_context.cpp:167] [gpu_pool] GPU:0 QueryEnd instance=0xc36148a50620 connection=1 window=35 query=69 allocated=0 bytes peak=203848467648 bytes reserved=0 bytes
[2026-07-31 08:17:32.597] [info] [sirius_context.cpp:416] [window] end instance=0xc36148a50620 connection=1 window=35 query=69 outcome=ok
[2026-07-31 08:17:32.597] [info] [physical_sirius_execution.cpp:329] Transparent GPU execution: query completed
[2026-07-31 08:17:32.601] [info] [sirius_context.cpp:225] QueryBegin: instance=0xc36148a50620 connection=1 query=70 SQL: SET gpu_execution = true;
[2026-07-31 08:17:32.602] [info] [sirius_context.cpp:225] QueryBegin: instance=0xc36148a50620 connection=1 query=71 SQL: select sum(l_extendedprice * l_discount) as revenue from lineitem where l_shipdate >= date '1997-01-01' and l_shipdate < date '1998-01-01' and l_discount between 0.03 - 0.01 and 0.03 + 0.01 and l_quantity < 24
[2026-07-31 08:17:32.610] [info] [sirius_context.cpp:1244] Transparent execution: Sirius physical plan generated successfully
[2026-07-31 08:17:32.610] [info] [sirius_context.cpp:1272] Transparent execution: physical plan replaced with GPU operator
[2026-07-31 08:17:32.610] [info] [physical_sirius_execution.cpp:155] Transparent GPU execution: executing query
[2026-07-31 08:17:32.610] [info] [sirius_context.cpp:416] [window] begin instance=0xc36148a50620 connection=1 window=36 query=71 outcome=-
[2026-07-31 08:17:32.610] [info] [sirius_context.cpp:152] [host_pool] HOST:0 QueryBegin instance=0xc36148a50620 connection=1 window=36 query=71 allocated=190589173760 bytes peak=301385908224 bytes free_blocks=1656
[2026-07-31 08:17:32.610] [info] [sirius_context.cpp:167] [gpu_pool] GPU:0 QueryBegin instance=0xc36148a50620 connection=1 window=36 query=71 allocated=0 bytes peak=203848467648 bytes reserved=0 bytes
[2026-07-31 08:17:32.610] [info] [sirius_context.cpp:285] QueryBegin: transparent_execution
[2026-07-31 08:17:32.612] [info] [sirius_engine.cpp:265] Query Plan:
=== Pipeline Overview ===
Pipeline #0: GPU_SCAN (id=0) -> PROJECTION (id=1) -> UNGROUPED_AGGREGATE (id=2)
  Output: -> MERGE_AGGREGATE [port: default, barrier: FULL]
Pipeline #1: MERGE_AGGREGATE (id=3)
  Input: <- Pipeline #0 [on: MERGE_AGGREGATE (id=3), port: default, barrier: FULL]
  Dependencies: Pipeline #0
  Output: -> RESULT_COLLECTOR [port: default, barrier: FULL]
Pipeline #2: RESULT_COLLECTOR (id=4)
  Input: <- Pipeline #1 [on: RESULT_COLLECTOR (id=4), port: default, barrier: FULL]
  Dependencies: Pipeline #1

=== Query Plan DAG ===
┌────────────────────────────┐
│ Pipeline #2                │
│ RESULT_COLLECTOR (id=4)    │
│ Input(#1): FULL            │
└─────────────┬──────────────┘
              │               
┌────────────────────────────┐
│ Pipeline #1                │
│ MERGE_AGGREGATE (id=3)     │
│ Input(#0): FULL            │
└─────────────┬──────────────┘
              │               
┌────────────────────────────┐
│ Pipeline #0                │
│ UNGROUPED_AGGREGATE (id=2) │
│ PROJECTION (id=1)          │
│ GPU_SCAN (id=0)            │
└────────────────────────────┘

[2026-07-31 08:17:32.612] [info] [sirius_engine.cpp:148] query 36 telemetry_query=019fb73fffc47920893e63f50cc26265
[2026-07-31 08:17:32.613] [info] [sirius_scan_manager.cpp:1494] [sirius_scan_manager] assigned pinned entry 'lineitem' to operator '0'
[2026-07-31 08:17:32.615] [info] [memory_prefetcher.cpp:52] [memory_prefetcher] started: 3 threads, 1 connectors, min_free_fraction=0.40
[2026-07-31 08:17:33.201] [info] [gpu_pipeline_executor.cpp:129] GPU Pipeline Executor: task queue interrupted, stopping manager loop
[2026-07-31 08:17:33.201] [info] [sirius_context.cpp:300] QueryEnd
[2026-07-31 08:17:33.211] [info] [memory_prefetcher.cpp:65] [memory_prefetcher] stopping: prefetched 16 batches / 76523611156 bytes (stops: headroom=0 reservation=0, skips: lock=0 draining=23)
[2026-07-31 08:17:33.211] [info] [sirius_context.cpp:152] [host_pool] HOST:0 QueryEnd instance=0xc36148a50620 connection=1 window=36 query=71 allocated=190589173760 bytes peak=301385908224 bytes free_blocks=1656
[2026-07-31 08:17:33.211] [info] [sirius_context.cpp:167] [gpu_pool] GPU:0 QueryEnd instance=0xc36148a50620 connection=1 window=36 query=71 allocated=0 bytes peak=203848467648 bytes reserved=0 bytes
[2026-07-31 08:17:33.211] [info] [sirius_context.cpp:416] [window] end instance=0xc36148a50620 connection=1 window=36 query=71 outcome=ok
[2026-07-31 08:17:33.211] [info] [physical_sirius_execution.cpp:329] Transparent GPU execution: query completed
[2026-07-31 08:17:33.226] [info] [sirius_context.cpp:225] QueryBegin: instance=0xc36148a50620 connection=1 query=72 SQL: CALL unpin_table('lineitem')
[2026-07-31 08:17:33.228] [info] [sirius_context.cpp:225] QueryBegin: instance=0xc36148a50620 connection=1 query=73 SQL: CALL pin_table('/home/nvidia/tpch_parquet_sf1000/supplier/*.parquet', tier='host', name='supplier', cols=['s_suppkey','s_nationkey'])
[2026-07-31 08:17:33.228] [info] [sirius_context.cpp:416] [window] begin instance=0xc36148a50620 connection=1 window=37 query=73 outcome=-
[2026-07-31 08:17:33.228] [info] [sirius_context.cpp:152] [host_pool] HOST:0 QueryBegin instance=0xc36148a50620 connection=1 window=37 query=73 allocated=17515413504 bytes peak=301385908224 bytes free_blocks=4235
[2026-07-31 08:17:33.228] [info] [sirius_context.cpp:167] [gpu_pool] GPU:0 QueryBegin instance=0xc36148a50620 connection=1 window=37 query=73 allocated=0 bytes peak=203848467648 bytes reserved=0 bytes
[2026-07-31 08:17:33.228] [info] [sirius_context.cpp:285] QueryBegin: pin_table
[2026-07-31 08:17:33.233] [info] [sirius_context.cpp:300] QueryEnd
[2026-07-31 08:17:33.241] [info] [sirius_context.cpp:152] [host_pool] HOST:0 QueryEnd instance=0xc36148a50620 connection=1 window=37 query=73 allocated=17649631232 bytes peak=301385908224 bytes free_blocks=4233
[2026-07-31 08:17:33.241] [info] [sirius_context.cpp:167] [gpu_pool] GPU:0 QueryEnd instance=0xc36148a50620 connection=1 window=37 query=73 allocated=0 bytes peak=203848467648 bytes reserved=0 bytes
[2026-07-31 08:17:33.241] [info] [sirius_context.cpp:416] [window] end instance=0xc36148a50620 connection=1 window=37 query=73 outcome=ok
[2026-07-31 08:17:33.241] [info] [sirius_context.cpp:225] QueryBegin: instance=0xc36148a50620 connection=1 query=74 SQL: CALL pin_table('/home/nvidia/tpch_parquet_sf1000/lineitem/*.parquet', tier='host', name='lineitem', cols=['l_suppkey','l_orderkey','l_shipdate','l_extendedprice','l_discount'])
[2026-07-31 08:17:33.242] [info] [sirius_context.cpp:416] [window] begin instance=0xc36148a50620 connection=1 window=38 query=74 outcome=-
[2026-07-31 08:17:33.242] [info] [sirius_context.cpp:152] [host_pool] HOST:0 QueryBegin instance=0xc36148a50620 connection=1 window=38 query=74 allocated=17649631232 bytes peak=301385908224 bytes free_blocks=4233
[2026-07-31 08:17:33.242] [info] [sirius_context.cpp:167] [gpu_pool] GPU:0 QueryBegin instance=0xc36148a50620 connection=1 window=38 query=74 allocated=0 bytes peak=203848467648 bytes reserved=0 bytes
[2026-07-31 08:17:33.242] [info] [sirius_context.cpp:285] QueryBegin: pin_table
[2026-07-31 08:17:37.419] [info] [sirius_context.cpp:300] QueryEnd
[2026-07-31 08:17:37.427] [info] [sirius_context.cpp:152] [host_pool] HOST:0 QueryEnd instance=0xc36148a50620 connection=1 window=38 query=74 allocated=214815473664 bytes peak=301385908224 bytes free_blocks=1295
[2026-07-31 08:17:37.427] [info] [sirius_context.cpp:167] [gpu_pool] GPU:0 QueryEnd instance=0xc36148a50620 connection=1 window=38 query=74 allocated=0 bytes peak=203848467648 bytes reserved=0 bytes
[2026-07-31 08:17:37.427] [info] [sirius_context.cpp:416] [window] end instance=0xc36148a50620 connection=1 window=38 query=74 outcome=ok
[2026-07-31 08:17:37.427] [info] [sirius_context.cpp:225] QueryBegin: instance=0xc36148a50620 connection=1 query=75 SQL: CALL pin_table('/home/nvidia/tpch_parquet_sf1000/orders/*.parquet', tier='host', name='orders', cols=['o_orderkey','o_custkey'])
[2026-07-31 08:17:37.428] [info] [sirius_context.cpp:416] [window] begin instance=0xc36148a50620 connection=1 window=39 query=75 outcome=-
[2026-07-31 08:17:37.428] [info] [sirius_context.cpp:152] [host_pool] HOST:0 QueryBegin instance=0xc36148a50620 connection=1 window=39 query=75 allocated=214815473664 bytes peak=301385908224 bytes free_blocks=1295
[2026-07-31 08:17:37.428] [info] [sirius_context.cpp:167] [gpu_pool] GPU:0 QueryBegin instance=0xc36148a50620 connection=1 window=39 query=75 allocated=0 bytes peak=203848467648 bytes reserved=0 bytes
[2026-07-31 08:17:37.428] [info] [sirius_context.cpp:285] QueryBegin: pin_table
[2026-07-31 08:17:37.909] [info] [sirius_context.cpp:300] QueryEnd
[2026-07-31 08:17:37.920] [info] [sirius_context.cpp:152] [host_pool] HOST:0 QueryEnd instance=0xc36148a50620 connection=1 window=39 query=75 allocated=233337520128 bytes peak=301385908224 bytes free_blocks=1019
[2026-07-31 08:17:37.920] [info] [sirius_context.cpp:167] [gpu_pool] GPU:0 QueryEnd instance=0xc36148a50620 connection=1 window=39 query=75 allocated=0 bytes peak=203848467648 bytes reserved=0 bytes
[2026-07-31 08:17:37.920] [info] [sirius_context.cpp:416] [window] end instance=0xc36148a50620 connection=1 window=39 query=75 outcome=ok
[2026-07-31 08:17:37.920] [info] [sirius_context.cpp:225] QueryBegin: instance=0xc36148a50620 connection=1 query=76 SQL: CALL pin_table('/home/nvidia/tpch_parquet_sf1000/customer/*.parquet', tier='host', name='customer', cols=['c_custkey','c_nationkey'])
[2026-07-31 08:17:37.921] [info] [sirius_context.cpp:416] [window] begin instance=0xc36148a50620 connection=1 window=40 query=76 outcome=-
[2026-07-31 08:17:37.921] [info] [sirius_context.cpp:152] [host_pool] HOST:0 QueryBegin instance=0xc36148a50620 connection=1 window=40 query=76 allocated=233337520128 bytes peak=301385908224 bytes free_blocks=1019
[2026-07-31 08:17:37.921] [info] [sirius_context.cpp:167] [gpu_pool] GPU:0 QueryBegin instance=0xc36148a50620 connection=1 window=40 query=76 allocated=0 bytes peak=203848467648 bytes reserved=0 bytes
[2026-07-31 08:17:37.921] [info] [sirius_context.cpp:285] QueryBegin: pin_table
[2026-07-31 08:17:37.942] [info] [sirius_context.cpp:300] QueryEnd
[2026-07-31 08:17:37.950] [info] [sirius_context.cpp:152] [host_pool] HOST:0 QueryEnd instance=0xc36148a50620 connection=1 window=40 query=76 allocated=234612588544 bytes peak=301385908224 bytes free_blocks=1000
[2026-07-31 08:17:37.950] [info] [sirius_context.cpp:167] [gpu_pool] GPU:0 QueryEnd instance=0xc36148a50620 connection=1 window=40 query=76 allocated=0 bytes peak=203848467648 bytes reserved=0 bytes
[2026-07-31 08:17:37.950] [info] [sirius_context.cpp:416] [window] end instance=0xc36148a50620 connection=1 window=40 query=76 outcome=ok
[2026-07-31 08:17:37.950] [info] [sirius_context.cpp:225] QueryBegin: instance=0xc36148a50620 connection=1 query=77 SQL: CALL pin_table('/home/nvidia/tpch_parquet_sf1000/nation/*.parquet', tier='host', name='nation', cols=['n_nationkey','n_name'])
[2026-07-31 08:17:37.951] [info] [sirius_context.cpp:416] [window] begin instance=0xc36148a50620 connection=1 window=41 query=77 outcome=-
[2026-07-31 08:17:37.951] [info] [sirius_context.cpp:152] [host_pool] HOST:0 QueryBegin instance=0xc36148a50620 connection=1 window=41 query=77 allocated=234612588544 bytes peak=301385908224 bytes free_blocks=1000
[2026-07-31 08:17:37.951] [info] [sirius_context.cpp:167] [gpu_pool] GPU:0 QueryBegin instance=0xc36148a50620 connection=1 window=41 query=77 allocated=0 bytes peak=203848467648 bytes reserved=0 bytes
[2026-07-31 08:17:37.951] [info] [sirius_context.cpp:285] QueryBegin: pin_table
[2026-07-31 08:17:37.953] [info] [sirius_context.cpp:300] QueryEnd
[2026-07-31 08:17:37.960] [info] [sirius_context.cpp:152] [host_pool] HOST:0 QueryEnd instance=0xc36148a50620 connection=1 window=41 query=77 allocated=234679697408 bytes peak=301385908224 bytes free_blocks=999
[2026-07-31 08:17:37.960] [info] [sirius_context.cpp:167] [gpu_pool] GPU:0 QueryEnd instance=0xc36148a50620 connection=1 window=41 query=77 allocated=0 bytes peak=203848467648 bytes reserved=0 bytes
[2026-07-31 08:17:37.960] [info] [sirius_context.cpp:416] [window] end instance=0xc36148a50620 connection=1 window=41 query=77 outcome=ok
[2026-07-31 08:17:37.960] [info] [sirius_context.cpp:225] QueryBegin: instance=0xc36148a50620 connection=1 query=78 SQL: SET gpu_execution = true;
