[2026-07-31 08:17:07.250] [info] [sirius_context.cpp:225] QueryBegin: instance=0xc36148a50620 connection=1 query=3 SQL: select l_returnflag, l_linestatus, sum(l_quantity) as sum_qty, sum(l_extendedprice) as sum_base_price, sum(l_extendedprice * (1 - l_discount)) as sum_disc_price, sum(l_extendedprice * (1 - l_discount) * (1 + l_tax)) as sum_charge, avg(l_quantity) as avg_qty, avg(l_extendedprice) as avg_price, avg(l_discount) as avg_disc, count(*) as count_order from lineitem where l_shipdate <= date '1995-08-19' group by l_returnflag, l_linestatus order by l_returnflag, l_linestatus
[2026-07-31 08:17:07.261] [info] [sirius_context.cpp:1244] Transparent execution: Sirius physical plan generated successfully
[2026-07-31 08:17:07.261] [info] [sirius_context.cpp:1272] Transparent execution: physical plan replaced with GPU operator
[2026-07-31 08:17:07.261] [info] [physical_sirius_execution.cpp:155] Transparent GPU execution: executing query
[2026-07-31 08:17:07.261] [info] [sirius_context.cpp:416] [window] begin instance=0xc36148a50620 connection=1 window=2 query=3 outcome=-
[2026-07-31 08:17:07.261] [info] [sirius_context.cpp:152] [host_pool] HOST:0 QueryBegin instance=0xc36148a50620 connection=1 window=2 query=3 allocated=301251690496 bytes peak=301251690496 bytes free_blocks=7
[2026-07-31 08:17:07.261] [info] [sirius_context.cpp:167] [gpu_pool] GPU:0 QueryBegin instance=0xc36148a50620 connection=1 window=2 query=3 allocated=0 bytes peak=5719742208 bytes reserved=0 bytes
[2026-07-31 08:17:07.261] [info] [sirius_context.cpp:285] QueryBegin: transparent_execution
[2026-07-31 08:17:07.264] [info] [sirius_engine.cpp:265] Query Plan:
=== Pipeline Overview ===
Pipeline #0: GPU_SCAN (id=0) -> PROJECTION (id=1) -> PROJECTION (id=2) -> HASH_GROUP_BY (id=3)
  Output: -> PARTITION [port: default, barrier: FULL]
Pipeline #1: PARTITION (id=4)
  Input: <- Pipeline #0 [on: PARTITION (id=4), port: default, barrier: FULL]
  Dependencies: Pipeline #0
  Output: -> MERGE_GROUP_BY [port: default, barrier: FULL]
Pipeline #2: MERGE_GROUP_BY (id=5) -> ORDER_BY (id=6)
  Input: <- Pipeline #1 [on: MERGE_GROUP_BY (id=5), port: default, barrier: FULL]
  Dependencies: Pipeline #1
  Output: -> SORT_SAMPLE [port: default, barrier: PIPELINE]
Pipeline #3: SORT_SAMPLE (id=7) -> SORT_PARTITION (id=8)
  Input: <- Pipeline #2 [on: SORT_SAMPLE (id=7), port: default, barrier: PIPELINE]
  Dependencies: Pipeline #2
  Output: -> MERGE_SORT [port: default, barrier: FULL]
Pipeline #4: MERGE_SORT (id=9)
  Input: <- Pipeline #3 [on: MERGE_SORT (id=9), port: default, barrier: FULL]
  Dependencies: Pipeline #3
  Output: -> RESULT_COLLECTOR [port: default, barrier: FULL]
Pipeline #5: RESULT_COLLECTOR (id=10)
  Input: <- Pipeline #4 [on: RESULT_COLLECTOR (id=10), port: default, barrier: FULL]
  Dependencies: Pipeline #4

=== Query Plan DAG ===
┌──────────────────────────┐
│ Pipeline #5              │
│ RESULT_COLLECTOR (id=10) │
│ Input(#4): FULL          │
└────────────┬─────────────┘
             │              
┌──────────────────────────┐
│ Pipeline #4              │
│ MERGE_SORT (id=9)        │
│ Input(#3): FULL          │
└────────────┬─────────────┘
             │              
┌──────────────────────────┐
│ Pipeline #3              │
│ SORT_PARTITION (id=8)    │
│ SORT_SAMPLE (id=7)       │
│ Input(#2): PIPELINE      │
└────────────┬─────────────┘
             │              
┌──────────────────────────┐
│ Pipeline #2              │
│ ORDER_BY (id=6)          │
│ MERGE_GROUP_BY (id=5)    │
│ Input(#1): FULL          │
└────────────┬─────────────┘
             │              
┌──────────────────────────┐
│ Pipeline #1              │
│ PARTITION (id=4)         │
│ Input(#0): FULL          │
└────────────┬─────────────┘
             │              
┌──────────────────────────┐
│ Pipeline #0              │
│ HASH_GROUP_BY (id=3)     │
│ PROJECTION (id=2)        │
│ PROJECTION (id=1)        │
│ GPU_SCAN (id=0)          │
└──────────────────────────┘

[2026-07-31 08:17:07.264] [info] [sirius_engine.cpp:148] query 2 telemetry_query=019fb73f9cc0751295f06328584244ae
[2026-07-31 08:17:07.264] [info] [sirius_scan_manager.cpp:1494] [sirius_scan_manager] assigned pinned entry 'lineitem' to operator '0'
[2026-07-31 08:17:07.271] [info] [memory_prefetcher.cpp:52] [memory_prefetcher] started: 3 threads, 1 connectors, min_free_fraction=0.40
[2026-07-31 08:17:07.599] [warning] [gpu_pipeline_task.cpp:63] gpu_pipeline_task: operator 'HASH_GROUP_BY' (id=3) output batch 0 column count mismatch: got 13, expected 10
[2026-07-31 08:17:07.600] [warning] [gpu_pipeline_task.cpp:63] gpu_pipeline_task: operator 'HASH_GROUP_BY' (id=3) output batch 0 column count mismatch: got 13, expected 10
[2026-07-31 08:17:07.600] [warning] [gpu_pipeline_task.cpp:63] gpu_pipeline_task: operator 'HASH_GROUP_BY' (id=3) output batch 0 column count mismatch: got 13, expected 10
[2026-07-31 08:17:07.600] [warning] [gpu_pipeline_task.cpp:63] gpu_pipeline_task: operator 'HASH_GROUP_BY' (id=3) output batch 0 column count mismatch: got 13, expected 10
[2026-07-31 08:17:07.600] [warning] [gpu_pipeline_task.cpp:63] gpu_pipeline_task: operator 'HASH_GROUP_BY' (id=3) output batch 0 column count mismatch: got 13, expected 10
[2026-07-31 08:17:07.600] [warning] [gpu_pipeline_task.cpp:63] gpu_pipeline_task: operator 'HASH_GROUP_BY' (id=3) output batch 0 column count mismatch: got 13, expected 10
[2026-07-31 08:17:07.600] [warning] [gpu_pipeline_task.cpp:63] gpu_pipeline_task: operator 'HASH_GROUP_BY' (id=3) output batch 0 column count mismatch: got 13, expected 10
[2026-07-31 08:17:07.600] [warning] [gpu_pipeline_task.cpp:63] gpu_pipeline_task: operator 'HASH_GROUP_BY' (id=3) output batch 0 column count mismatch: got 13, expected 10
[2026-07-31 08:17:07.800] [warning] [gpu_pipeline_task.cpp:63] gpu_pipeline_task: operator 'HASH_GROUP_BY' (id=3) output batch 0 column count mismatch: got 13, expected 10
[2026-07-31 08:17:07.802] [warning] [gpu_pipeline_task.cpp:63] gpu_pipeline_task: operator 'HASH_GROUP_BY' (id=3) output batch 0 column count mismatch: got 13, expected 10
[2026-07-31 08:17:07.808] [warning] [gpu_pipeline_task.cpp:63] gpu_pipeline_task: operator 'HASH_GROUP_BY' (id=3) output batch 0 column count mismatch: got 13, expected 10
[2026-07-31 08:17:07.811] [warning] [gpu_pipeline_task.cpp:63] gpu_pipeline_task: operator 'HASH_GROUP_BY' (id=3) output batch 0 column count mismatch: got 13, expected 10
[2026-07-31 08:17:07.813] [warning] [gpu_pipeline_task.cpp:63] gpu_pipeline_task: operator 'HASH_GROUP_BY' (id=3) output batch 0 column count mismatch: got 13, expected 10
[2026-07-31 08:17:07.818] [warning] [gpu_pipeline_task.cpp:63] gpu_pipeline_task: operator 'HASH_GROUP_BY' (id=3) output batch 0 column count mismatch: got 13, expected 10
[2026-07-31 08:17:07.826] [warning] [gpu_pipeline_task.cpp:63] gpu_pipeline_task: operator 'HASH_GROUP_BY' (id=3) output batch 0 column count mismatch: got 13, expected 10
[2026-07-31 08:17:07.827] [warning] [gpu_pipeline_task.cpp:63] gpu_pipeline_task: operator 'HASH_GROUP_BY' (id=3) output batch 0 column count mismatch: got 13, expected 10
[2026-07-31 08:17:07.999] [warning] [gpu_pipeline_task.cpp:63] gpu_pipeline_task: operator 'HASH_GROUP_BY' (id=3) output batch 0 column count mismatch: got 13, expected 10
[2026-07-31 08:17:08.007] [warning] [gpu_pipeline_task.cpp:63] gpu_pipeline_task: operator 'HASH_GROUP_BY' (id=3) output batch 0 column count mismatch: got 13, expected 10
[2026-07-31 08:17:08.010] [warning] [gpu_pipeline_task.cpp:63] gpu_pipeline_task: operator 'HASH_GROUP_BY' (id=3) output batch 0 column count mismatch: got 13, expected 10
[2026-07-31 08:17:08.012] [warning] [gpu_pipeline_task.cpp:63] gpu_pipeline_task: operator 'HASH_GROUP_BY' (id=3) output batch 0 column count mismatch: got 13, expected 10
[2026-07-31 08:17:08.012] [warning] [gpu_pipeline_task.cpp:63] gpu_pipeline_task: operator 'HASH_GROUP_BY' (id=3) output batch 0 column count mismatch: got 13, expected 10
[2026-07-31 08:17:08.016] [warning] [gpu_pipeline_task.cpp:63] gpu_pipeline_task: operator 'HASH_GROUP_BY' (id=3) output batch 0 column count mismatch: got 13, expected 10
[2026-07-31 08:17:08.023] [warning] [gpu_pipeline_task.cpp:63] gpu_pipeline_task: operator 'HASH_GROUP_BY' (id=3) output batch 0 column count mismatch: got 13, expected 10
[2026-07-31 08:17:08.026] [warning] [gpu_pipeline_task.cpp:63] gpu_pipeline_task: operator 'HASH_GROUP_BY' (id=3) output batch 0 column count mismatch: got 13, expected 10
[2026-07-31 08:17:08.169] [warning] [gpu_pipeline_task.cpp:63] gpu_pipeline_task: operator 'HASH_GROUP_BY' (id=3) output batch 0 column count mismatch: got 13, expected 10
[2026-07-31 08:17:08.204] [warning] [gpu_pipeline_task.cpp:63] gpu_pipeline_task: operator 'HASH_GROUP_BY' (id=3) output batch 0 column count mismatch: got 13, expected 10
[2026-07-31 08:17:08.209] [warning] [gpu_pipeline_task.cpp:63] gpu_pipeline_task: operator 'HASH_GROUP_BY' (id=3) output batch 0 column count mismatch: got 13, expected 10
[2026-07-31 08:17:08.214] [warning] [gpu_pipeline_task.cpp:63] gpu_pipeline_task: operator 'HASH_GROUP_BY' (id=3) output batch 0 column count mismatch: got 13, expected 10
[2026-07-31 08:17:08.216] [warning] [gpu_pipeline_task.cpp:63] gpu_pipeline_task: operator 'HASH_GROUP_BY' (id=3) output batch 0 column count mismatch: got 13, expected 10
[2026-07-31 08:17:08.216] [warning] [gpu_pipeline_task.cpp:63] gpu_pipeline_task: operator 'HASH_GROUP_BY' (id=3) output batch 0 column count mismatch: got 13, expected 10
[2026-07-31 08:17:08.220] [warning] [gpu_pipeline_task.cpp:63] gpu_pipeline_task: operator 'HASH_GROUP_BY' (id=3) output batch 0 column count mismatch: got 13, expected 10
[2026-07-31 08:17:08.226] [warning] [gpu_pipeline_task.cpp:63] gpu_pipeline_task: operator 'HASH_GROUP_BY' (id=3) output batch 0 column count mismatch: got 13, expected 10
[2026-07-31 08:17:08.242] [warning] [gpu_pipeline_task.cpp:63] gpu_pipeline_task: operator 'HASH_GROUP_BY' (id=3) output batch 0 column count mismatch: got 13, expected 10
[2026-07-31 08:17:08.409] [warning] [gpu_pipeline_task.cpp:63] gpu_pipeline_task: operator 'HASH_GROUP_BY' (id=3) output batch 0 column count mismatch: got 13, expected 10
[2026-07-31 08:17:08.409] [warning] [gpu_pipeline_task.cpp:63] gpu_pipeline_task: operator 'HASH_GROUP_BY' (id=3) output batch 0 column count mismatch: got 13, expected 10
[2026-07-31 08:17:08.419] [warning] [gpu_pipeline_task.cpp:63] gpu_pipeline_task: operator 'HASH_GROUP_BY' (id=3) output batch 0 column count mismatch: got 13, expected 10
[2026-07-31 08:17:08.419] [warning] [gpu_pipeline_task.cpp:63] gpu_pipeline_task: operator 'HASH_GROUP_BY' (id=3) output batch 0 column count mismatch: got 13, expected 10
[2026-07-31 08:17:08.423] [warning] [gpu_pipeline_task.cpp:63] gpu_pipeline_task: operator 'HASH_GROUP_BY' (id=3) output batch 0 column count mismatch: got 13, expected 10
[2026-07-31 08:17:08.427] [warning] [gpu_pipeline_task.cpp:63] gpu_pipeline_task: operator 'HASH_GROUP_BY' (id=3) output batch 0 column count mismatch: got 13, expected 10
[2026-07-31 08:17:08.433] [warning] [gpu_pipeline_task.cpp:63] gpu_pipeline_task: operator 'HASH_GROUP_BY' (id=3) output batch 0 column count mismatch: got 13, expected 10
[2026-07-31 08:17:08.433] [warning] [gpu_pipeline_task.cpp:63] gpu_pipeline_task: operator 'HASH_GROUP_BY' (id=3) output batch 0 column count mismatch: got 13, expected 10
[2026-07-31 08:17:08.606] [warning] [gpu_pipeline_task.cpp:63] gpu_pipeline_task: operator 'HASH_GROUP_BY' (id=3) output batch 0 column count mismatch: got 13, expected 10
[2026-07-31 08:17:08.612] [warning] [gpu_pipeline_task.cpp:63] gpu_pipeline_task: operator 'HASH_GROUP_BY' (id=3) output batch 0 column count mismatch: got 13, expected 10
[2026-07-31 08:17:08.614] [warning] [gpu_pipeline_task.cpp:63] gpu_pipeline_task: operator 'HASH_GROUP_BY' (id=3) output batch 0 column count mismatch: got 13, expected 10
[2026-07-31 08:17:08.617] [warning] [gpu_pipeline_task.cpp:63] gpu_pipeline_task: operator 'HASH_GROUP_BY' (id=3) output batch 0 column count mismatch: got 13, expected 10
[2026-07-31 08:17:08.625] [warning] [gpu_pipeline_task.cpp:63] gpu_pipeline_task: operator 'HASH_GROUP_BY' (id=3) output batch 0 column count mismatch: got 13, expected 10
[2026-07-31 08:17:08.631] [warning] [gpu_pipeline_task.cpp:63] gpu_pipeline_task: operator 'HASH_GROUP_BY' (id=3) output batch 0 column count mismatch: got 13, expected 10
[2026-07-31 08:17:08.631] [warning] [gpu_pipeline_task.cpp:63] gpu_pipeline_task: operator 'HASH_GROUP_BY' (id=3) output batch 0 column count mismatch: got 13, expected 10
[2026-07-31 08:17:08.686] [warning] [gpu_pipeline_task.cpp:63] gpu_pipeline_task: operator 'HASH_GROUP_BY' (id=3) output batch 0 column count mismatch: got 13, expected 10
[2026-07-31 08:17:08.705] [warning] [gpu_pipeline_task.cpp:63] gpu_pipeline_task: operator 'HASH_GROUP_BY' (id=3) output batch 0 column count mismatch: got 13, expected 10
[2026-07-31 08:17:08.723] [warning] [gpu_pipeline_task.cpp:63] gpu_pipeline_task: operator 'HASH_GROUP_BY' (id=3) output batch 0 column count mismatch: got 13, expected 10
[2026-07-31 08:17:08.725] [warning] [gpu_pipeline_task.cpp:63] gpu_pipeline_task: operator 'HASH_GROUP_BY' (id=3) output batch 0 column count mismatch: got 13, expected 10
[2026-07-31 08:17:08.733] [warning] [gpu_pipeline_task.cpp:63] gpu_pipeline_task: operator 'HASH_GROUP_BY' (id=3) output batch 0 column count mismatch: got 13, expected 10
[2026-07-31 08:17:08.734] [warning] [gpu_pipeline_task.cpp:63] gpu_pipeline_task: operator 'HASH_GROUP_BY' (id=3) output batch 0 column count mismatch: got 13, expected 10
[2026-07-31 08:17:08.737] [warning] [gpu_pipeline_task.cpp:63] gpu_pipeline_task: operator 'HASH_GROUP_BY' (id=3) output batch 0 column count mismatch: got 13, expected 10
[2026-07-31 08:17:08.739] [warning] [gpu_pipeline_task.cpp:63] gpu_pipeline_task: operator 'HASH_GROUP_BY' (id=3) output batch 0 column count mismatch: got 13, expected 10
[2026-07-31 08:17:08.743] [warning] [gpu_pipeline_task.cpp:63] gpu_pipeline_task: operator 'HASH_GROUP_BY' (id=3) output batch 0 column count mismatch: got 13, expected 10
[2026-07-31 08:17:08.744] [warning] [gpu_pipeline_task.cpp:63] gpu_pipeline_task: operator 'PARTITION' (id=4) output batch 0 column count mismatch: got 13, expected 10
[2026-07-31 08:17:08.744] [warning] [gpu_pipeline_task.cpp:63] gpu_pipeline_task: operator 'PARTITION' (id=4) output batch 0 column count mismatch: got 13, expected 10
[2026-07-31 08:17:08.744] [warning] [gpu_pipeline_task.cpp:63] gpu_pipeline_task: operator 'PARTITION' (id=4) output batch 0 column count mismatch: got 13, expected 10
[2026-07-31 08:17:08.744] [warning] [gpu_pipeline_task.cpp:63] gpu_pipeline_task: operator 'PARTITION' (id=4) output batch 0 column count mismatch: got 13, expected 10
[2026-07-31 08:17:08.744] [warning] [gpu_pipeline_task.cpp:63] gpu_pipeline_task: operator 'PARTITION' (id=4) output batch 0 column count mismatch: got 13, expected 10
[2026-07-31 08:17:08.744] [warning] [gpu_pipeline_task.cpp:63] gpu_pipeline_task: operator 'PARTITION' (id=4) output batch 0 column count mismatch: got 13, expected 10
[2026-07-31 08:17:08.744] [warning] [gpu_pipeline_task.cpp:63] gpu_pipeline_task: operator 'PARTITION' (id=4) output batch 0 column count mismatch: got 13, expected 10
[2026-07-31 08:17:08.744] [warning] [gpu_pipeline_task.cpp:63] gpu_pipeline_task: operator 'PARTITION' (id=4) output batch 0 column count mismatch: got 13, expected 10
[2026-07-31 08:17:08.744] [warning] [gpu_pipeline_task.cpp:63] gpu_pipeline_task: operator 'PARTITION' (id=4) output batch 0 column count mismatch: got 13, expected 10
[2026-07-31 08:17:08.744] [warning] [gpu_pipeline_task.cpp:63] gpu_pipeline_task: operator 'PARTITION' (id=4) output batch 0 column count mismatch: got 13, expected 10
[2026-07-31 08:17:08.744] [warning] [gpu_pipeline_task.cpp:63] gpu_pipeline_task: operator 'PARTITION' (id=4) output batch 0 column count mismatch: got 13, expected 10
[2026-07-31 08:17:08.744] [warning] [gpu_pipeline_task.cpp:63] gpu_pipeline_task: operator 'PARTITION' (id=4) output batch 0 column count mismatch: got 13, expected 10
[2026-07-31 08:17:08.744] [warning] [gpu_pipeline_task.cpp:63] gpu_pipeline_task: operator 'PARTITION' (id=4) output batch 0 column count mismatch: got 13, expected 10
[2026-07-31 08:17:08.744] [warning] [gpu_pipeline_task.cpp:63] gpu_pipeline_task: operator 'PARTITION' (id=4) output batch 0 column count mismatch: got 13, expected 10
[2026-07-31 08:17:08.744] [warning] [gpu_pipeline_task.cpp:63] gpu_pipeline_task: operator 'PARTITION' (id=4) output batch 0 column count mismatch: got 13, expected 10
[2026-07-31 08:17:08.744] [warning] [gpu_pipeline_task.cpp:63] gpu_pipeline_task: operator 'PARTITION' (id=4) output batch 0 column count mismatch: got 13, expected 10
[2026-07-31 08:17:08.744] [warning] [gpu_pipeline_task.cpp:63] gpu_pipeline_task: operator 'PARTITION' (id=4) output batch 0 column count mismatch: got 13, expected 10
[2026-07-31 08:17:08.744] [warning] [gpu_pipeline_task.cpp:63] gpu_pipeline_task: operator 'PARTITION' (id=4) output batch 0 column count mismatch: got 13, expected 10
[2026-07-31 08:17:08.744] [warning] [gpu_pipeline_task.cpp:63] gpu_pipeline_task: operator 'PARTITION' (id=4) output batch 0 column count mismatch: got 13, expected 10
[2026-07-31 08:17:08.744] [warning] [gpu_pipeline_task.cpp:63] gpu_pipeline_task: operator 'PARTITION' (id=4) output batch 0 column count mismatch: got 13, expected 10
[2026-07-31 08:17:08.744] [warning] [gpu_pipeline_task.cpp:63] gpu_pipeline_task: operator 'PARTITION' (id=4) output batch 0 column count mismatch: got 13, expected 10
[2026-07-31 08:17:08.744] [warning] [gpu_pipeline_task.cpp:63] gpu_pipeline_task: operator 'PARTITION' (id=4) output batch 0 column count mismatch: got 13, expected 10
[2026-07-31 08:17:08.744] [warning] [gpu_pipeline_task.cpp:63] gpu_pipeline_task: operator 'PARTITION' (id=4) output batch 0 column count mismatch: got 13, expected 10
[2026-07-31 08:17:08.744] [warning] [gpu_pipeline_task.cpp:63] gpu_pipeline_task: operator 'PARTITION' (id=4) output batch 0 column count mismatch: got 13, expected 10
[2026-07-31 08:17:08.744] [warning] [gpu_pipeline_task.cpp:63] gpu_pipeline_task: operator 'PARTITION' (id=4) output batch 0 column count mismatch: got 13, expected 10
[2026-07-31 08:17:08.744] [warning] [gpu_pipeline_task.cpp:63] gpu_pipeline_task: operator 'PARTITION' (id=4) output batch 0 column count mismatch: got 13, expected 10
[2026-07-31 08:17:08.744] [warning] [gpu_pipeline_task.cpp:63] gpu_pipeline_task: operator 'PARTITION' (id=4) output batch 0 column count mismatch: got 13, expected 10
[2026-07-31 08:17:08.744] [warning] [gpu_pipeline_task.cpp:63] gpu_pipeline_task: operator 'PARTITION' (id=4) output batch 0 column count mismatch: got 13, expected 10
[2026-07-31 08:17:08.744] [warning] [gpu_pipeline_task.cpp:63] gpu_pipeline_task: operator 'PARTITION' (id=4) output batch 0 column count mismatch: got 13, expected 10
[2026-07-31 08:17:08.744] [warning] [gpu_pipeline_task.cpp:63] gpu_pipeline_task: operator 'PARTITION' (id=4) output batch 0 column count mismatch: got 13, expected 10
[2026-07-31 08:17:08.744] [warning] [gpu_pipeline_task.cpp:63] gpu_pipeline_task: operator 'PARTITION' (id=4) output batch 0 column count mismatch: got 13, expected 10
[2026-07-31 08:17:08.744] [warning] [gpu_pipeline_task.cpp:63] gpu_pipeline_task: operator 'PARTITION' (id=4) output batch 0 column count mismatch: got 13, expected 10
[2026-07-31 08:17:08.744] [warning] [gpu_pipeline_task.cpp:63] gpu_pipeline_task: operator 'PARTITION' (id=4) output batch 0 column count mismatch: got 13, expected 10
[2026-07-31 08:17:08.744] [warning] [gpu_pipeline_task.cpp:63] gpu_pipeline_task: operator 'PARTITION' (id=4) output batch 0 column count mismatch: got 13, expected 10
[2026-07-31 08:17:08.744] [warning] [gpu_pipeline_task.cpp:63] gpu_pipeline_task: operator 'PARTITION' (id=4) output batch 0 column count mismatch: got 13, expected 10
[2026-07-31 08:17:08.744] [warning] [gpu_pipeline_task.cpp:63] gpu_pipeline_task: operator 'PARTITION' (id=4) output batch 0 column count mismatch: got 13, expected 10
[2026-07-31 08:17:08.744] [warning] [gpu_pipeline_task.cpp:63] gpu_pipeline_task: operator 'PARTITION' (id=4) output batch 0 column count mismatch: got 13, expected 10
[2026-07-31 08:17:08.744] [warning] [gpu_pipeline_task.cpp:63] gpu_pipeline_task: operator 'PARTITION' (id=4) output batch 0 column count mismatch: got 13, expected 10
[2026-07-31 08:17:08.744] [warning] [gpu_pipeline_task.cpp:63] gpu_pipeline_task: operator 'PARTITION' (id=4) output batch 0 column count mismatch: got 13, expected 10
[2026-07-31 08:17:08.744] [warning] [gpu_pipeline_task.cpp:63] gpu_pipeline_task: operator 'PARTITION' (id=4) output batch 0 column count mismatch: got 13, expected 10
[2026-07-31 08:17:08.744] [warning] [gpu_pipeline_task.cpp:63] gpu_pipeline_task: operator 'PARTITION' (id=4) output batch 0 column count mismatch: got 13, expected 10
[2026-07-31 08:17:08.744] [warning] [gpu_pipeline_task.cpp:63] gpu_pipeline_task: operator 'PARTITION' (id=4) output batch 0 column count mismatch: got 13, expected 10
[2026-07-31 08:17:08.744] [warning] [gpu_pipeline_task.cpp:63] gpu_pipeline_task: operator 'PARTITION' (id=4) output batch 0 column count mismatch: got 13, expected 10
[2026-07-31 08:17:08.744] [warning] [gpu_pipeline_task.cpp:63] gpu_pipeline_task: operator 'PARTITION' (id=4) output batch 0 column count mismatch: got 13, expected 10
[2026-07-31 08:17:08.744] [warning] [gpu_pipeline_task.cpp:63] gpu_pipeline_task: operator 'PARTITION' (id=4) output batch 0 column count mismatch: got 13, expected 10
[2026-07-31 08:17:08.744] [warning] [gpu_pipeline_task.cpp:63] gpu_pipeline_task: operator 'PARTITION' (id=4) output batch 0 column count mismatch: got 13, expected 10
[2026-07-31 08:17:08.744] [warning] [gpu_pipeline_task.cpp:63] gpu_pipeline_task: operator 'PARTITION' (id=4) output batch 0 column count mismatch: got 13, expected 10
[2026-07-31 08:17:08.744] [warning] [gpu_pipeline_task.cpp:63] gpu_pipeline_task: operator 'PARTITION' (id=4) output batch 0 column count mismatch: got 13, expected 10
[2026-07-31 08:17:08.744] [warning] [gpu_pipeline_task.cpp:63] gpu_pipeline_task: operator 'PARTITION' (id=4) output batch 0 column count mismatch: got 13, expected 10
[2026-07-31 08:17:08.744] [warning] [gpu_pipeline_task.cpp:63] gpu_pipeline_task: operator 'PARTITION' (id=4) output batch 0 column count mismatch: got 13, expected 10
[2026-07-31 08:17:08.744] [warning] [gpu_pipeline_task.cpp:63] gpu_pipeline_task: operator 'PARTITION' (id=4) output batch 0 column count mismatch: got 13, expected 10
[2026-07-31 08:17:08.744] [warning] [gpu_pipeline_task.cpp:63] gpu_pipeline_task: operator 'PARTITION' (id=4) output batch 0 column count mismatch: got 13, expected 10
[2026-07-31 08:17:08.744] [warning] [gpu_pipeline_task.cpp:63] gpu_pipeline_task: operator 'PARTITION' (id=4) output batch 0 column count mismatch: got 13, expected 10
[2026-07-31 08:17:08.744] [warning] [gpu_pipeline_task.cpp:63] gpu_pipeline_task: operator 'PARTITION' (id=4) output batch 0 column count mismatch: got 13, expected 10
[2026-07-31 08:17:08.744] [warning] [gpu_pipeline_task.cpp:63] gpu_pipeline_task: operator 'PARTITION' (id=4) output batch 0 column count mismatch: got 13, expected 10
[2026-07-31 08:17:08.744] [warning] [gpu_pipeline_task.cpp:63] gpu_pipeline_task: operator 'PARTITION' (id=4) output batch 0 column count mismatch: got 13, expected 10
[2026-07-31 08:17:08.744] [warning] [gpu_pipeline_task.cpp:63] gpu_pipeline_task: operator 'PARTITION' (id=4) output batch 0 column count mismatch: got 13, expected 10
[2026-07-31 08:17:08.796] [info] [gpu_pipeline_executor.cpp:129] GPU Pipeline Executor: task queue interrupted, stopping manager loop
[2026-07-31 08:17:08.796] [info] [sirius_context.cpp:300] QueryEnd
[2026-07-31 08:17:08.798] [info] [memory_prefetcher.cpp:65] [memory_prefetcher] stopping: prefetched 8 batches / 36901295130 bytes (stops: headroom=1 reservation=0, skips: lock=0 draining=59)
[2026-07-31 08:17:08.798] [info] [sirius_context.cpp:152] [host_pool] HOST:0 QueryEnd instance=0xc36148a50620 connection=1 window=2 query=3 allocated=301318799360 bytes peak=301385908224 bytes free_blocks=6
[2026-07-31 08:17:08.798] [info] [sirius_context.cpp:167] [gpu_pool] GPU:0 QueryEnd instance=0xc36148a50620 connection=1 window=2 query=3 allocated=0 bytes peak=156767166860 bytes reserved=0 bytes
[2026-07-31 08:17:08.798] [info] [sirius_context.cpp:416] [window] end instance=0xc36148a50620 connection=1 window=2 query=3 outcome=ok
[2026-07-31 08:17:08.798] [info] [physical_sirius_execution.cpp:329] Transparent GPU execution: query completed
[2026-07-31 08:17:08.802] [info] [sirius_context.cpp:225] QueryBegin: instance=0xc36148a50620 connection=1 query=4 SQL: SET gpu_execution = true;
[2026-07-31 08:17:08.803] [info] [sirius_context.cpp:225] QueryBegin: instance=0xc36148a50620 connection=1 query=5 SQL: select l_returnflag, l_linestatus, sum(l_quantity) as sum_qty, sum(l_extendedprice) as sum_base_price, sum(l_extendedprice * (1 - l_discount)) as sum_disc_price, sum(l_extendedprice * (1 - l_discount) * (1 + l_tax)) as sum_charge, avg(l_quantity) as avg_qty, avg(l_extendedprice) as avg_price, avg(l_discount) as avg_disc, count(*) as count_order from lineitem where l_shipdate <= date '1995-08-19' group by l_returnflag, l_linestatus order by l_returnflag, l_linestatus
[2026-07-31 08:17:08.810] [info] [sirius_context.cpp:1244] Transparent execution: Sirius physical plan generated successfully
[2026-07-31 08:17:08.810] [info] [sirius_context.cpp:1272] Transparent execution: physical plan replaced with GPU operator
[2026-07-31 08:17:08.810] [info] [physical_sirius_execution.cpp:155] Transparent GPU execution: executing query
[2026-07-31 08:17:08.810] [info] [sirius_context.cpp:416] [window] begin instance=0xc36148a50620 connection=1 window=3 query=5 outcome=-
[2026-07-31 08:17:08.810] [info] [sirius_context.cpp:152] [host_pool] HOST:0 QueryBegin instance=0xc36148a50620 connection=1 window=3 query=5 allocated=301318799360 bytes peak=301385908224 bytes free_blocks=6
[2026-07-31 08:17:08.810] [info] [sirius_context.cpp:167] [gpu_pool] GPU:0 QueryBegin instance=0xc36148a50620 connection=1 window=3 query=5 allocated=0 bytes peak=156767166860 bytes reserved=0 bytes
[2026-07-31 08:17:08.810] [info] [sirius_context.cpp:285] QueryBegin: transparent_execution
[2026-07-31 08:17:08.813] [info] [sirius_engine.cpp:265] Query Plan:
=== Pipeline Overview ===
Pipeline #0: GPU_SCAN (id=0) -> PROJECTION (id=1) -> PROJECTION (id=2) -> HASH_GROUP_BY (id=3)
  Output: -> PARTITION [port: default, barrier: FULL]
Pipeline #1: PARTITION (id=4)
  Input: <- Pipeline #0 [on: PARTITION (id=4), port: default, barrier: FULL]
  Dependencies: Pipeline #0
  Output: -> MERGE_GROUP_BY [port: default, barrier: FULL]
Pipeline #2: MERGE_GROUP_BY (id=5) -> ORDER_BY (id=6)
  Input: <- Pipeline #1 [on: MERGE_GROUP_BY (id=5), port: default, barrier: FULL]
  Dependencies: Pipeline #1
  Output: -> SORT_SAMPLE [port: default, barrier: PIPELINE]
Pipeline #3: SORT_SAMPLE (id=7) -> SORT_PARTITION (id=8)
  Input: <- Pipeline #2 [on: SORT_SAMPLE (id=7), port: default, barrier: PIPELINE]
  Dependencies: Pipeline #2
  Output: -> MERGE_SORT [port: default, barrier: FULL]
Pipeline #4: MERGE_SORT (id=9)
  Input: <- Pipeline #3 [on: MERGE_SORT (id=9), port: default, barrier: FULL]
  Dependencies: Pipeline #3
  Output: -> RESULT_COLLECTOR [port: default, barrier: FULL]
Pipeline #5: RESULT_COLLECTOR (id=10)
  Input: <- Pipeline #4 [on: RESULT_COLLECTOR (id=10), port: default, barrier: FULL]
  Dependencies: Pipeline #4

=== Query Plan DAG ===
┌──────────────────────────┐
│ Pipeline #5              │
│ RESULT_COLLECTOR (id=10) │
│ Input(#4): FULL          │
└────────────┬─────────────┘
             │              
┌──────────────────────────┐
│ Pipeline #4              │
│ MERGE_SORT (id=9)        │
│ Input(#3): FULL          │
└────────────┬─────────────┘
             │              
┌──────────────────────────┐
│ Pipeline #3              │
│ SORT_PARTITION (id=8)    │
│ SORT_SAMPLE (id=7)       │
│ Input(#2): PIPELINE      │
└────────────┬─────────────┘
             │              
┌──────────────────────────┐
│ Pipeline #2              │
│ ORDER_BY (id=6)          │
│ MERGE_GROUP_BY (id=5)    │
│ Input(#1): FULL          │
└────────────┬─────────────┘
             │              
┌──────────────────────────┐
│ Pipeline #1              │
│ PARTITION (id=4)         │
│ Input(#0): FULL          │
└────────────┬─────────────┘
             │              
┌──────────────────────────┐
│ Pipeline #0              │
│ HASH_GROUP_BY (id=3)     │
│ PROJECTION (id=2)        │
│ PROJECTION (id=1)        │
│ GPU_SCAN (id=0)          │
└──────────────────────────┘

[2026-07-31 08:17:08.813] [info] [sirius_engine.cpp:148] query 3 telemetry_query=019fb73fa2cd77e2b83c086b12d43751
[2026-07-31 08:17:08.813] [info] [sirius_scan_manager.cpp:1494] [sirius_scan_manager] assigned pinned entry 'lineitem' to operator '0'
[2026-07-31 08:17:08.815] [info] [memory_prefetcher.cpp:52] [memory_prefetcher] started: 3 threads, 1 connectors, min_free_fraction=0.40
[2026-07-31 08:17:08.897] [warning] [gpu_pipeline_task.cpp:63] gpu_pipeline_task: operator 'HASH_GROUP_BY' (id=3) output batch 0 column count mismatch: got 13, expected 10
[2026-07-31 08:17:08.901] [warning] [gpu_pipeline_task.cpp:63] gpu_pipeline_task: operator 'HASH_GROUP_BY' (id=3) output batch 0 column count mismatch: got 13, expected 10
[2026-07-31 08:17:09.033] [warning] [gpu_pipeline_task.cpp:63] gpu_pipeline_task: operator 'HASH_GROUP_BY' (id=3) output batch 0 column count mismatch: got 13, expected 10
[2026-07-31 08:17:09.033] [warning] [gpu_pipeline_task.cpp:63] gpu_pipeline_task: operator 'HASH_GROUP_BY' (id=3) output batch 0 column count mismatch: got 13, expected 10
[2026-07-31 08:17:09.045] [warning] [gpu_pipeline_task.cpp:63] gpu_pipeline_task: operator 'HASH_GROUP_BY' (id=3) output batch 0 column count mismatch: got 13, expected 10
[2026-07-31 08:17:09.048] [warning] [gpu_pipeline_task.cpp:63] gpu_pipeline_task: operator 'HASH_GROUP_BY' (id=3) output batch 0 column count mismatch: got 13, expected 10
[2026-07-31 08:17:09.049] [warning] [gpu_pipeline_task.cpp:63] gpu_pipeline_task: operator 'HASH_GROUP_BY' (id=3) output batch 0 column count mismatch: got 13, expected 10
[2026-07-31 08:17:09.056] [warning] [gpu_pipeline_task.cpp:63] gpu_pipeline_task: operator 'HASH_GROUP_BY' (id=3) output batch 0 column count mismatch: got 13, expected 10
[2026-07-31 08:17:09.060] [warning] [gpu_pipeline_task.cpp:63] gpu_pipeline_task: operator 'HASH_GROUP_BY' (id=3) output batch 0 column count mismatch: got 13, expected 10
[2026-07-31 08:17:09.062] [warning] [gpu_pipeline_task.cpp:63] gpu_pipeline_task: operator 'HASH_GROUP_BY' (id=3) output batch 0 column count mismatch: got 13, expected 10
[2026-07-31 08:17:09.233] [warning] [gpu_pipeline_task.cpp:63] gpu_pipeline_task: operator 'HASH_GROUP_BY' (id=3) output batch 0 column count mismatch: got 13, expected 10
[2026-07-31 08:17:09.237] [warning] [gpu_pipeline_task.cpp:63] gpu_pipeline_task: operator 'HASH_GROUP_BY' (id=3) output batch 0 column count mismatch: got 13, expected 10
[2026-07-31 08:17:09.246] [warning] [gpu_pipeline_task.cpp:63] gpu_pipeline_task: operator 'HASH_GROUP_BY' (id=3) output batch 0 column count mismatch: got 13, expected 10
[2026-07-31 08:17:09.253] [warning] [gpu_pipeline_task.cpp:63] gpu_pipeline_task: operator 'HASH_GROUP_BY' (id=3) output batch 0 column count mismatch: got 13, expected 10
[2026-07-31 08:17:09.257] [warning] [gpu_pipeline_task.cpp:63] gpu_pipeline_task: operator 'HASH_GROUP_BY' (id=3) output batch 0 column count mismatch: got 13, expected 10
[2026-07-31 08:17:09.258] [warning] [gpu_pipeline_task.cpp:63] gpu_pipeline_task: operator 'HASH_GROUP_BY' (id=3) output batch 0 column count mismatch: got 13, expected 10
[2026-07-31 08:17:09.263] [warning] [gpu_pipeline_task.cpp:63] gpu_pipeline_task: operator 'HASH_GROUP_BY' (id=3) output batch 0 column count mismatch: got 13, expected 10
[2026-07-31 08:17:09.284] [warning] [gpu_pipeline_task.cpp:63] gpu_pipeline_task: operator 'HASH_GROUP_BY' (id=3) output batch 0 column count mismatch: got 13, expected 10
[2026-07-31 08:17:09.366] [warning] [gpu_pipeline_task.cpp:63] gpu_pipeline_task: operator 'HASH_GROUP_BY' (id=3) output batch 0 column count mismatch: got 13, expected 10
[2026-07-31 08:17:09.430] [warning] [gpu_pipeline_task.cpp:63] gpu_pipeline_task: operator 'HASH_GROUP_BY' (id=3) output batch 0 column count mismatch: got 13, expected 10
[2026-07-31 08:17:09.440] [warning] [gpu_pipeline_task.cpp:63] gpu_pipeline_task: operator 'HASH_GROUP_BY' (id=3) output batch 0 column count mismatch: got 13, expected 10
[2026-07-31 08:17:09.441] [warning] [gpu_pipeline_task.cpp:63] gpu_pipeline_task: operator 'HASH_GROUP_BY' (id=3) output batch 0 column count mismatch: got 13, expected 10
[2026-07-31 08:17:09.444] [warning] [gpu_pipeline_task.cpp:63] gpu_pipeline_task: operator 'HASH_GROUP_BY' (id=3) output batch 0 column count mismatch: got 13, expected 10
[2026-07-31 08:17:09.447] [warning] [gpu_pipeline_task.cpp:63] gpu_pipeline_task: operator 'HASH_GROUP_BY' (id=3) output batch 0 column count mismatch: got 13, expected 10
[2026-07-31 08:17:09.456] [warning] [gpu_pipeline_task.cpp:63] gpu_pipeline_task: operator 'HASH_GROUP_BY' (id=3) output batch 0 column count mismatch: got 13, expected 10
[2026-07-31 08:17:09.456] [warning] [gpu_pipeline_task.cpp:63] gpu_pipeline_task: operator 'HASH_GROUP_BY' (id=3) output batch 0 column count mismatch: got 13, expected 10
[2026-07-31 08:17:09.465] [warning] [gpu_pipeline_task.cpp:63] gpu_pipeline_task: operator 'HASH_GROUP_BY' (id=3) output batch 0 column count mismatch: got 13, expected 10
[2026-07-31 08:17:09.634] [warning] [gpu_pipeline_task.cpp:63] gpu_pipeline_task: operator 'HASH_GROUP_BY' (id=3) output batch 0 column count mismatch: got 13, expected 10
[2026-07-31 08:17:09.634] [warning] [gpu_pipeline_task.cpp:63] gpu_pipeline_task: operator 'HASH_GROUP_BY' (id=3) output batch 0 column count mismatch: got 13, expected 10
[2026-07-31 08:17:09.647] [warning] [gpu_pipeline_task.cpp:63] gpu_pipeline_task: operator 'HASH_GROUP_BY' (id=3) output batch 0 column count mismatch: got 13, expected 10
[2026-07-31 08:17:09.650] [warning] [gpu_pipeline_task.cpp:63] gpu_pipeline_task: operator 'HASH_GROUP_BY' (id=3) output batch 0 column count mismatch: got 13, expected 10
[2026-07-31 08:17:09.660] [warning] [gpu_pipeline_task.cpp:63] gpu_pipeline_task: operator 'HASH_GROUP_BY' (id=3) output batch 0 column count mismatch: got 13, expected 10
[2026-07-31 08:17:09.660] [warning] [gpu_pipeline_task.cpp:63] gpu_pipeline_task: operator 'HASH_GROUP_BY' (id=3) output batch 0 column count mismatch: got 13, expected 10
[2026-07-31 08:17:09.664] [warning] [gpu_pipeline_task.cpp:63] gpu_pipeline_task: operator 'HASH_GROUP_BY' (id=3) output batch 0 column count mismatch: got 13, expected 10
[2026-07-31 08:17:09.665] [warning] [gpu_pipeline_task.cpp:63] gpu_pipeline_task: operator 'HASH_GROUP_BY' (id=3) output batch 0 column count mismatch: got 13, expected 10
[2026-07-31 08:17:09.807] [warning] [gpu_pipeline_task.cpp:63] gpu_pipeline_task: operator 'HASH_GROUP_BY' (id=3) output batch 0 column count mismatch: got 13, expected 10
[2026-07-31 08:17:09.836] [warning] [gpu_pipeline_task.cpp:63] gpu_pipeline_task: operator 'HASH_GROUP_BY' (id=3) output batch 0 column count mismatch: got 13, expected 10
[2026-07-31 08:17:09.847] [warning] [gpu_pipeline_task.cpp:63] gpu_pipeline_task: operator 'HASH_GROUP_BY' (id=3) output batch 0 column count mismatch: got 13, expected 10
[2026-07-31 08:17:09.848] [warning] [gpu_pipeline_task.cpp:63] gpu_pipeline_task: operator 'HASH_GROUP_BY' (id=3) output batch 0 column count mismatch: got 13, expected 10
[2026-07-31 08:17:09.854] [warning] [gpu_pipeline_task.cpp:63] gpu_pipeline_task: operator 'HASH_GROUP_BY' (id=3) output batch 0 column count mismatch: got 13, expected 10
[2026-07-31 08:17:09.855] [warning] [gpu_pipeline_task.cpp:63] gpu_pipeline_task: operator 'HASH_GROUP_BY' (id=3) output batch 0 column count mismatch: got 13, expected 10
[2026-07-31 08:17:09.856] [warning] [gpu_pipeline_task.cpp:63] gpu_pipeline_task: operator 'HASH_GROUP_BY' (id=3) output batch 0 column count mismatch: got 13, expected 10
[2026-07-31 08:17:09.870] [warning] [gpu_pipeline_task.cpp:63] gpu_pipeline_task: operator 'HASH_GROUP_BY' (id=3) output batch 0 column count mismatch: got 13, expected 10
[2026-07-31 08:17:09.933] [warning] [gpu_pipeline_task.cpp:63] gpu_pipeline_task: operator 'HASH_GROUP_BY' (id=3) output batch 0 column count mismatch: got 13, expected 10
[2026-07-31 08:17:09.941] [warning] [gpu_pipeline_task.cpp:63] gpu_pipeline_task: operator 'HASH_GROUP_BY' (id=3) output batch 0 column count mismatch: got 13, expected 10
[2026-07-31 08:17:09.961] [warning] [gpu_pipeline_task.cpp:63] gpu_pipeline_task: operator 'HASH_GROUP_BY' (id=3) output batch 0 column count mismatch: got 13, expected 10
[2026-07-31 08:17:09.992] [warning] [gpu_pipeline_task.cpp:63] gpu_pipeline_task: operator 'HASH_GROUP_BY' (id=3) output batch 0 column count mismatch: got 13, expected 10
[2026-07-31 08:17:10.005] [warning] [gpu_pipeline_task.cpp:63] gpu_pipeline_task: operator 'HASH_GROUP_BY' (id=3) output batch 0 column count mismatch: got 13, expected 10
[2026-07-31 08:17:10.005] [warning] [gpu_pipeline_task.cpp:63] gpu_pipeline_task: operator 'HASH_GROUP_BY' (id=3) output batch 0 column count mismatch: got 13, expected 10
[2026-07-31 08:17:10.005] [warning] [gpu_pipeline_task.cpp:63] gpu_pipeline_task: operator 'HASH_GROUP_BY' (id=3) output batch 0 column count mismatch: got 13, expected 10
[2026-07-31 08:17:10.021] [warning] [gpu_pipeline_task.cpp:63] gpu_pipeline_task: operator 'HASH_GROUP_BY' (id=3) output batch 0 column count mismatch: got 13, expected 10
[2026-07-31 08:17:10.034] [warning] [gpu_pipeline_task.cpp:63] gpu_pipeline_task: operator 'HASH_GROUP_BY' (id=3) output batch 0 column count mismatch: got 13, expected 10
[2026-07-31 08:17:10.034] [warning] [gpu_pipeline_task.cpp:63] gpu_pipeline_task: operator 'HASH_GROUP_BY' (id=3) output batch 0 column count mismatch: got 13, expected 10
[2026-07-31 08:17:10.046] [warning] [gpu_pipeline_task.cpp:63] gpu_pipeline_task: operator 'HASH_GROUP_BY' (id=3) output batch 0 column count mismatch: got 13, expected 10
[2026-07-31 08:17:10.049] [warning] [gpu_pipeline_task.cpp:63] gpu_pipeline_task: operator 'HASH_GROUP_BY' (id=3) output batch 0 column count mismatch: got 13, expected 10
[2026-07-31 08:17:10.057] [warning] [gpu_pipeline_task.cpp:63] gpu_pipeline_task: operator 'HASH_GROUP_BY' (id=3) output batch 0 column count mismatch: got 13, expected 10
[2026-07-31 08:17:10.061] [warning] [gpu_pipeline_task.cpp:63] gpu_pipeline_task: operator 'HASH_GROUP_BY' (id=3) output batch 0 column count mismatch: got 13, expected 10
[2026-07-31 08:17:10.062] [warning] [gpu_pipeline_task.cpp:63] gpu_pipeline_task: operator 'PARTITION' (id=4) output batch 0 column count mismatch: got 13, expected 10
[2026-07-31 08:17:10.062] [warning] [gpu_pipeline_task.cpp:63] gpu_pipeline_task: operator 'PARTITION' (id=4) output batch 0 column count mismatch: got 13, expected 10
[2026-07-31 08:17:10.062] [warning] [gpu_pipeline_task.cpp:63] gpu_pipeline_task: operator 'PARTITION' (id=4) output batch 0 column count mismatch: got 13, expected 10
[2026-07-31 08:17:10.062] [warning] [gpu_pipeline_task.cpp:63] gpu_pipeline_task: operator 'PARTITION' (id=4) output batch 0 column count mismatch: got 13, expected 10
[2026-07-31 08:17:10.062] [warning] [gpu_pipeline_task.cpp:63] gpu_pipeline_task: operator 'PARTITION' (id=4) output batch 0 column count mismatch: got 13, expected 10
[2026-07-31 08:17:10.062] [warning] [gpu_pipeline_task.cpp:63] gpu_pipeline_task: operator 'PARTITION' (id=4) output batch 0 column count mismatch: got 13, expected 10
[2026-07-31 08:17:10.062] [warning] [gpu_pipeline_task.cpp:63] gpu_pipeline_task: operator 'PARTITION' (id=4) output batch 0 column count mismatch: got 13, expected 10
[2026-07-31 08:17:10.062] [warning] [gpu_pipeline_task.cpp:63] gpu_pipeline_task: operator 'PARTITION' (id=4) output batch 0 column count mismatch: got 13, expected 10
[2026-07-31 08:17:10.062] [warning] [gpu_pipeline_task.cpp:63] gpu_pipeline_task: operator 'PARTITION' (id=4) output batch 0 column count mismatch: got 13, expected 10
[2026-07-31 08:17:10.062] [warning] [gpu_pipeline_task.cpp:63] gpu_pipeline_task: operator 'PARTITION' (id=4) output batch 0 column count mismatch: got 13, expected 10
[2026-07-31 08:17:10.062] [warning] [gpu_pipeline_task.cpp:63] gpu_pipeline_task: operator 'PARTITION' (id=4) output batch 0 column count mismatch: got 13, expected 10
[2026-07-31 08:17:10.062] [warning] [gpu_pipeline_task.cpp:63] gpu_pipeline_task: operator 'PARTITION' (id=4) output batch 0 column count mismatch: got 13, expected 10
[2026-07-31 08:17:10.062] [warning] [gpu_pipeline_task.cpp:63] gpu_pipeline_task: operator 'PARTITION' (id=4) output batch 0 column count mismatch: got 13, expected 10
[2026-07-31 08:17:10.062] [warning] [gpu_pipeline_task.cpp:63] gpu_pipeline_task: operator 'PARTITION' (id=4) output batch 0 column count mismatch: got 13, expected 10
[2026-07-31 08:17:10.062] [warning] [gpu_pipeline_task.cpp:63] gpu_pipeline_task: operator 'PARTITION' (id=4) output batch 0 column count mismatch: got 13, expected 10
[2026-07-31 08:17:10.062] [warning] [gpu_pipeline_task.cpp:63] gpu_pipeline_task: operator 'PARTITION' (id=4) output batch 0 column count mismatch: got 13, expected 10
[2026-07-31 08:17:10.062] [warning] [gpu_pipeline_task.cpp:63] gpu_pipeline_task: operator 'PARTITION' (id=4) output batch 0 column count mismatch: got 13, expected 10
[2026-07-31 08:17:10.062] [warning] [gpu_pipeline_task.cpp:63] gpu_pipeline_task: operator 'PARTITION' (id=4) output batch 0 column count mismatch: got 13, expected 10
[2026-07-31 08:17:10.062] [warning] [gpu_pipeline_task.cpp:63] gpu_pipeline_task: operator 'PARTITION' (id=4) output batch 0 column count mismatch: got 13, expected 10
[2026-07-31 08:17:10.062] [warning] [gpu_pipeline_task.cpp:63] gpu_pipeline_task: operator 'PARTITION' (id=4) output batch 0 column count mismatch: got 13, expected 10
[2026-07-31 08:17:10.062] [warning] [gpu_pipeline_task.cpp:63] gpu_pipeline_task: operator 'PARTITION' (id=4) output batch 0 column count mismatch: got 13, expected 10
[2026-07-31 08:17:10.062] [warning] [gpu_pipeline_task.cpp:63] gpu_pipeline_task: operator 'PARTITION' (id=4) output batch 0 column count mismatch: got 13, expected 10
[2026-07-31 08:17:10.062] [warning] [gpu_pipeline_task.cpp:63] gpu_pipeline_task: operator 'PARTITION' (id=4) output batch 0 column count mismatch: got 13, expected 10
[2026-07-31 08:17:10.062] [warning] [gpu_pipeline_task.cpp:63] gpu_pipeline_task: operator 'PARTITION' (id=4) output batch 0 column count mismatch: got 13, expected 10
[2026-07-31 08:17:10.062] [warning] [gpu_pipeline_task.cpp:63] gpu_pipeline_task: operator 'PARTITION' (id=4) output batch 0 column count mismatch: got 13, expected 10
[2026-07-31 08:17:10.062] [warning] [gpu_pipeline_task.cpp:63] gpu_pipeline_task: operator 'PARTITION' (id=4) output batch 0 column count mismatch: got 13, expected 10
[2026-07-31 08:17:10.062] [warning] [gpu_pipeline_task.cpp:63] gpu_pipeline_task: operator 'PARTITION' (id=4) output batch 0 column count mismatch: got 13, expected 10
[2026-07-31 08:17:10.062] [warning] [gpu_pipeline_task.cpp:63] gpu_pipeline_task: operator 'PARTITION' (id=4) output batch 0 column count mismatch: got 13, expected 10
[2026-07-31 08:17:10.062] [warning] [gpu_pipeline_task.cpp:63] gpu_pipeline_task: operator 'PARTITION' (id=4) output batch 0 column count mismatch: got 13, expected 10
[2026-07-31 08:17:10.062] [warning] [gpu_pipeline_task.cpp:63] gpu_pipeline_task: operator 'PARTITION' (id=4) output batch 0 column count mismatch: got 13, expected 10
[2026-07-31 08:17:10.062] [warning] [gpu_pipeline_task.cpp:63] gpu_pipeline_task: operator 'PARTITION' (id=4) output batch 0 column count mismatch: got 13, expected 10
[2026-07-31 08:17:10.062] [warning] [gpu_pipeline_task.cpp:63] gpu_pipeline_task: operator 'PARTITION' (id=4) output batch 0 column count mismatch: got 13, expected 10
[2026-07-31 08:17:10.062] [warning] [gpu_pipeline_task.cpp:63] gpu_pipeline_task: operator 'PARTITION' (id=4) output batch 0 column count mismatch: got 13, expected 10
[2026-07-31 08:17:10.062] [warning] [gpu_pipeline_task.cpp:63] gpu_pipeline_task: operator 'PARTITION' (id=4) output batch 0 column count mismatch: got 13, expected 10
[2026-07-31 08:17:10.062] [warning] [gpu_pipeline_task.cpp:63] gpu_pipeline_task: operator 'PARTITION' (id=4) output batch 0 column count mismatch: got 13, expected 10
[2026-07-31 08:17:10.062] [warning] [gpu_pipeline_task.cpp:63] gpu_pipeline_task: operator 'PARTITION' (id=4) output batch 0 column count mismatch: got 13, expected 10
[2026-07-31 08:17:10.062] [warning] [gpu_pipeline_task.cpp:63] gpu_pipeline_task: operator 'PARTITION' (id=4) output batch 0 column count mismatch: got 13, expected 10
[2026-07-31 08:17:10.062] [warning] [gpu_pipeline_task.cpp:63] gpu_pipeline_task: operator 'PARTITION' (id=4) output batch 0 column count mismatch: got 13, expected 10
[2026-07-31 08:17:10.062] [warning] [gpu_pipeline_task.cpp:63] gpu_pipeline_task: operator 'PARTITION' (id=4) output batch 0 column count mismatch: got 13, expected 10
[2026-07-31 08:17:10.062] [warning] [gpu_pipeline_task.cpp:63] gpu_pipeline_task: operator 'PARTITION' (id=4) output batch 0 column count mismatch: got 13, expected 10
[2026-07-31 08:17:10.062] [warning] [gpu_pipeline_task.cpp:63] gpu_pipeline_task: operator 'PARTITION' (id=4) output batch 0 column count mismatch: got 13, expected 10
[2026-07-31 08:17:10.062] [warning] [gpu_pipeline_task.cpp:63] gpu_pipeline_task: operator 'PARTITION' (id=4) output batch 0 column count mismatch: got 13, expected 10
[2026-07-31 08:17:10.062] [warning] [gpu_pipeline_task.cpp:63] gpu_pipeline_task: operator 'PARTITION' (id=4) output batch 0 column count mismatch: got 13, expected 10
[2026-07-31 08:17:10.062] [warning] [gpu_pipeline_task.cpp:63] gpu_pipeline_task: operator 'PARTITION' (id=4) output batch 0 column count mismatch: got 13, expected 10
[2026-07-31 08:17:10.062] [warning] [gpu_pipeline_task.cpp:63] gpu_pipeline_task: operator 'PARTITION' (id=4) output batch 0 column count mismatch: got 13, expected 10
[2026-07-31 08:17:10.062] [warning] [gpu_pipeline_task.cpp:63] gpu_pipeline_task: operator 'PARTITION' (id=4) output batch 0 column count mismatch: got 13, expected 10
[2026-07-31 08:17:10.062] [warning] [gpu_pipeline_task.cpp:63] gpu_pipeline_task: operator 'PARTITION' (id=4) output batch 0 column count mismatch: got 13, expected 10
[2026-07-31 08:17:10.062] [warning] [gpu_pipeline_task.cpp:63] gpu_pipeline_task: operator 'PARTITION' (id=4) output batch 0 column count mismatch: got 13, expected 10
[2026-07-31 08:17:10.062] [warning] [gpu_pipeline_task.cpp:63] gpu_pipeline_task: operator 'PARTITION' (id=4) output batch 0 column count mismatch: got 13, expected 10
[2026-07-31 08:17:10.062] [warning] [gpu_pipeline_task.cpp:63] gpu_pipeline_task: operator 'PARTITION' (id=4) output batch 0 column count mismatch: got 13, expected 10
[2026-07-31 08:17:10.062] [warning] [gpu_pipeline_task.cpp:63] gpu_pipeline_task: operator 'PARTITION' (id=4) output batch 0 column count mismatch: got 13, expected 10
[2026-07-31 08:17:10.062] [warning] [gpu_pipeline_task.cpp:63] gpu_pipeline_task: operator 'PARTITION' (id=4) output batch 0 column count mismatch: got 13, expected 10
[2026-07-31 08:17:10.062] [warning] [gpu_pipeline_task.cpp:63] gpu_pipeline_task: operator 'PARTITION' (id=4) output batch 0 column count mismatch: got 13, expected 10
[2026-07-31 08:17:10.062] [warning] [gpu_pipeline_task.cpp:63] gpu_pipeline_task: operator 'PARTITION' (id=4) output batch 0 column count mismatch: got 13, expected 10
[2026-07-31 08:17:10.062] [warning] [gpu_pipeline_task.cpp:63] gpu_pipeline_task: operator 'PARTITION' (id=4) output batch 0 column count mismatch: got 13, expected 10
[2026-07-31 08:17:10.062] [warning] [gpu_pipeline_task.cpp:63] gpu_pipeline_task: operator 'PARTITION' (id=4) output batch 0 column count mismatch: got 13, expected 10
[2026-07-31 08:17:10.062] [warning] [gpu_pipeline_task.cpp:63] gpu_pipeline_task: operator 'PARTITION' (id=4) output batch 0 column count mismatch: got 13, expected 10
[2026-07-31 08:17:10.086] [info] [gpu_pipeline_executor.cpp:129] GPU Pipeline Executor: task queue interrupted, stopping manager loop
[2026-07-31 08:17:10.086] [info] [sirius_context.cpp:300] QueryEnd
[2026-07-31 08:17:10.097] [info] [memory_prefetcher.cpp:65] [memory_prefetcher] stopping: prefetched 10 batches / 46875736970 bytes (stops: headroom=1 reservation=0, skips: lock=0 draining=82)
[2026-07-31 08:17:10.097] [info] [sirius_context.cpp:152] [host_pool] HOST:0 QueryEnd instance=0xc36148a50620 connection=1 window=3 query=5 allocated=301318799360 bytes peak=301385908224 bytes free_blocks=6
[2026-07-31 08:17:10.097] [info] [sirius_context.cpp:167] [gpu_pool] GPU:0 QueryEnd instance=0xc36148a50620 connection=1 window=3 query=5 allocated=0 bytes peak=156767166860 bytes reserved=0 bytes
[2026-07-31 08:17:10.097] [info] [sirius_context.cpp:416] [window] end instance=0xc36148a50620 connection=1 window=3 query=5 outcome=ok
[2026-07-31 08:17:10.097] [info] [physical_sirius_execution.cpp:329] Transparent GPU execution: query completed
[2026-07-31 08:17:10.124] [info] [sirius_context.cpp:225] QueryBegin: instance=0xc36148a50620 connection=1 query=6 SQL: SET gpu_execution = true;
[2026-07-31 08:17:10.126] [info] [sirius_context.cpp:225] QueryBegin: instance=0xc36148a50620 connection=1 query=7 SQL: select l_returnflag, l_linestatus, sum(l_quantity) as sum_qty, sum(l_extendedprice) as sum_base_price, sum(l_extendedprice * (1 - l_discount)) as sum_disc_price, sum(l_extendedprice * (1 - l_discount) * (1 + l_tax)) as sum_charge, avg(l_quantity) as avg_qty, avg(l_extendedprice) as avg_price, avg(l_discount) as avg_disc, count(*) as count_order from lineitem where l_shipdate <= date '1995-08-19' group by l_returnflag, l_linestatus order by l_returnflag, l_linestatus
[2026-07-31 08:17:10.134] [info] [sirius_context.cpp:1244] Transparent execution: Sirius physical plan generated successfully
[2026-07-31 08:17:10.134] [info] [sirius_context.cpp:1272] Transparent execution: physical plan replaced with GPU operator
[2026-07-31 08:17:10.134] [info] [physical_sirius_execution.cpp:155] Transparent GPU execution: executing query
[2026-07-31 08:17:10.134] [info] [sirius_context.cpp:416] [window] begin instance=0xc36148a50620 connection=1 window=4 query=7 outcome=-
[2026-07-31 08:17:10.134] [info] [sirius_context.cpp:152] [host_pool] HOST:0 QueryBegin instance=0xc36148a50620 connection=1 window=4 query=7 allocated=301318799360 bytes peak=301385908224 bytes free_blocks=6
[2026-07-31 08:17:10.134] [info] [sirius_context.cpp:167] [gpu_pool] GPU:0 QueryBegin instance=0xc36148a50620 connection=1 window=4 query=7 allocated=0 bytes peak=156767166860 bytes reserved=0 bytes
[2026-07-31 08:17:10.134] [info] [sirius_context.cpp:285] QueryBegin: transparent_execution
[2026-07-31 08:17:10.136] [info] [sirius_engine.cpp:265] Query Plan:
=== Pipeline Overview ===
Pipeline #0: GPU_SCAN (id=0) -> PROJECTION (id=1) -> PROJECTION (id=2) -> HASH_GROUP_BY (id=3)
  Output: -> PARTITION [port: default, barrier: FULL]
Pipeline #1: PARTITION (id=4)
  Input: <- Pipeline #0 [on: PARTITION (id=4), port: default, barrier: FULL]
  Dependencies: Pipeline #0
  Output: -> MERGE_GROUP_BY [port: default, barrier: FULL]
Pipeline #2: MERGE_GROUP_BY (id=5) -> ORDER_BY (id=6)
  Input: <- Pipeline #1 [on: MERGE_GROUP_BY (id=5), port: default, barrier: FULL]
  Dependencies: Pipeline #1
  Output: -> SORT_SAMPLE [port: default, barrier: PIPELINE]
Pipeline #3: SORT_SAMPLE (id=7) -> SORT_PARTITION (id=8)
  Input: <- Pipeline #2 [on: SORT_SAMPLE (id=7), port: default, barrier: PIPELINE]
  Dependencies: Pipeline #2
  Output: -> MERGE_SORT [port: default, barrier: FULL]
Pipeline #4: MERGE_SORT (id=9)
  Input: <- Pipeline #3 [on: MERGE_SORT (id=9), port: default, barrier: FULL]
  Dependencies: Pipeline #3
  Output: -> RESULT_COLLECTOR [port: default, barrier: FULL]
Pipeline #5: RESULT_COLLECTOR (id=10)
  Input: <- Pipeline #4 [on: RESULT_COLLECTOR (id=10), port: default, barrier: FULL]
  Dependencies: Pipeline #4

=== Query Plan DAG ===
┌──────────────────────────┐
│ Pipeline #5              │
│ RESULT_COLLECTOR (id=10) │
│ Input(#4): FULL          │
└────────────┬─────────────┘
             │              
┌──────────────────────────┐
│ Pipeline #4              │
│ MERGE_SORT (id=9)        │
│ Input(#3): FULL          │
└────────────┬─────────────┘
             │              
┌──────────────────────────┐
│ Pipeline #3              │
│ SORT_PARTITION (id=8)    │
│ SORT_SAMPLE (id=7)       │
│ Input(#2): PIPELINE      │
└────────────┬─────────────┘
             │              
┌──────────────────────────┐
│ Pipeline #2              │
│ ORDER_BY (id=6)          │
│ MERGE_GROUP_BY (id=5)    │
│ Input(#1): FULL          │
└────────────┬─────────────┘
             │              
┌──────────────────────────┐
│ Pipeline #1              │
│ PARTITION (id=4)         │
│ Input(#0): FULL          │
└────────────┬─────────────┘
             │              
┌──────────────────────────┐
│ Pipeline #0              │
│ HASH_GROUP_BY (id=3)     │
│ PROJECTION (id=2)        │
│ PROJECTION (id=1)        │
│ GPU_SCAN (id=0)          │
└──────────────────────────┘

[2026-07-31 08:17:10.136] [info] [sirius_engine.cpp:148] query 4 telemetry_query=019fb73fa7f873c3a3b25faeb2a5a89d
[2026-07-31 08:17:10.137] [info] [sirius_scan_manager.cpp:1494] [sirius_scan_manager] assigned pinned entry 'lineitem' to operator '0'
[2026-07-31 08:17:10.137] [info] [memory_prefetcher.cpp:52] [memory_prefetcher] started: 3 threads, 1 connectors, min_free_fraction=0.40
[2026-07-31 08:17:10.234] [warning] [gpu_pipeline_task.cpp:63] gpu_pipeline_task: operator 'HASH_GROUP_BY' (id=3) output batch 0 column count mismatch: got 13, expected 10
[2026-07-31 08:17:10.236] [warning] [gpu_pipeline_task.cpp:63] gpu_pipeline_task: operator 'HASH_GROUP_BY' (id=3) output batch 0 column count mismatch: got 13, expected 10
[2026-07-31 08:17:10.238] [warning] [gpu_pipeline_task.cpp:63] gpu_pipeline_task: operator 'HASH_GROUP_BY' (id=3) output batch 0 column count mismatch: got 13, expected 10
[2026-07-31 08:17:10.343] [warning] [gpu_pipeline_task.cpp:63] gpu_pipeline_task: operator 'HASH_GROUP_BY' (id=3) output batch 0 column count mismatch: got 13, expected 10
[2026-07-31 08:17:10.355] [warning] [gpu_pipeline_task.cpp:63] gpu_pipeline_task: operator 'HASH_GROUP_BY' (id=3) output batch 0 column count mismatch: got 13, expected 10
[2026-07-31 08:17:10.363] [warning] [gpu_pipeline_task.cpp:63] gpu_pipeline_task: operator 'HASH_GROUP_BY' (id=3) output batch 0 column count mismatch: got 13, expected 10
[2026-07-31 08:17:10.363] [warning] [gpu_pipeline_task.cpp:63] gpu_pipeline_task: operator 'HASH_GROUP_BY' (id=3) output batch 0 column count mismatch: got 13, expected 10
[2026-07-31 08:17:10.363] [warning] [gpu_pipeline_task.cpp:63] gpu_pipeline_task: operator 'HASH_GROUP_BY' (id=3) output batch 0 column count mismatch: got 13, expected 10
[2026-07-31 08:17:10.383] [warning] [gpu_pipeline_task.cpp:63] gpu_pipeline_task: operator 'HASH_GROUP_BY' (id=3) output batch 0 column count mismatch: got 13, expected 10
[2026-07-31 08:17:10.384] [warning] [gpu_pipeline_task.cpp:63] gpu_pipeline_task: operator 'HASH_GROUP_BY' (id=3) output batch 0 column count mismatch: got 13, expected 10
[2026-07-31 08:17:10.387] [warning] [gpu_pipeline_task.cpp:63] gpu_pipeline_task: operator 'HASH_GROUP_BY' (id=3) output batch 0 column count mismatch: got 13, expected 10
[2026-07-31 08:17:10.514] [warning] [gpu_pipeline_task.cpp:63] gpu_pipeline_task: operator 'HASH_GROUP_BY' (id=3) output batch 0 column count mismatch: got 13, expected 10
[2026-07-31 08:17:10.556] [warning] [gpu_pipeline_task.cpp:63] gpu_pipeline_task: operator 'HASH_GROUP_BY' (id=3) output batch 0 column count mismatch: got 13, expected 10
[2026-07-31 08:17:10.561] [warning] [gpu_pipeline_task.cpp:63] gpu_pipeline_task: operator 'HASH_GROUP_BY' (id=3) output batch 0 column count mismatch: got 13, expected 10
[2026-07-31 08:17:10.564] [warning] [gpu_pipeline_task.cpp:63] gpu_pipeline_task: operator 'HASH_GROUP_BY' (id=3) output batch 0 column count mismatch: got 13, expected 10
[2026-07-31 08:17:10.573] [warning] [gpu_pipeline_task.cpp:63] gpu_pipeline_task: operator 'HASH_GROUP_BY' (id=3) output batch 0 column count mismatch: got 13, expected 10
[2026-07-31 08:17:10.575] [warning] [gpu_pipeline_task.cpp:63] gpu_pipeline_task: operator 'HASH_GROUP_BY' (id=3) output batch 0 column count mismatch: got 13, expected 10
[2026-07-31 08:17:10.578] [warning] [gpu_pipeline_task.cpp:63] gpu_pipeline_task: operator 'HASH_GROUP_BY' (id=3) output batch 0 column count mismatch: got 13, expected 10
[2026-07-31 08:17:10.581] [warning] [gpu_pipeline_task.cpp:63] gpu_pipeline_task: operator 'HASH_GROUP_BY' (id=3) output batch 0 column count mismatch: got 13, expected 10
[2026-07-31 08:17:10.595] [warning] [gpu_pipeline_task.cpp:63] gpu_pipeline_task: operator 'HASH_GROUP_BY' (id=3) output batch 0 column count mismatch: got 13, expected 10
[2026-07-31 08:17:10.727] [warning] [gpu_pipeline_task.cpp:63] gpu_pipeline_task: operator 'HASH_GROUP_BY' (id=3) output batch 0 column count mismatch: got 13, expected 10
[2026-07-31 08:17:10.755] [warning] [gpu_pipeline_task.cpp:63] gpu_pipeline_task: operator 'HASH_GROUP_BY' (id=3) output batch 0 column count mismatch: got 13, expected 10
[2026-07-31 08:17:10.763] [warning] [gpu_pipeline_task.cpp:63] gpu_pipeline_task: operator 'HASH_GROUP_BY' (id=3) output batch 0 column count mismatch: got 13, expected 10
[2026-07-31 08:17:10.765] [warning] [gpu_pipeline_task.cpp:63] gpu_pipeline_task: operator 'HASH_GROUP_BY' (id=3) output batch 0 column count mismatch: got 13, expected 10
[2026-07-31 08:17:10.768] [warning] [gpu_pipeline_task.cpp:63] gpu_pipeline_task: operator 'HASH_GROUP_BY' (id=3) output batch 0 column count mismatch: got 13, expected 10
[2026-07-31 08:17:10.769] [warning] [gpu_pipeline_task.cpp:63] gpu_pipeline_task: operator 'HASH_GROUP_BY' (id=3) output batch 0 column count mismatch: got 13, expected 10
[2026-07-31 08:17:10.777] [warning] [gpu_pipeline_task.cpp:63] gpu_pipeline_task: operator 'HASH_GROUP_BY' (id=3) output batch 0 column count mismatch: got 13, expected 10
[2026-07-31 08:17:10.782] [warning] [gpu_pipeline_task.cpp:63] gpu_pipeline_task: operator 'HASH_GROUP_BY' (id=3) output batch 0 column count mismatch: got 13, expected 10
[2026-07-31 08:17:10.796] [warning] [gpu_pipeline_task.cpp:63] gpu_pipeline_task: operator 'HASH_GROUP_BY' (id=3) output batch 0 column count mismatch: got 13, expected 10
[2026-07-31 08:17:10.860] [warning] [gpu_pipeline_task.cpp:63] gpu_pipeline_task: operator 'HASH_GROUP_BY' (id=3) output batch 0 column count mismatch: got 13, expected 10
[2026-07-31 08:17:10.966] [warning] [gpu_pipeline_task.cpp:63] gpu_pipeline_task: operator 'HASH_GROUP_BY' (id=3) output batch 0 column count mismatch: got 13, expected 10
[2026-07-31 08:17:10.969] [warning] [gpu_pipeline_task.cpp:63] gpu_pipeline_task: operator 'HASH_GROUP_BY' (id=3) output batch 0 column count mismatch: got 13, expected 10
[2026-07-31 08:17:10.971] [warning] [gpu_pipeline_task.cpp:63] gpu_pipeline_task: operator 'HASH_GROUP_BY' (id=3) output batch 0 column count mismatch: got 13, expected 10
[2026-07-31 08:17:10.981] [warning] [gpu_pipeline_task.cpp:63] gpu_pipeline_task: operator 'HASH_GROUP_BY' (id=3) output batch 0 column count mismatch: got 13, expected 10
[2026-07-31 08:17:10.982] [warning] [gpu_pipeline_task.cpp:63] gpu_pipeline_task: operator 'HASH_GROUP_BY' (id=3) output batch 0 column count mismatch: got 13, expected 10
[2026-07-31 08:17:10.984] [warning] [gpu_pipeline_task.cpp:63] gpu_pipeline_task: operator 'HASH_GROUP_BY' (id=3) output batch 0 column count mismatch: got 13, expected 10
[2026-07-31 08:17:10.993] [warning] [gpu_pipeline_task.cpp:63] gpu_pipeline_task: operator 'HASH_GROUP_BY' (id=3) output batch 0 column count mismatch: got 13, expected 10
[2026-07-31 08:17:10.994] [warning] [gpu_pipeline_task.cpp:63] gpu_pipeline_task: operator 'HASH_GROUP_BY' (id=3) output batch 0 column count mismatch: got 13, expected 10
[2026-07-31 08:17:11.167] [warning] [gpu_pipeline_task.cpp:63] gpu_pipeline_task: operator 'HASH_GROUP_BY' (id=3) output batch 0 column count mismatch: got 13, expected 10
[2026-07-31 08:17:11.173] [warning] [gpu_pipeline_task.cpp:63] gpu_pipeline_task: operator 'HASH_GROUP_BY' (id=3) output batch 0 column count mismatch: got 13, expected 10
[2026-07-31 08:17:11.174] [warning] [gpu_pipeline_task.cpp:63] gpu_pipeline_task: operator 'HASH_GROUP_BY' (id=3) output batch 0 column count mismatch: got 13, expected 10
[2026-07-31 08:17:11.179] [warning] [gpu_pipeline_task.cpp:63] gpu_pipeline_task: operator 'HASH_GROUP_BY' (id=3) output batch 0 column count mismatch: got 13, expected 10
[2026-07-31 08:17:11.187] [warning] [gpu_pipeline_task.cpp:63] gpu_pipeline_task: operator 'HASH_GROUP_BY' (id=3) output batch 0 column count mismatch: got 13, expected 10
[2026-07-31 08:17:11.192] [warning] [gpu_pipeline_task.cpp:63] gpu_pipeline_task: operator 'HASH_GROUP_BY' (id=3) output batch 0 column count mismatch: got 13, expected 10
[2026-07-31 08:17:11.220] [warning] [gpu_pipeline_task.cpp:63] gpu_pipeline_task: operator 'HASH_GROUP_BY' (id=3) output batch 0 column count mismatch: got 13, expected 10
[2026-07-31 08:17:11.236] [warning] [gpu_pipeline_task.cpp:63] gpu_pipeline_task: operator 'HASH_GROUP_BY' (id=3) output batch 0 column count mismatch: got 13, expected 10
[2026-07-31 08:17:11.267] [warning] [gpu_pipeline_task.cpp:63] gpu_pipeline_task: operator 'HASH_GROUP_BY' (id=3) output batch 0 column count mismatch: got 13, expected 10
[2026-07-31 08:17:11.283] [warning] [gpu_pipeline_task.cpp:63] gpu_pipeline_task: operator 'HASH_GROUP_BY' (id=3) output batch 0 column count mismatch: got 13, expected 10
[2026-07-31 08:17:11.296] [warning] [gpu_pipeline_task.cpp:63] gpu_pipeline_task: operator 'HASH_GROUP_BY' (id=3) output batch 0 column count mismatch: got 13, expected 10
[2026-07-31 08:17:11.316] [warning] [gpu_pipeline_task.cpp:63] gpu_pipeline_task: operator 'HASH_GROUP_BY' (id=3) output batch 0 column count mismatch: got 13, expected 10
[2026-07-31 08:17:11.327] [warning] [gpu_pipeline_task.cpp:63] gpu_pipeline_task: operator 'HASH_GROUP_BY' (id=3) output batch 0 column count mismatch: got 13, expected 10
[2026-07-31 08:17:11.327] [warning] [gpu_pipeline_task.cpp:63] gpu_pipeline_task: operator 'HASH_GROUP_BY' (id=3) output batch 0 column count mismatch: got 13, expected 10
[2026-07-31 08:17:11.327] [warning] [gpu_pipeline_task.cpp:63] gpu_pipeline_task: operator 'HASH_GROUP_BY' (id=3) output batch 0 column count mismatch: got 13, expected 10
[2026-07-31 08:17:11.341] [warning] [gpu_pipeline_task.cpp:63] gpu_pipeline_task: operator 'HASH_GROUP_BY' (id=3) output batch 0 column count mismatch: got 13, expected 10
[2026-07-31 08:17:11.344] [warning] [gpu_pipeline_task.cpp:63] gpu_pipeline_task: operator 'HASH_GROUP_BY' (id=3) output batch 0 column count mismatch: got 13, expected 10
[2026-07-31 08:17:11.346] [warning] [gpu_pipeline_task.cpp:63] gpu_pipeline_task: operator 'HASH_GROUP_BY' (id=3) output batch 0 column count mismatch: got 13, expected 10
[2026-07-31 08:17:11.349] [warning] [gpu_pipeline_task.cpp:63] gpu_pipeline_task: operator 'HASH_GROUP_BY' (id=3) output batch 0 column count mismatch: got 13, expected 10
[2026-07-31 08:17:11.349] [warning] [gpu_pipeline_task.cpp:63] gpu_pipeline_task: operator 'PARTITION' (id=4) output batch 0 column count mismatch: got 13, expected 10
[2026-07-31 08:17:11.349] [warning] [gpu_pipeline_task.cpp:63] gpu_pipeline_task: operator 'PARTITION' (id=4) output batch 0 column count mismatch: got 13, expected 10
[2026-07-31 08:17:11.349] [warning] [gpu_pipeline_task.cpp:63] gpu_pipeline_task: operator 'PARTITION' (id=4) output batch 0 column count mismatch: got 13, expected 10
[2026-07-31 08:17:11.349] [warning] [gpu_pipeline_task.cpp:63] gpu_pipeline_task: operator 'PARTITION' (id=4) output batch 0 column count mismatch: got 13, expected 10
[2026-07-31 08:17:11.349] [warning] [gpu_pipeline_task.cpp:63] gpu_pipeline_task: operator 'PARTITION' (id=4) output batch 0 column count mismatch: got 13, expected 10
[2026-07-31 08:17:11.350] [warning] [gpu_pipeline_task.cpp:63] gpu_pipeline_task: operator 'PARTITION' (id=4) output batch 0 column count mismatch: got 13, expected 10
[2026-07-31 08:17:11.349] [warning] [gpu_pipeline_task.cpp:63] gpu_pipeline_task: operator 'PARTITION' (id=4) output batch 0 column count mismatch: got 13, expected 10
[2026-07-31 08:17:11.350] [warning] [gpu_pipeline_task.cpp:63] gpu_pipeline_task: operator 'PARTITION' (id=4) output batch 0 column count mismatch: got 13, expected 10
[2026-07-31 08:17:11.349] [warning] [gpu_pipeline_task.cpp:63] gpu_pipeline_task: operator 'PARTITION' (id=4) output batch 0 column count mismatch: got 13, expected 10
[2026-07-31 08:17:11.349] [warning] [gpu_pipeline_task.cpp:63] gpu_pipeline_task: operator 'PARTITION' (id=4) output batch 0 column count mismatch: got 13, expected 10
[2026-07-31 08:17:11.349] [warning] [gpu_pipeline_task.cpp:63] gpu_pipeline_task: operator 'PARTITION' (id=4) output batch 0 column count mismatch: got 13, expected 10
[2026-07-31 08:17:11.350] [warning] [gpu_pipeline_task.cpp:63] gpu_pipeline_task: operator 'PARTITION' (id=4) output batch 0 column count mismatch: got 13, expected 10
[2026-07-31 08:17:11.350] [warning] [gpu_pipeline_task.cpp:63] gpu_pipeline_task: operator 'PARTITION' (id=4) output batch 0 column count mismatch: got 13, expected 10
[2026-07-31 08:17:11.350] [warning] [gpu_pipeline_task.cpp:63] gpu_pipeline_task: operator 'PARTITION' (id=4) output batch 0 column count mismatch: got 13, expected 10
[2026-07-31 08:17:11.350] [warning] [gpu_pipeline_task.cpp:63] gpu_pipeline_task: operator 'PARTITION' (id=4) output batch 0 column count mismatch: got 13, expected 10
[2026-07-31 08:17:11.350] [warning] [gpu_pipeline_task.cpp:63] gpu_pipeline_task: operator 'PARTITION' (id=4) output batch 0 column count mismatch: got 13, expected 10
[2026-07-31 08:17:11.350] [warning] [gpu_pipeline_task.cpp:63] gpu_pipeline_task: operator 'PARTITION' (id=4) output batch 0 column count mismatch: got 13, expected 10
[2026-07-31 08:17:11.350] [warning] [gpu_pipeline_task.cpp:63] gpu_pipeline_task: operator 'PARTITION' (id=4) output batch 0 column count mismatch: got 13, expected 10
[2026-07-31 08:17:11.350] [warning] [gpu_pipeline_task.cpp:63] gpu_pipeline_task: operator 'PARTITION' (id=4) output batch 0 column count mismatch: got 13, expected 10
[2026-07-31 08:17:11.350] [warning] [gpu_pipeline_task.cpp:63] gpu_pipeline_task: operator 'PARTITION' (id=4) output batch 0 column count mismatch: got 13, expected 10
[2026-07-31 08:17:11.350] [warning] [gpu_pipeline_task.cpp:63] gpu_pipeline_task: operator 'PARTITION' (id=4) output batch 0 column count mismatch: got 13, expected 10
[2026-07-31 08:17:11.350] [warning] [gpu_pipeline_task.cpp:63] gpu_pipeline_task: operator 'PARTITION' (id=4) output batch 0 column count mismatch: got 13, expected 10
[2026-07-31 08:17:11.350] [warning] [gpu_pipeline_task.cpp:63] gpu_pipeline_task: operator 'PARTITION' (id=4) output batch 0 column count mismatch: got 13, expected 10
[2026-07-31 08:17:11.350] [warning] [gpu_pipeline_task.cpp:63] gpu_pipeline_task: operator 'PARTITION' (id=4) output batch 0 column count mismatch: got 13, expected 10
[2026-07-31 08:17:11.350] [warning] [gpu_pipeline_task.cpp:63] gpu_pipeline_task: operator 'PARTITION' (id=4) output batch 0 column count mismatch: got 13, expected 10
[2026-07-31 08:17:11.350] [warning] [gpu_pipeline_task.cpp:63] gpu_pipeline_task: operator 'PARTITION' (id=4) output batch 0 column count mismatch: got 13, expected 10
[2026-07-31 08:17:11.350] [warning] [gpu_pipeline_task.cpp:63] gpu_pipeline_task: operator 'PARTITION' (id=4) output batch 0 column count mismatch: got 13, expected 10
[2026-07-31 08:17:11.350] [warning] [gpu_pipeline_task.cpp:63] gpu_pipeline_task: operator 'PARTITION' (id=4) output batch 0 column count mismatch: got 13, expected 10
[2026-07-31 08:17:11.350] [warning] [gpu_pipeline_task.cpp:63] gpu_pipeline_task: operator 'PARTITION' (id=4) output batch 0 column count mismatch: got 13, expected 10
[2026-07-31 08:17:11.350] [warning] [gpu_pipeline_task.cpp:63] gpu_pipeline_task: operator 'PARTITION' (id=4) output batch 0 column count mismatch: got 13, expected 10
[2026-07-31 08:17:11.350] [warning] [gpu_pipeline_task.cpp:63] gpu_pipeline_task: operator 'PARTITION' (id=4) output batch 0 column count mismatch: got 13, expected 10
[2026-07-31 08:17:11.350] [warning] [gpu_pipeline_task.cpp:63] gpu_pipeline_task: operator 'PARTITION' (id=4) output batch 0 column count mismatch: got 13, expected 10
[2026-07-31 08:17:11.350] [warning] [gpu_pipeline_task.cpp:63] gpu_pipeline_task: operator 'PARTITION' (id=4) output batch 0 column count mismatch: got 13, expected 10
[2026-07-31 08:17:11.350] [warning] [gpu_pipeline_task.cpp:63] gpu_pipeline_task: operator 'PARTITION' (id=4) output batch 0 column count mismatch: got 13, expected 10
[2026-07-31 08:17:11.350] [warning] [gpu_pipeline_task.cpp:63] gpu_pipeline_task: operator 'PARTITION' (id=4) output batch 0 column count mismatch: got 13, expected 10
[2026-07-31 08:17:11.350] [warning] [gpu_pipeline_task.cpp:63] gpu_pipeline_task: operator 'PARTITION' (id=4) output batch 0 column count mismatch: got 13, expected 10
[2026-07-31 08:17:11.350] [warning] [gpu_pipeline_task.cpp:63] gpu_pipeline_task: operator 'PARTITION' (id=4) output batch 0 column count mismatch: got 13, expected 10
[2026-07-31 08:17:11.350] [warning] [gpu_pipeline_task.cpp:63] gpu_pipeline_task: operator 'PARTITION' (id=4) output batch 0 column count mismatch: got 13, expected 10
[2026-07-31 08:17:11.350] [warning] [gpu_pipeline_task.cpp:63] gpu_pipeline_task: operator 'PARTITION' (id=4) output batch 0 column count mismatch: got 13, expected 10
[2026-07-31 08:17:11.350] [warning] [gpu_pipeline_task.cpp:63] gpu_pipeline_task: operator 'PARTITION' (id=4) output batch 0 column count mismatch: got 13, expected 10
[2026-07-31 08:17:11.350] [warning] [gpu_pipeline_task.cpp:63] gpu_pipeline_task: operator 'PARTITION' (id=4) output batch 0 column count mismatch: got 13, expected 10
[2026-07-31 08:17:11.350] [warning] [gpu_pipeline_task.cpp:63] gpu_pipeline_task: operator 'PARTITION' (id=4) output batch 0 column count mismatch: got 13, expected 10
[2026-07-31 08:17:11.350] [warning] [gpu_pipeline_task.cpp:63] gpu_pipeline_task: operator 'PARTITION' (id=4) output batch 0 column count mismatch: got 13, expected 10
[2026-07-31 08:17:11.350] [warning] [gpu_pipeline_task.cpp:63] gpu_pipeline_task: operator 'PARTITION' (id=4) output batch 0 column count mismatch: got 13, expected 10
[2026-07-31 08:17:11.350] [warning] [gpu_pipeline_task.cpp:63] gpu_pipeline_task: operator 'PARTITION' (id=4) output batch 0 column count mismatch: got 13, expected 10
[2026-07-31 08:17:11.350] [warning] [gpu_pipeline_task.cpp:63] gpu_pipeline_task: operator 'PARTITION' (id=4) output batch 0 column count mismatch: got 13, expected 10
[2026-07-31 08:17:11.350] [warning] [gpu_pipeline_task.cpp:63] gpu_pipeline_task: operator 'PARTITION' (id=4) output batch 0 column count mismatch: got 13, expected 10
[2026-07-31 08:17:11.350] [warning] [gpu_pipeline_task.cpp:63] gpu_pipeline_task: operator 'PARTITION' (id=4) output batch 0 column count mismatch: got 13, expected 10
[2026-07-31 08:17:11.350] [warning] [gpu_pipeline_task.cpp:63] gpu_pipeline_task: operator 'PARTITION' (id=4) output batch 0 column count mismatch: got 13, expected 10
[2026-07-31 08:17:11.350] [warning] [gpu_pipeline_task.cpp:63] gpu_pipeline_task: operator 'PARTITION' (id=4) output batch 0 column count mismatch: got 13, expected 10
[2026-07-31 08:17:11.350] [warning] [gpu_pipeline_task.cpp:63] gpu_pipeline_task: operator 'PARTITION' (id=4) output batch 0 column count mismatch: got 13, expected 10
[2026-07-31 08:17:11.350] [warning] [gpu_pipeline_task.cpp:63] gpu_pipeline_task: operator 'PARTITION' (id=4) output batch 0 column count mismatch: got 13, expected 10
[2026-07-31 08:17:11.350] [warning] [gpu_pipeline_task.cpp:63] gpu_pipeline_task: operator 'PARTITION' (id=4) output batch 0 column count mismatch: got 13, expected 10
[2026-07-31 08:17:11.350] [warning] [gpu_pipeline_task.cpp:63] gpu_pipeline_task: operator 'PARTITION' (id=4) output batch 0 column count mismatch: got 13, expected 10
[2026-07-31 08:17:11.350] [warning] [gpu_pipeline_task.cpp:63] gpu_pipeline_task: operator 'PARTITION' (id=4) output batch 0 column count mismatch: got 13, expected 10
[2026-07-31 08:17:11.350] [warning] [gpu_pipeline_task.cpp:63] gpu_pipeline_task: operator 'PARTITION' (id=4) output batch 0 column count mismatch: got 13, expected 10
[2026-07-31 08:17:11.350] [warning] [gpu_pipeline_task.cpp:63] gpu_pipeline_task: operator 'PARTITION' (id=4) output batch 0 column count mismatch: got 13, expected 10
[2026-07-31 08:17:11.374] [info] [gpu_pipeline_executor.cpp:129] GPU Pipeline Executor: task queue interrupted, stopping manager loop
[2026-07-31 08:17:11.374] [info] [sirius_context.cpp:300] QueryEnd
[2026-07-31 08:17:11.386] [info] [memory_prefetcher.cpp:65] [memory_prefetcher] stopping: prefetched 11 batches / 51861732194 bytes (stops: headroom=1 reservation=0, skips: lock=0 draining=4)
[2026-07-31 08:17:11.386] [info] [sirius_context.cpp:152] [host_pool] HOST:0 QueryEnd instance=0xc36148a50620 connection=1 window=4 query=7 allocated=301318799360 bytes peak=301385908224 bytes free_blocks=6
[2026-07-31 08:17:11.386] [info] [sirius_context.cpp:167] [gpu_pool] GPU:0 QueryEnd instance=0xc36148a50620 connection=1 window=4 query=7 allocated=0 bytes peak=158976940357 bytes reserved=0 bytes
[2026-07-31 08:17:11.386] [info] [sirius_context.cpp:416] [window] end instance=0xc36148a50620 connection=1 window=4 query=7 outcome=ok
[2026-07-31 08:17:11.386] [info] [physical_sirius_execution.cpp:329] Transparent GPU execution: query completed
[2026-07-31 08:17:11.405] [info] [sirius_context.cpp:225] QueryBegin: instance=0xc36148a50620 connection=1 query=8 SQL: CALL unpin_table('lineitem')
[2026-07-31 08:17:11.406] [info] [sirius_context.cpp:225] QueryBegin: instance=0xc36148a50620 connection=1 query=9 SQL: CALL pin_table('/home/nvidia/tpch_parquet_sf1000/part/*.parquet', tier='host', name='part', cols=['p_partkey','p_mfgr','p_size','p_type'])
[2026-07-31 08:17:11.406] [info] [sirius_context.cpp:416] [window] begin instance=0xc36148a50620 connection=1 window=5 query=9 outcome=-
[2026-07-31 08:17:11.406] [info] [sirius_context.cpp:152] [host_pool] HOST:0 QueryBegin instance=0xc36148a50620 connection=1 window=5 query=9 allocated=17448304640 bytes peak=301385908224 bytes free_blocks=4236
[2026-07-31 08:17:11.406] [info] [sirius_context.cpp:167] [gpu_pool] GPU:0 QueryBegin instance=0xc36148a50620 connection=1 window=5 query=9 allocated=0 bytes peak=158976940357 bytes reserved=0 bytes
[2026-07-31 08:17:11.406] [info] [sirius_context.cpp:285] QueryBegin: pin_table
[2026-07-31 08:17:11.507] [info] [sirius_context.cpp:300] QueryEnd
[2026-07-31 08:17:11.517] [info] [sirius_context.cpp:152] [host_pool] HOST:0 QueryEnd instance=0xc36148a50620 connection=1 window=5 query=9 allocated=27783069696 bytes peak=301385908224 bytes free_blocks=4082
[2026-07-31 08:17:11.517] [info] [sirius_context.cpp:167] [gpu_pool] GPU:0 QueryEnd instance=0xc36148a50620 connection=1 window=5 query=9 allocated=0 bytes peak=158976940357 bytes reserved=0 bytes
[2026-07-31 08:17:11.517] [info] [sirius_context.cpp:416] [window] end instance=0xc36148a50620 connection=1 window=5 query=9 outcome=ok
[2026-07-31 08:17:11.517] [info] [sirius_context.cpp:225] QueryBegin: instance=0xc36148a50620 connection=1 query=10 SQL: CALL pin_table('/home/nvidia/tpch_parquet_sf1000/supplier/*.parquet', tier='host', name='supplier', cols=['s_suppkey','s_acctbal','s_name','s_address','s_phone','s_comment','s_nationkey'])
[2026-07-31 08:17:11.518] [info] [sirius_context.cpp:416] [window] begin instance=0xc36148a50620 connection=1 window=6 query=10 outcome=-
[2026-07-31 08:17:11.518] [info] [sirius_context.cpp:152] [host_pool] HOST:0 QueryBegin instance=0xc36148a50620 connection=1 window=6 query=10 allocated=27783069696 bytes peak=301385908224 bytes free_blocks=4082
[2026-07-31 08:17:11.518] [info] [sirius_context.cpp:167] [gpu_pool] GPU:0 QueryBegin instance=0xc36148a50620 connection=1 window=6 query=10 allocated=0 bytes peak=158976940357 bytes reserved=0 bytes
[2026-07-31 08:17:11.518] [info] [sirius_context.cpp:285] QueryBegin: pin_table
[2026-07-31 08:17:11.569] [info] [sirius_context.cpp:300] QueryEnd
[2026-07-31 08:17:11.578] [info] [sirius_context.cpp:152] [host_pool] HOST:0 QueryEnd instance=0xc36148a50620 connection=1 window=6 query=10 allocated=29326573568 bytes peak=301385908224 bytes free_blocks=4059
[2026-07-31 08:17:11.578] [info] [sirius_context.cpp:167] [gpu_pool] GPU:0 QueryEnd instance=0xc36148a50620 connection=1 window=6 query=10 allocated=0 bytes peak=158976940357 bytes reserved=0 bytes
[2026-07-31 08:17:11.578] [info] [sirius_context.cpp:416] [window] end instance=0xc36148a50620 connection=1 window=6 query=10 outcome=ok
[2026-07-31 08:17:11.578] [info] [sirius_context.cpp:225] QueryBegin: instance=0xc36148a50620 connection=1 query=11 SQL: CALL pin_table('/home/nvidia/tpch_parquet_sf1000/partsupp/*.parquet', tier='host', name='partsupp', cols=['ps_partkey','ps_suppkey','ps_supplycost'])
[2026-07-31 08:17:11.578] [info] [sirius_context.cpp:416] [window] begin instance=0xc36148a50620 connection=1 window=7 query=11 outcome=-
[2026-07-31 08:17:11.578] [info] [sirius_context.cpp:152] [host_pool] HOST:0 QueryBegin instance=0xc36148a50620 connection=1 window=7 query=11 allocated=29326573568 bytes peak=301385908224 bytes free_blocks=4059
[2026-07-31 08:17:11.578] [info] [sirius_context.cpp:167] [gpu_pool] GPU:0 QueryBegin instance=0xc36148a50620 connection=1 window=7 query=11 allocated=0 bytes peak=158976940357 bytes reserved=0 bytes
[2026-07-31 08:17:11.578] [info] [sirius_context.cpp:285] QueryBegin: pin_table
[2026-07-31 08:17:11.896] [info] [sirius_context.cpp:300] QueryEnd
[2026-07-31 08:17:11.900] [info] [sirius_context.cpp:152] [host_pool] HOST:0 QueryEnd instance=0xc36148a50620 connection=1 window=7 query=11 allocated=42547019776 bytes peak=301385908224 bytes free_blocks=3862
[2026-07-31 08:17:11.900] [info] [sirius_context.cpp:167] [gpu_pool] GPU:0 QueryEnd instance=0xc36148a50620 connection=1 window=7 query=11 allocated=0 bytes peak=158976940357 bytes reserved=0 bytes
[2026-07-31 08:17:11.900] [info] [sirius_context.cpp:416] [window] end instance=0xc36148a50620 connection=1 window=7 query=11 outcome=ok
[2026-07-31 08:17:11.900] [info] [sirius_context.cpp:225] QueryBegin: instance=0xc36148a50620 connection=1 query=12 SQL: CALL pin_table('/home/nvidia/tpch_parquet_sf1000/nation/*.parquet', tier='host', name='nation', cols=['n_nationkey','n_name','n_regionkey'])
[2026-07-31 08:17:11.901] [info] [sirius_context.cpp:416] [window] begin instance=0xc36148a50620 connection=1 window=8 query=12 outcome=-
[2026-07-31 08:17:11.901] [info] [sirius_context.cpp:152] [host_pool] HOST:0 QueryBegin instance=0xc36148a50620 connection=1 window=8 query=12 allocated=42547019776 bytes peak=301385908224 bytes free_blocks=3862
[2026-07-31 08:17:11.901] [info] [sirius_context.cpp:167] [gpu_pool] GPU:0 QueryBegin instance=0xc36148a50620 connection=1 window=8 query=12 allocated=0 bytes peak=158976940357 bytes reserved=0 bytes
[2026-07-31 08:17:11.901] [info] [sirius_context.cpp:285] QueryBegin: pin_table
[2026-07-31 08:17:11.903] [info] [sirius_context.cpp:300] QueryEnd
[2026-07-31 08:17:11.910] [info] [sirius_context.cpp:152] [host_pool] HOST:0 QueryEnd instance=0xc36148a50620 connection=1 window=8 query=12 allocated=42614128640 bytes peak=301385908224 bytes free_blocks=3861
[2026-07-31 08:17:11.910] [info] [sirius_context.cpp:167] [gpu_pool] GPU:0 QueryEnd instance=0xc36148a50620 connection=1 window=8 query=12 allocated=0 bytes peak=158976940357 bytes reserved=0 bytes
[2026-07-31 08:17:11.910] [info] [sirius_context.cpp:416] [window] end instance=0xc36148a50620 connection=1 window=8 query=12 outcome=ok
[2026-07-31 08:17:11.910] [info] [sirius_context.cpp:225] QueryBegin: instance=0xc36148a50620 connection=1 query=13 SQL: CALL pin_table('/home/nvidia/tpch_parquet_sf1000/region/*.parquet', tier='host', name='region', cols=['r_regionkey','r_name'])
[2026-07-31 08:17:11.910] [info] [sirius_context.cpp:416] [window] begin instance=0xc36148a50620 connection=1 window=9 query=13 outcome=-
[2026-07-31 08:17:11.910] [info] [sirius_context.cpp:152] [host_pool] HOST:0 QueryBegin instance=0xc36148a50620 connection=1 window=9 query=13 allocated=42614128640 bytes peak=301385908224 bytes free_blocks=3861
[2026-07-31 08:17:11.910] [info] [sirius_context.cpp:167] [gpu_pool] GPU:0 QueryBegin instance=0xc36148a50620 connection=1 window=9 query=13 allocated=0 bytes peak=158976940357 bytes reserved=0 bytes
[2026-07-31 08:17:11.910] [info] [sirius_context.cpp:285] QueryBegin: pin_table
[2026-07-31 08:17:11.913] [info] [sirius_context.cpp:300] QueryEnd
[2026-07-31 08:17:11.920] [info] [sirius_context.cpp:152] [host_pool] HOST:0 QueryEnd instance=0xc36148a50620 connection=1 window=9 query=13 allocated=42681237504 bytes peak=301385908224 bytes free_blocks=3860
[2026-07-31 08:17:11.920] [info] [sirius_context.cpp:167] [gpu_pool] GPU:0 QueryEnd instance=0xc36148a50620 connection=1 window=9 query=13 allocated=0 bytes peak=158976940357 bytes reserved=0 bytes
[2026-07-31 08:17:11.920] [info] [sirius_context.cpp:416] [window] end instance=0xc36148a50620 connection=1 window=9 query=13 outcome=ok
[2026-07-31 08:17:11.921] [info] [sirius_context.cpp:225] QueryBegin: instance=0xc36148a50620 connection=1 query=14 SQL: SET gpu_execution = true;
