[2026-07-31 08:18:11.984] [info] [sirius_context.cpp:225] QueryBegin: instance=0xc36148a50620 connection=1 query=156 SQL: select l.l_shipmode, sum(case when o.o_orderpriority = '1-URGENT' or o.o_orderpriority = '2-HIGH' then 1 else 0 end) as high_line_count, sum(case when o.o_orderpriority <> '1-URGENT' and o.o_orderpriority <> '2-HIGH' then 1 else 0 end) as low_line_count from orders o, lineitem l where o.o_orderkey = l.l_orderkey and l.l_shipmode in ('TRUCK', 'REG AIR') and l.l_commitdate < l.l_receiptdate and l.l_shipdate < l.l_commitdate and l.l_receiptdate >= date '1994-01-01' and l.l_receiptdate < date '1995-01-01' group by l.l_shipmode order by l.l_shipmode
[2026-07-31 08:18:11.995] [info] [sirius_plan_get.cpp:498] [sirius_plan_get] LogicalGet has dynamic_filters attached (channel key=0xc3614ed97880).
[2026-07-31 08:18:11.995] [info] [sirius_plan_comparison_join.cpp:608] [sirius_plan_comparison_join] Wired hash join with 1 dynamic-filter probe target(s) (build est 5999330220 rows).
[2026-07-31 08:18:11.995] [info] [sirius_context.cpp:1244] Transparent execution: Sirius physical plan generated successfully
[2026-07-31 08:18:11.995] [info] [sirius_context.cpp:1272] Transparent execution: physical plan replaced with GPU operator
[2026-07-31 08:18:11.995] [info] [physical_sirius_execution.cpp:155] Transparent GPU execution: executing query
[2026-07-31 08:18:11.995] [info] [sirius_context.cpp:416] [window] begin instance=0xc36148a50620 connection=1 window=79 query=156 outcome=-
[2026-07-31 08:18:11.995] [info] [sirius_context.cpp:152] [host_pool] HOST:0 QueryBegin instance=0xc36148a50620 connection=1 window=79 query=156 allocated=223942279168 bytes peak=305479548928 bytes free_blocks=1215
[2026-07-31 08:18:11.995] [info] [sirius_context.cpp:167] [gpu_pool] GPU:0 QueryBegin instance=0xc36148a50620 connection=1 window=79 query=156 allocated=0 bytes peak=203848467648 bytes reserved=0 bytes
[2026-07-31 08:18:11.995] [info] [sirius_context.cpp:285] QueryBegin: transparent_execution
[2026-07-31 08:18:11.998] [info] [sirius_plan_get.cpp:498] [sirius_plan_get] LogicalGet has dynamic_filters attached (channel key=0xc3614ed97880).
[2026-07-31 08:18:11.998] [info] [sirius_plan_comparison_join.cpp:608] [sirius_plan_comparison_join] Wired hash join with 1 dynamic-filter probe target(s) (build est 5999330220 rows).
[2026-07-31 08:18:11.999] [info] [sirius_engine.cpp:265] Query Plan:
=== Pipeline Overview ===
Pipeline #0: GPU_SCAN (id=0) -> FILTER (id=1)
  Output: -> PARTITION [port: default, barrier: FULL]
Pipeline #1: PARTITION (id=2)
  Input: <- Pipeline #0 [on: PARTITION (id=2), port: default, barrier: FULL]
  Dependencies: Pipeline #0
  Output: -> CONCAT [port: default, barrier: PARTIAL]
Pipeline #2: CONCAT (id=3)
  Input: <- Pipeline #1 [on: CONCAT (id=3), port: default, barrier: PARTIAL]
  Dependencies: Pipeline #1
  Output: -> HASH_JOIN [port: build, barrier: PARTIAL]
Pipeline #3: GPU_SCAN (id=4) -> DYNAMIC_FILTER (id=5)
  Output: -> PARTITION [port: default, barrier: PARTIAL]
Pipeline #4: PARTITION (id=6)
  Input: <- Pipeline #3 [on: PARTITION (id=6), port: default, barrier: PARTIAL]
  Dependencies: Pipeline #3
  Output: -> CONCAT [port: default, barrier: PARTIAL]
Pipeline #5: CONCAT (id=7)
  Input: <- Pipeline #4 [on: CONCAT (id=7), port: default, barrier: PARTIAL]
  Dependencies: Pipeline #4
  Output: -> HASH_JOIN [port: default, barrier: PARTIAL]
Pipeline #6: HASH_JOIN (id=8) -> PROJECTION (id=9) -> HASH_GROUP_BY (id=10)
  Input: <- Pipeline #2 [on: HASH_JOIN (id=8), port: build, barrier: PARTIAL]
  Input: <- Pipeline #5 [on: HASH_JOIN (id=8), port: default, barrier: PARTIAL]
  Dependencies: Pipeline #2, Pipeline #5
  Output: -> PARTITION [port: default, barrier: FULL]
Pipeline #7: PARTITION (id=11)
  Input: <- Pipeline #6 [on: PARTITION (id=11), port: default, barrier: FULL]
  Dependencies: Pipeline #6
  Output: -> MERGE_GROUP_BY [port: default, barrier: FULL]
Pipeline #8: MERGE_GROUP_BY (id=12) -> ORDER_BY (id=13)
  Input: <- Pipeline #7 [on: MERGE_GROUP_BY (id=12), port: default, barrier: FULL]
  Dependencies: Pipeline #7
  Output: -> SORT_SAMPLE [port: default, barrier: PIPELINE]
Pipeline #9: SORT_SAMPLE (id=14) -> SORT_PARTITION (id=15)
  Input: <- Pipeline #8 [on: SORT_SAMPLE (id=14), port: default, barrier: PIPELINE]
  Dependencies: Pipeline #8
  Output: -> MERGE_SORT [port: default, barrier: FULL]
Pipeline #10: MERGE_SORT (id=16)
  Input: <- Pipeline #9 [on: MERGE_SORT (id=16), port: default, barrier: FULL]
  Dependencies: Pipeline #9
  Output: -> RESULT_COLLECTOR [port: default, barrier: FULL]
Pipeline #11: RESULT_COLLECTOR (id=17)
  Input: <- Pipeline #10 [on: RESULT_COLLECTOR (id=17), port: default, barrier: FULL]
  Dependencies: Pipeline #10

=== Query Plan DAG ===
┌──────────────────────────┐                            
│ Pipeline #11             │                            
│ RESULT_COLLECTOR (id=17) │                            
│ Input(#10): FULL         │                            
└────────────┬─────────────┘                            
             │                                          
┌──────────────────────────┐                            
│ Pipeline #10             │                            
│ MERGE_SORT (id=16)       │                            
│ Input(#9): FULL          │                            
└────────────┬─────────────┘                            
             │                                          
┌──────────────────────────┐                            
│ Pipeline #9              │                            
│ SORT_PARTITION (id=15)   │                            
│ SORT_SAMPLE (id=14)      │                            
│ Input(#8): PIPELINE      │                            
└────────────┬─────────────┘                            
             │                                          
┌──────────────────────────┐                            
│ Pipeline #8              │                            
│ ORDER_BY (id=13)         │                            
│ MERGE_GROUP_BY (id=12)   │                            
│ Input(#7): FULL          │                            
└────────────┬─────────────┘                            
             │                                          
┌──────────────────────────┐                            
│ Pipeline #7              │                            
│ PARTITION (id=11)        │                            
│ Input(#6): FULL          │                            
└────────────┬─────────────┘                            
             │                                          
┌──────────────────────────┐                            
│ Pipeline #6              │                            
│ HASH_GROUP_BY (id=10)    │                            
│ PROJECTION (id=9)        │                            
│ HASH_JOIN (id=8)         │                            
│   type: INNER            │                            
│ Input(#2): PARTIAL       │                            
│ Input(#5): PARTIAL       │                            
└────────────┬─────────────┘                            
             ┌───────────────────────────┐              
             │                           │              
┌──────────────────────────┐┌──────────────────────────┐
│ Pipeline #2              ││ Pipeline #5              │
│ CONCAT (id=3)            ││ CONCAT (id=7)            │
│ Input(#1): PARTIAL       ││ Input(#4): PARTIAL       │
└────────────┬─────────────┘└────────────┬─────────────┘
             │                           │              
┌──────────────────────────┐┌──────────────────────────┐
│ Pipeline #1              ││ Pipeline #4              │
│ PARTITION (id=2)         ││ PARTITION (id=6)         │
│ Input(#0): FULL          ││ Input(#3): PARTIAL       │
└────────────┬─────────────┘└────────────┬─────────────┘
             │                           │              
┌──────────────────────────┐┌──────────────────────────┐
│ Pipeline #0              ││ Pipeline #3              │
│ FILTER (id=1)            ││ DYNAMIC_FILTER (id=5)    │
│ GPU_SCAN (id=0)          ││ GPU_SCAN (id=4)          │
└──────────────────────────┘└──────────────────────────┘

[2026-07-31 08:18:11.999] [info] [sirius_engine.cpp:148] query 79 telemetry_query=019fb740999f7870b278eacbc72d6d83
[2026-07-31 08:18:11.999] [info] [sirius_scan_manager.cpp:1494] [sirius_scan_manager] assigned pinned entry 'lineitem' to operator '0'
[2026-07-31 08:18:11.999] [info] [sirius_scan_manager.cpp:1494] [sirius_scan_manager] assigned pinned entry 'orders' to operator '4'
[2026-07-31 08:18:12.002] [info] [memory_prefetcher.cpp:52] [memory_prefetcher] started: 3 threads, 2 connectors, min_free_fraction=0.40
[2026-07-31 08:18:12.572] [info] [dynamic_filter_publisher.cpp:338] [sirius_physical_hash_join] Pushed 1 dynamic filter(s) across 1 active target(s) of 1 wired target(s) (31165956 build rows, 1 keys).
[2026-07-31 08:18:12.640] [info] [gpu_pipeline_executor.cpp:129] GPU Pipeline Executor: task queue interrupted, stopping manager loop
[2026-07-31 08:18:12.640] [info] [sirius_context.cpp:300] QueryEnd
[2026-07-31 08:18:12.647] [info] [memory_prefetcher.cpp:65] [memory_prefetcher] stopping: prefetched 13 batches / 59946629622 bytes (stops: headroom=19 reservation=0, skips: lock=0 draining=3)
[2026-07-31 08:18:12.647] [info] [sirius_context.cpp:152] [host_pool] HOST:0 QueryEnd instance=0xc36148a50620 connection=1 window=79 query=156 allocated=223942279168 bytes peak=305479548928 bytes free_blocks=1215
[2026-07-31 08:18:12.647] [info] [sirius_context.cpp:167] [gpu_pool] GPU:0 QueryEnd instance=0xc36148a50620 connection=1 window=79 query=156 allocated=0 bytes peak=203848467648 bytes reserved=0 bytes
[2026-07-31 08:18:12.647] [info] [sirius_context.cpp:416] [window] end instance=0xc36148a50620 connection=1 window=79 query=156 outcome=ok
[2026-07-31 08:18:12.647] [info] [physical_sirius_execution.cpp:329] Transparent GPU execution: query completed
[2026-07-31 08:18:12.649] [info] [sirius_context.cpp:225] QueryBegin: instance=0xc36148a50620 connection=1 query=157 SQL: SET gpu_execution = true;
[2026-07-31 08:18:12.650] [info] [sirius_context.cpp:225] QueryBegin: instance=0xc36148a50620 connection=1 query=158 SQL: select l.l_shipmode, sum(case when o.o_orderpriority = '1-URGENT' or o.o_orderpriority = '2-HIGH' then 1 else 0 end) as high_line_count, sum(case when o.o_orderpriority <> '1-URGENT' and o.o_orderpriority <> '2-HIGH' then 1 else 0 end) as low_line_count from orders o, lineitem l where o.o_orderkey = l.l_orderkey and l.l_shipmode in ('TRUCK', 'REG AIR') and l.l_commitdate < l.l_receiptdate and l.l_shipdate < l.l_commitdate and l.l_receiptdate >= date '1994-01-01' and l.l_receiptdate < date '1995-01-01' group by l.l_shipmode order by l.l_shipmode
[2026-07-31 08:18:12.662] [info] [sirius_plan_get.cpp:498] [sirius_plan_get] LogicalGet has dynamic_filters attached (channel key=0xc361559a4360).
[2026-07-31 08:18:12.662] [info] [sirius_plan_comparison_join.cpp:608] [sirius_plan_comparison_join] Wired hash join with 1 dynamic-filter probe target(s) (build est 5999330220 rows).
[2026-07-31 08:18:12.663] [info] [sirius_context.cpp:1244] Transparent execution: Sirius physical plan generated successfully
[2026-07-31 08:18:12.663] [info] [sirius_context.cpp:1272] Transparent execution: physical plan replaced with GPU operator
[2026-07-31 08:18:12.663] [info] [physical_sirius_execution.cpp:155] Transparent GPU execution: executing query
[2026-07-31 08:18:12.663] [info] [sirius_context.cpp:416] [window] begin instance=0xc36148a50620 connection=1 window=80 query=158 outcome=-
[2026-07-31 08:18:12.663] [info] [sirius_context.cpp:152] [host_pool] HOST:0 QueryBegin instance=0xc36148a50620 connection=1 window=80 query=158 allocated=223942279168 bytes peak=305479548928 bytes free_blocks=1215
[2026-07-31 08:18:12.663] [info] [sirius_context.cpp:167] [gpu_pool] GPU:0 QueryBegin instance=0xc36148a50620 connection=1 window=80 query=158 allocated=0 bytes peak=203848467648 bytes reserved=0 bytes
[2026-07-31 08:18:12.663] [info] [sirius_context.cpp:285] QueryBegin: transparent_execution
[2026-07-31 08:18:12.669] [info] [sirius_plan_get.cpp:498] [sirius_plan_get] LogicalGet has dynamic_filters attached (channel key=0xc361559a4360).
[2026-07-31 08:18:12.669] [info] [sirius_plan_comparison_join.cpp:608] [sirius_plan_comparison_join] Wired hash join with 1 dynamic-filter probe target(s) (build est 5999330220 rows).
[2026-07-31 08:18:12.669] [info] [sirius_engine.cpp:265] Query Plan:
=== Pipeline Overview ===
Pipeline #0: GPU_SCAN (id=0) -> FILTER (id=1)
  Output: -> PARTITION [port: default, barrier: FULL]
Pipeline #1: PARTITION (id=2)
  Input: <- Pipeline #0 [on: PARTITION (id=2), port: default, barrier: FULL]
  Dependencies: Pipeline #0
  Output: -> CONCAT [port: default, barrier: PARTIAL]
Pipeline #2: CONCAT (id=3)
  Input: <- Pipeline #1 [on: CONCAT (id=3), port: default, barrier: PARTIAL]
  Dependencies: Pipeline #1
  Output: -> HASH_JOIN [port: build, barrier: PARTIAL]
Pipeline #3: GPU_SCAN (id=4) -> DYNAMIC_FILTER (id=5)
  Output: -> PARTITION [port: default, barrier: PARTIAL]
Pipeline #4: PARTITION (id=6)
  Input: <- Pipeline #3 [on: PARTITION (id=6), port: default, barrier: PARTIAL]
  Dependencies: Pipeline #3
  Output: -> CONCAT [port: default, barrier: PARTIAL]
Pipeline #5: CONCAT (id=7)
  Input: <- Pipeline #4 [on: CONCAT (id=7), port: default, barrier: PARTIAL]
  Dependencies: Pipeline #4
  Output: -> HASH_JOIN [port: default, barrier: PARTIAL]
Pipeline #6: HASH_JOIN (id=8) -> PROJECTION (id=9) -> HASH_GROUP_BY (id=10)
  Input: <- Pipeline #2 [on: HASH_JOIN (id=8), port: build, barrier: PARTIAL]
  Input: <- Pipeline #5 [on: HASH_JOIN (id=8), port: default, barrier: PARTIAL]
  Dependencies: Pipeline #2, Pipeline #5
  Output: -> PARTITION [port: default, barrier: FULL]
Pipeline #7: PARTITION (id=11)
  Input: <- Pipeline #6 [on: PARTITION (id=11), port: default, barrier: FULL]
  Dependencies: Pipeline #6
  Output: -> MERGE_GROUP_BY [port: default, barrier: FULL]
Pipeline #8: MERGE_GROUP_BY (id=12) -> ORDER_BY (id=13)
  Input: <- Pipeline #7 [on: MERGE_GROUP_BY (id=12), port: default, barrier: FULL]
  Dependencies: Pipeline #7
  Output: -> SORT_SAMPLE [port: default, barrier: PIPELINE]
Pipeline #9: SORT_SAMPLE (id=14) -> SORT_PARTITION (id=15)
  Input: <- Pipeline #8 [on: SORT_SAMPLE (id=14), port: default, barrier: PIPELINE]
  Dependencies: Pipeline #8
  Output: -> MERGE_SORT [port: default, barrier: FULL]
Pipeline #10: MERGE_SORT (id=16)
  Input: <- Pipeline #9 [on: MERGE_SORT (id=16), port: default, barrier: FULL]
  Dependencies: Pipeline #9
  Output: -> RESULT_COLLECTOR [port: default, barrier: FULL]
Pipeline #11: RESULT_COLLECTOR (id=17)
  Input: <- Pipeline #10 [on: RESULT_COLLECTOR (id=17), port: default, barrier: FULL]
  Dependencies: Pipeline #10

=== Query Plan DAG ===
┌──────────────────────────┐                            
│ Pipeline #11             │                            
│ RESULT_COLLECTOR (id=17) │                            
│ Input(#10): FULL         │                            
└────────────┬─────────────┘                            
             │                                          
┌──────────────────────────┐                            
│ Pipeline #10             │                            
│ MERGE_SORT (id=16)       │                            
│ Input(#9): FULL          │                            
└────────────┬─────────────┘                            
             │                                          
┌──────────────────────────┐                            
│ Pipeline #9              │                            
│ SORT_PARTITION (id=15)   │                            
│ SORT_SAMPLE (id=14)      │                            
│ Input(#8): PIPELINE      │                            
└────────────┬─────────────┘                            
             │                                          
┌──────────────────────────┐                            
│ Pipeline #8              │                            
│ ORDER_BY (id=13)         │                            
│ MERGE_GROUP_BY (id=12)   │                            
│ Input(#7): FULL          │                            
└────────────┬─────────────┘                            
             │                                          
┌──────────────────────────┐                            
│ Pipeline #7              │                            
│ PARTITION (id=11)        │                            
│ Input(#6): FULL          │                            
└────────────┬─────────────┘                            
             │                                          
┌──────────────────────────┐                            
│ Pipeline #6              │                            
│ HASH_GROUP_BY (id=10)    │                            
│ PROJECTION (id=9)        │                            
│ HASH_JOIN (id=8)         │                            
│   type: INNER            │                            
│ Input(#2): PARTIAL       │                            
│ Input(#5): PARTIAL       │                            
└────────────┬─────────────┘                            
             ┌───────────────────────────┐              
             │                           │              
┌──────────────────────────┐┌──────────────────────────┐
│ Pipeline #2              ││ Pipeline #5              │
│ CONCAT (id=3)            ││ CONCAT (id=7)            │
│ Input(#1): PARTIAL       ││ Input(#4): PARTIAL       │
└────────────┬─────────────┘└────────────┬─────────────┘
             │                           │              
┌──────────────────────────┐┌──────────────────────────┐
│ Pipeline #1              ││ Pipeline #4              │
│ PARTITION (id=2)         ││ PARTITION (id=6)         │
│ Input(#0): FULL          ││ Input(#3): PARTIAL       │
└────────────┬─────────────┘└────────────┬─────────────┘
             │                           │              
┌──────────────────────────┐┌──────────────────────────┐
│ Pipeline #0              ││ Pipeline #3              │
│ FILTER (id=1)            ││ DYNAMIC_FILTER (id=5)    │
│ GPU_SCAN (id=0)          ││ GPU_SCAN (id=4)          │
└──────────────────────────┘└──────────────────────────┘

[2026-07-31 08:18:12.669] [info] [sirius_engine.cpp:148] query 80 telemetry_query=019fb7409c3d7643bbf2ea98697d4b7d
[2026-07-31 08:18:12.670] [info] [sirius_scan_manager.cpp:1494] [sirius_scan_manager] assigned pinned entry 'lineitem' to operator '0'
[2026-07-31 08:18:12.670] [info] [sirius_scan_manager.cpp:1494] [sirius_scan_manager] assigned pinned entry 'orders' to operator '4'
[2026-07-31 08:18:12.670] [info] [memory_prefetcher.cpp:52] [memory_prefetcher] started: 3 threads, 2 connectors, min_free_fraction=0.40
[2026-07-31 08:18:13.271] [info] [dynamic_filter_publisher.cpp:338] [sirius_physical_hash_join] Pushed 1 dynamic filter(s) across 1 active target(s) of 1 wired target(s) (31165956 build rows, 1 keys).
[2026-07-31 08:18:13.336] [info] [gpu_pipeline_executor.cpp:129] GPU Pipeline Executor: task queue interrupted, stopping manager loop
[2026-07-31 08:18:13.336] [info] [sirius_context.cpp:300] QueryEnd
[2026-07-31 08:18:13.348] [info] [memory_prefetcher.cpp:65] [memory_prefetcher] stopping: prefetched 13 batches / 59946629622 bytes (stops: headroom=19 reservation=0, skips: lock=0 draining=3)
[2026-07-31 08:18:13.348] [info] [sirius_context.cpp:152] [host_pool] HOST:0 QueryEnd instance=0xc36148a50620 connection=1 window=80 query=158 allocated=223942279168 bytes peak=305479548928 bytes free_blocks=1215
[2026-07-31 08:18:13.348] [info] [sirius_context.cpp:167] [gpu_pool] GPU:0 QueryEnd instance=0xc36148a50620 connection=1 window=80 query=158 allocated=0 bytes peak=203848467648 bytes reserved=0 bytes
[2026-07-31 08:18:13.348] [info] [sirius_context.cpp:416] [window] end instance=0xc36148a50620 connection=1 window=80 query=158 outcome=ok
[2026-07-31 08:18:13.348] [info] [physical_sirius_execution.cpp:329] Transparent GPU execution: query completed
[2026-07-31 08:18:13.364] [info] [sirius_context.cpp:225] QueryBegin: instance=0xc36148a50620 connection=1 query=159 SQL: SET gpu_execution = true;
[2026-07-31 08:18:13.365] [info] [sirius_context.cpp:225] QueryBegin: instance=0xc36148a50620 connection=1 query=160 SQL: select l.l_shipmode, sum(case when o.o_orderpriority = '1-URGENT' or o.o_orderpriority = '2-HIGH' then 1 else 0 end) as high_line_count, sum(case when o.o_orderpriority <> '1-URGENT' and o.o_orderpriority <> '2-HIGH' then 1 else 0 end) as low_line_count from orders o, lineitem l where o.o_orderkey = l.l_orderkey and l.l_shipmode in ('TRUCK', 'REG AIR') and l.l_commitdate < l.l_receiptdate and l.l_shipdate < l.l_commitdate and l.l_receiptdate >= date '1994-01-01' and l.l_receiptdate < date '1995-01-01' group by l.l_shipmode order by l.l_shipmode
[2026-07-31 08:18:13.375] [info] [sirius_plan_get.cpp:498] [sirius_plan_get] LogicalGet has dynamic_filters attached (channel key=0xc36155b16df0).
[2026-07-31 08:18:13.375] [info] [sirius_plan_comparison_join.cpp:608] [sirius_plan_comparison_join] Wired hash join with 1 dynamic-filter probe target(s) (build est 5999330220 rows).
[2026-07-31 08:18:13.375] [info] [sirius_context.cpp:1244] Transparent execution: Sirius physical plan generated successfully
[2026-07-31 08:18:13.375] [info] [sirius_context.cpp:1272] Transparent execution: physical plan replaced with GPU operator
[2026-07-31 08:18:13.376] [info] [physical_sirius_execution.cpp:155] Transparent GPU execution: executing query
[2026-07-31 08:18:13.376] [info] [sirius_context.cpp:416] [window] begin instance=0xc36148a50620 connection=1 window=81 query=160 outcome=-
[2026-07-31 08:18:13.376] [info] [sirius_context.cpp:152] [host_pool] HOST:0 QueryBegin instance=0xc36148a50620 connection=1 window=81 query=160 allocated=223942279168 bytes peak=305479548928 bytes free_blocks=1215
[2026-07-31 08:18:13.376] [info] [sirius_context.cpp:167] [gpu_pool] GPU:0 QueryBegin instance=0xc36148a50620 connection=1 window=81 query=160 allocated=0 bytes peak=203848467648 bytes reserved=0 bytes
[2026-07-31 08:18:13.376] [info] [sirius_context.cpp:285] QueryBegin: transparent_execution
[2026-07-31 08:18:13.379] [info] [sirius_plan_get.cpp:498] [sirius_plan_get] LogicalGet has dynamic_filters attached (channel key=0xc36155b16df0).
[2026-07-31 08:18:13.379] [info] [sirius_plan_comparison_join.cpp:608] [sirius_plan_comparison_join] Wired hash join with 1 dynamic-filter probe target(s) (build est 5999330220 rows).
[2026-07-31 08:18:13.379] [info] [sirius_engine.cpp:265] Query Plan:
=== Pipeline Overview ===
Pipeline #0: GPU_SCAN (id=0) -> FILTER (id=1)
  Output: -> PARTITION [port: default, barrier: FULL]
Pipeline #1: PARTITION (id=2)
  Input: <- Pipeline #0 [on: PARTITION (id=2), port: default, barrier: FULL]
  Dependencies: Pipeline #0
  Output: -> CONCAT [port: default, barrier: PARTIAL]
Pipeline #2: CONCAT (id=3)
  Input: <- Pipeline #1 [on: CONCAT (id=3), port: default, barrier: PARTIAL]
  Dependencies: Pipeline #1
  Output: -> HASH_JOIN [port: build, barrier: PARTIAL]
Pipeline #3: GPU_SCAN (id=4) -> DYNAMIC_FILTER (id=5)
  Output: -> PARTITION [port: default, barrier: PARTIAL]
Pipeline #4: PARTITION (id=6)
  Input: <- Pipeline #3 [on: PARTITION (id=6), port: default, barrier: PARTIAL]
  Dependencies: Pipeline #3
  Output: -> CONCAT [port: default, barrier: PARTIAL]
Pipeline #5: CONCAT (id=7)
  Input: <- Pipeline #4 [on: CONCAT (id=7), port: default, barrier: PARTIAL]
  Dependencies: Pipeline #4
  Output: -> HASH_JOIN [port: default, barrier: PARTIAL]
Pipeline #6: HASH_JOIN (id=8) -> PROJECTION (id=9) -> HASH_GROUP_BY (id=10)
  Input: <- Pipeline #2 [on: HASH_JOIN (id=8), port: build, barrier: PARTIAL]
  Input: <- Pipeline #5 [on: HASH_JOIN (id=8), port: default, barrier: PARTIAL]
  Dependencies: Pipeline #2, Pipeline #5
  Output: -> PARTITION [port: default, barrier: FULL]
Pipeline #7: PARTITION (id=11)
  Input: <- Pipeline #6 [on: PARTITION (id=11), port: default, barrier: FULL]
  Dependencies: Pipeline #6
  Output: -> MERGE_GROUP_BY [port: default, barrier: FULL]
Pipeline #8: MERGE_GROUP_BY (id=12) -> ORDER_BY (id=13)
  Input: <- Pipeline #7 [on: MERGE_GROUP_BY (id=12), port: default, barrier: FULL]
  Dependencies: Pipeline #7
  Output: -> SORT_SAMPLE [port: default, barrier: PIPELINE]
Pipeline #9: SORT_SAMPLE (id=14) -> SORT_PARTITION (id=15)
  Input: <- Pipeline #8 [on: SORT_SAMPLE (id=14), port: default, barrier: PIPELINE]
  Dependencies: Pipeline #8
  Output: -> MERGE_SORT [port: default, barrier: FULL]
Pipeline #10: MERGE_SORT (id=16)
  Input: <- Pipeline #9 [on: MERGE_SORT (id=16), port: default, barrier: FULL]
  Dependencies: Pipeline #9
  Output: -> RESULT_COLLECTOR [port: default, barrier: FULL]
Pipeline #11: RESULT_COLLECTOR (id=17)
  Input: <- Pipeline #10 [on: RESULT_COLLECTOR (id=17), port: default, barrier: FULL]
  Dependencies: Pipeline #10

=== Query Plan DAG ===
┌──────────────────────────┐                            
│ Pipeline #11             │                            
│ RESULT_COLLECTOR (id=17) │                            
│ Input(#10): FULL         │                            
└────────────┬─────────────┘                            
             │                                          
┌──────────────────────────┐                            
│ Pipeline #10             │                            
│ MERGE_SORT (id=16)       │                            
│ Input(#9): FULL          │                            
└────────────┬─────────────┘                            
             │                                          
┌──────────────────────────┐                            
│ Pipeline #9              │                            
│ SORT_PARTITION (id=15)   │                            
│ SORT_SAMPLE (id=14)      │                            
│ Input(#8): PIPELINE      │                            
└────────────┬─────────────┘                            
             │                                          
┌──────────────────────────┐                            
│ Pipeline #8              │                            
│ ORDER_BY (id=13)         │                            
│ MERGE_GROUP_BY (id=12)   │                            
│ Input(#7): FULL          │                            
└────────────┬─────────────┘                            
             │                                          
┌──────────────────────────┐                            
│ Pipeline #7              │                            
│ PARTITION (id=11)        │                            
│ Input(#6): FULL          │                            
└────────────┬─────────────┘                            
             │                                          
┌──────────────────────────┐                            
│ Pipeline #6              │                            
│ HASH_GROUP_BY (id=10)    │                            
│ PROJECTION (id=9)        │                            
│ HASH_JOIN (id=8)         │                            
│   type: INNER            │                            
│ Input(#2): PARTIAL       │                            
│ Input(#5): PARTIAL       │                            
└────────────┬─────────────┘                            
             ┌───────────────────────────┐              
             │                           │              
┌──────────────────────────┐┌──────────────────────────┐
│ Pipeline #2              ││ Pipeline #5              │
│ CONCAT (id=3)            ││ CONCAT (id=7)            │
│ Input(#1): PARTIAL       ││ Input(#4): PARTIAL       │
└────────────┬─────────────┘└────────────┬─────────────┘
             │                           │              
┌──────────────────────────┐┌──────────────────────────┐
│ Pipeline #1              ││ Pipeline #4              │
│ PARTITION (id=2)         ││ PARTITION (id=6)         │
│ Input(#0): FULL          ││ Input(#3): PARTIAL       │
└────────────┬─────────────┘└────────────┬─────────────┘
             │                           │              
┌──────────────────────────┐┌──────────────────────────┐
│ Pipeline #0              ││ Pipeline #3              │
│ FILTER (id=1)            ││ DYNAMIC_FILTER (id=5)    │
│ GPU_SCAN (id=0)          ││ GPU_SCAN (id=4)          │
└──────────────────────────┘└──────────────────────────┘

[2026-07-31 08:18:13.379] [info] [sirius_engine.cpp:148] query 81 telemetry_query=019fb7409f037a40b33bd461a7e40c9c
[2026-07-31 08:18:13.379] [info] [sirius_scan_manager.cpp:1494] [sirius_scan_manager] assigned pinned entry 'lineitem' to operator '0'
[2026-07-31 08:18:13.380] [info] [sirius_scan_manager.cpp:1494] [sirius_scan_manager] assigned pinned entry 'orders' to operator '4'
[2026-07-31 08:18:13.382] [info] [memory_prefetcher.cpp:52] [memory_prefetcher] started: 3 threads, 2 connectors, min_free_fraction=0.40
[2026-07-31 08:18:13.976] [info] [dynamic_filter_publisher.cpp:338] [sirius_physical_hash_join] Pushed 1 dynamic filter(s) across 1 active target(s) of 1 wired target(s) (31165956 build rows, 1 keys).
[2026-07-31 08:18:14.041] [info] [gpu_pipeline_executor.cpp:129] GPU Pipeline Executor: task queue interrupted, stopping manager loop
[2026-07-31 08:18:14.041] [info] [sirius_context.cpp:300] QueryEnd
[2026-07-31 08:18:14.053] [info] [memory_prefetcher.cpp:65] [memory_prefetcher] stopping: prefetched 13 batches / 59946629622 bytes (stops: headroom=16 reservation=0, skips: lock=0 draining=3)
[2026-07-31 08:18:14.053] [info] [sirius_context.cpp:152] [host_pool] HOST:0 QueryEnd instance=0xc36148a50620 connection=1 window=81 query=160 allocated=223942279168 bytes peak=305479548928 bytes free_blocks=1215
[2026-07-31 08:18:14.053] [info] [sirius_context.cpp:167] [gpu_pool] GPU:0 QueryEnd instance=0xc36148a50620 connection=1 window=81 query=160 allocated=0 bytes peak=203848467648 bytes reserved=0 bytes
[2026-07-31 08:18:14.053] [info] [sirius_context.cpp:416] [window] end instance=0xc36148a50620 connection=1 window=81 query=160 outcome=ok
[2026-07-31 08:18:14.053] [info] [physical_sirius_execution.cpp:329] Transparent GPU execution: query completed
[2026-07-31 08:18:14.068] [info] [sirius_context.cpp:225] QueryBegin: instance=0xc36148a50620 connection=1 query=161 SQL: CALL unpin_table('orders')
[2026-07-31 08:18:14.069] [info] [sirius_context.cpp:225] QueryBegin: instance=0xc36148a50620 connection=1 query=162 SQL: CALL unpin_table('lineitem')
[2026-07-31 08:18:14.070] [info] [sirius_context.cpp:225] QueryBegin: instance=0xc36148a50620 connection=1 query=163 SQL: CALL pin_table('/home/nvidia/tpch_parquet_sf1000/customer/*.parquet', tier='host', name='customer', cols=['c_custkey'])
[2026-07-31 08:18:14.070] [info] [sirius_context.cpp:416] [window] begin instance=0xc36148a50620 connection=1 window=82 query=163 outcome=-
[2026-07-31 08:18:14.070] [info] [sirius_context.cpp:152] [host_pool] HOST:0 QueryBegin instance=0xc36148a50620 connection=1 window=82 query=163 allocated=17515413504 bytes peak=305479548928 bytes free_blocks=4291
[2026-07-31 08:18:14.070] [info] [sirius_context.cpp:167] [gpu_pool] GPU:0 QueryBegin instance=0xc36148a50620 connection=1 window=82 query=163 allocated=0 bytes peak=203848467648 bytes reserved=0 bytes
[2026-07-31 08:18:14.070] [info] [sirius_context.cpp:285] QueryBegin: pin_table
[2026-07-31 08:18:14.082] [info] [sirius_context.cpp:300] QueryEnd
[2026-07-31 08:18:14.093] [info] [sirius_context.cpp:152] [host_pool] HOST:0 QueryEnd instance=0xc36148a50620 connection=1 window=82 query=163 allocated=18186502144 bytes peak=305479548928 bytes free_blocks=4281
[2026-07-31 08:18:14.093] [info] [sirius_context.cpp:167] [gpu_pool] GPU:0 QueryEnd instance=0xc36148a50620 connection=1 window=82 query=163 allocated=0 bytes peak=203848467648 bytes reserved=0 bytes
[2026-07-31 08:18:14.093] [info] [sirius_context.cpp:416] [window] end instance=0xc36148a50620 connection=1 window=82 query=163 outcome=ok
[2026-07-31 08:18:14.093] [info] [sirius_context.cpp:225] QueryBegin: instance=0xc36148a50620 connection=1 query=164 SQL: CALL pin_table('/home/nvidia/tpch_parquet_sf1000/orders/*.parquet', tier='host', name='orders', cols=['o_custkey','o_orderkey','o_comment'])
[2026-07-31 08:18:14.094] [info] [sirius_context.cpp:416] [window] begin instance=0xc36148a50620 connection=1 window=83 query=164 outcome=-
[2026-07-31 08:18:14.094] [info] [sirius_context.cpp:152] [host_pool] HOST:0 QueryBegin instance=0xc36148a50620 connection=1 window=83 query=164 allocated=18186502144 bytes peak=305479548928 bytes free_blocks=4281
[2026-07-31 08:18:14.094] [info] [sirius_context.cpp:167] [gpu_pool] GPU:0 QueryBegin instance=0xc36148a50620 connection=1 window=83 query=164 allocated=0 bytes peak=203848467648 bytes reserved=0 bytes
[2026-07-31 08:18:14.094] [info] [sirius_context.cpp:285] QueryBegin: pin_table
[2026-07-31 08:18:16.610] [info] [sirius_context.cpp:300] QueryEnd
[2026-07-31 08:18:16.619] [info] [sirius_context.cpp:152] [host_pool] HOST:0 QueryEnd instance=0xc36148a50620 connection=1 window=83 query=164 allocated=122406567936 bytes peak=305479548928 bytes free_blocks=2728
[2026-07-31 08:18:16.619] [info] [sirius_context.cpp:167] [gpu_pool] GPU:0 QueryEnd instance=0xc36148a50620 connection=1 window=83 query=164 allocated=0 bytes peak=203848467648 bytes reserved=0 bytes
[2026-07-31 08:18:16.619] [info] [sirius_context.cpp:416] [window] end instance=0xc36148a50620 connection=1 window=83 query=164 outcome=ok
[2026-07-31 08:18:16.620] [info] [sirius_context.cpp:225] QueryBegin: instance=0xc36148a50620 connection=1 query=165 SQL: SET gpu_execution = true;
